src/ai/AISystem.ts(95,47): error TS2554: Expected 2 arguments, but got 3.
src/ai/AISystem.ts(114,46): error TS2551: Property 'ENTITY_DAMAGED' does not exist on type '{ INPUT_MOVE: string; INPUT_INTENT: string; INPUT_ACTION: string; HERO_MOVE: string; HERO_ATTACK: string; HERO_HEALTH_CHANGE: string; HERO_STAMINA_CHANGE: string; HERO_HOME_STATE_CHANGE: string; ... 33 more ...; LOOT_DROPPED: string; }'. Did you mean 'ENEMY_DAMAGED'?
src/ai/AISystem.ts(115,46): error TS2339: Property 'ENTITY_DIED' does not exist on type '{ INPUT_MOVE: string; INPUT_INTENT: string; INPUT_ACTION: string; HERO_MOVE: string; HERO_ATTACK: string; HERO_HEALTH_CHANGE: string; HERO_STAMINA_CHANGE: string; HERO_HOME_STATE_CHANGE: string; ... 33 more ...; LOOT_DROPPED: string; }'.
src/ai/AISystem.ts(142,48): error TS2551: Property 'ENEMY_KILLED' does not exist on type '{ INPUT_MOVE: string; INPUT_INTENT: string; INPUT_ACTION: string; HERO_MOVE: string; HERO_ATTACK: string; HERO_HEALTH_CHANGE: string; HERO_STAMINA_CHANGE: string; HERO_HOME_STATE_CHANGE: string; ... 33 more ...; LOOT_DROPPED: string; }'. Did you mean 'ENEMY_DIED'?
src/ai/behaviors/enemies/EnemyAI.ts(54,69): error TS2339: Property 'hero' does not exist on type 'typeof Game'.
src/audio/AudioManager.ts(65,64): error TS2339: Property 'weatherType' does not exist on type 'typeof EnvironmentRenderer'.
src/audio/AudioManager.ts(66,66): error TS2339: Property 'weatherType' does not exist on type 'typeof EnvironmentRenderer'.
src/audio/AudioManager.ts(68,60): error TS2339: Property 'currentWeather' does not exist on type 'typeof WeatherSystem'.
src/audio/SFX_Dino_T1_01.ts(8,23): error TS2304: Cannot find name 'SFX'.
src/audio/SFX_Dino_T1_01.ts(11,29): error TS2304: Cannot find name 'SFX'.
src/audio/SFX_Dino_T1_01.ts(16,30): error TS2304: Cannot find name 'SFX'.
src/audio/SFX_Dino_T1_01.ts(18,51): error TS2304: Cannot find name 'SFX'.
src/audio/SFX_Dino_T1_01.ts(22,30): error TS2304: Cannot find name 'SFX'.
src/audio/SFX_Dino_T1_01.ts(28,23): error TS2304: Cannot find name 'SFX'.
src/audio/SFX_Dino_T1_01.ts(29,25): error TS2304: Cannot find name 'SFX'.
src/audio/SFX_Dino_T1_01.ts(34,26): error TS2304: Cannot find name 'SFX'.
src/audio/SFX_Dino_T1_01.ts(35,38): error TS2304: Cannot find name 'SFX'.
src/audio/SFX_Dino_T1_01.ts(39,26): error TS2304: Cannot find name 'SFX'.
src/audio/SFX_Dino_T1_01.ts(44,23): error TS2304: Cannot find name 'SFX'.
src/audio/SFX_Dino_T1_01.ts(47,29): error TS2304: Cannot find name 'SFX'.
src/audio/SFX_Dino_T1_01.ts(52,30): error TS2304: Cannot find name 'SFX'.
src/audio/SFX_Dino_T1_01.ts(53,42): error TS2304: Cannot find name 'SFX'.
src/audio/SFX_Dino_T1_01.ts(57,30): error TS2304: Cannot find name 'SFX'.
src/audio/SFX_Dino_T1_01.ts(63,13): error TS2304: Cannot find name 'SFX'.
src/audio/SFX_Dino_T1_01.ts(63,44): error TS2304: Cannot find name 'SFX'.
src/audio/SFX_Dino_T1_01.ts(64,13): error TS2304: Cannot find name 'SFX'.
src/audio/SFX_Dino_T1_01.ts(64,49): error TS2304: Cannot find name 'SFX'.
src/audio/SFX_Dino_T1_01.ts(67,23): error TS2304: Cannot find name 'SFX'.
src/audio/SFX_Dino_T1_01.ts(70,29): error TS2304: Cannot find name 'SFX'.
src/audio/SFX_Dino_T1_01.ts(74,30): error TS2304: Cannot find name 'SFX'.
src/audio/SFX_Dino_T1_01.ts(75,42): error TS2304: Cannot find name 'SFX'.
src/audio/SFX_Dino_T1_01.ts(79,30): error TS2304: Cannot find name 'SFX'.
src/audio/SFX_Dino_T1_01.ts(86,9): error TS2304: Cannot find name 'SFX'.
src/audio/SFX_Dino_T1_01.ts(87,9): error TS2304: Cannot find name 'SFX'.
src/audio/SFX_Dino_T1_02.ts(8,23): error TS2304: Cannot find name 'SFX'.
src/audio/SFX_Dino_T1_02.ts(10,29): error TS2304: Cannot find name 'SFX'.
src/audio/SFX_Dino_T1_02.ts(15,30): error TS2304: Cannot find name 'SFX'.
src/audio/SFX_Dino_T1_02.ts(17,51): error TS2304: Cannot find name 'SFX'.
src/audio/SFX_Dino_T1_02.ts(18,51): error TS2304: Cannot find name 'SFX'.
src/audio/SFX_Dino_T1_02.ts(22,30): error TS2304: Cannot find name 'SFX'.
src/audio/SFX_Dino_T1_02.ts(27,13): error TS2304: Cannot find name 'SFX'.
src/audio/SFX_Dino_T1_02.ts(27,45): error TS2304: Cannot find name 'SFX'.
src/audio/SFX_Dino_T1_02.ts(30,32): error TS2304: Cannot find name 'SFX'.
src/audio/SFX_Dino_T1_02.ts(35,33): error TS2304: Cannot find name 'SFX'.
src/audio/SFX_Dino_T1_02.ts(37,54): error TS2304: Cannot find name 'SFX'.
src/audio/SFX_Dino_T1_02.ts(41,33): error TS2304: Cannot find name 'SFX'.
src/audio/SFX_Dino_T1_02.ts(46,23): error TS2304: Cannot find name 'SFX'.
src/audio/SFX_Dino_T1_02.ts(47,13): error TS2304: Cannot find name 'SFX'.
src/audio/SFX_Dino_T1_02.ts(47,45): error TS2304: Cannot find name 'SFX'.
src/audio/SFX_Dino_T1_02.ts(48,25): error TS2304: Cannot find name 'SFX'.
src/audio/SFX_Dino_T1_02.ts(53,26): error TS2304: Cannot find name 'SFX'.
src/audio/SFX_Dino_T1_02.ts(54,38): error TS2304: Cannot find name 'SFX'.
src/audio/SFX_Dino_T1_02.ts(58,26): error TS2304: Cannot find name 'SFX'.
src/audio/SFX_Dino_T1_02.ts(63,23): error TS2304: Cannot find name 'SFX'.
src/audio/SFX_Dino_T1_02.ts(65,13): error TS2304: Cannot find name 'SFX'.
src/audio/SFX_Dino_T1_02.ts(65,42): error TS2304: Cannot find name 'SFX'.
src/audio/SFX_Dino_T1_02.ts(67,25): error TS2304: Cannot find name 'SFX'.
src/audio/SFX_Dino_T1_02.ts(73,25): error TS2304: Cannot find name 'SFX'.
src/audio/SFX_Dino_T1_02.ts(76,29): error TS2304: Cannot find name 'SFX'.
src/audio/SFX_Dino_T1_02.ts(81,26): error TS2304: Cannot find name 'SFX'.
src/audio/SFX_Dino_T1_02.ts(82,38): error TS2304: Cannot find name 'SFX'.
src/audio/SFX_Dino_T1_02.ts(83,47): error TS2304: Cannot find name 'SFX'.
src/audio/SFX_Dino_T1_02.ts(87,26): error TS2304: Cannot find name 'SFX'.
src/audio/SFX_Dino_T1_02.ts(94,13): error TS2304: Cannot find name 'SFX'.
src/audio/SFX_Dino_T1_02.ts(94,48): error TS2304: Cannot find name 'SFX'.
src/audio/SFX_Dino_T1_02.ts(95,13): error TS2304: Cannot find name 'SFX'.
src/audio/SFX_Dino_T1_02.ts(95,45): error TS2304: Cannot find name 'SFX'.
src/audio/SFX_Dino_T1_02.ts(98,13): error TS2304: Cannot find name 'SFX'.
src/audio/SFX_Dino_T1_02.ts(98,44): error TS2304: Cannot find name 'SFX'.
src/audio/SFX_Dino_T1_02.ts(99,13): error TS2304: Cannot find name 'SFX'.
src/audio/SFX_Dino_T1_02.ts(99,48): error TS2304: Cannot find name 'SFX'.
src/audio/SFX_Dino_T1_02.ts(103,9): error TS2304: Cannot find name 'SFX'.
src/audio/SFX_Dino_T1_02.ts(104,9): error TS2304: Cannot find name 'SFX'.
src/audio/SFX_Dino_T1_03.ts(8,23): error TS2304: Cannot find name 'SFX'.
src/audio/SFX_Dino_T1_03.ts(10,25): error TS2304: Cannot find name 'SFX'.
src/audio/SFX_Dino_T1_03.ts(17,26): error TS2304: Cannot find name 'SFX'.
src/audio/SFX_Dino_T1_03.ts(19,47): error TS2304: Cannot find name 'SFX'.
src/audio/SFX_Dino_T1_03.ts(20,47): error TS2304: Cannot find name 'SFX'.
src/audio/SFX_Dino_T1_03.ts(24,26): error TS2304: Cannot find name 'SFX'.
src/audio/SFX_Dino_T1_03.ts(29,13): error TS2304: Cannot find name 'SFX'.
src/audio/SFX_Dino_T1_03.ts(29,47): error TS2304: Cannot find name 'SFX'.
src/audio/SFX_Dino_T1_03.ts(32,23): error TS2304: Cannot find name 'SFX'.
src/audio/SFX_Dino_T1_03.ts(34,25): error TS2304: Cannot find name 'SFX'.
src/audio/SFX_Dino_T1_03.ts(39,25): error TS2304: Cannot find name 'SFX'.
src/audio/SFX_Dino_T1_03.ts(42,29): error TS2304: Cannot find name 'SFX'.
src/audio/SFX_Dino_T1_03.ts(47,26): error TS2304: Cannot find name 'SFX'.
src/audio/SFX_Dino_T1_03.ts(48,38): error TS2304: Cannot find name 'SFX'.
src/audio/SFX_Dino_T1_03.ts(52,26): error TS2304: Cannot find name 'SFX'.
src/audio/SFX_Dino_T1_03.ts(59,13): error TS2304: Cannot find name 'SFX'.
src/audio/SFX_Dino_T1_03.ts(59,44): error TS2304: Cannot find name 'SFX'.
src/audio/SFX_Dino_T1_03.ts(60,13): error TS2304: Cannot find name 'SFX'.
src/audio/SFX_Dino_T1_03.ts(60,46): error TS2304: Cannot find name 'SFX'.
src/audio/SFX_Dino_T1_03.ts(63,23): error TS2304: Cannot find name 'SFX'.
src/audio/SFX_Dino_T1_03.ts(66,21): error TS2304: Cannot find name 'SFX'.
src/audio/SFX_Dino_T1_03.ts(70,25): error TS2304: Cannot find name 'SFX'.
src/audio/SFX_Dino_T1_03.ts(79,9): error TS2304: Cannot find name 'SFX'.
src/audio/SFX_Dino_T1_03.ts(80,9): error TS2304: Cannot find name 'SFX'.
src/audio/SFX_Dino_T1_04.ts(8,23): error TS2304: Cannot find name 'SFX'.
src/audio/SFX_Dino_T1_04.ts(10,25): error TS2304: Cannot find name 'SFX'.
src/audio/SFX_Dino_T1_04.ts(16,26): error TS2304: Cannot find name 'SFX'.
src/audio/SFX_Dino_T1_04.ts(18,47): error TS2304: Cannot find name 'SFX'.
src/audio/SFX_Dino_T1_04.ts(22,26): error TS2304: Cannot find name 'SFX'.
src/audio/SFX_Dino_T1_04.ts(27,13): error TS2304: Cannot find name 'SFX'.
src/audio/SFX_Dino_T1_04.ts(27,49): error TS2304: Cannot find name 'SFX'.
src/audio/SFX_Dino_T1_04.ts(30,13): error TS2304: Cannot find name 'SFX'.
src/audio/SFX_Dino_T1_04.ts(30,48): error TS2304: Cannot find name 'SFX'.
src/audio/SFX_Dino_T1_04.ts(33,13): error TS2304: Cannot find name 'SFX'.
src/audio/SFX_Dino_T1_04.ts(33,44): error TS2304: Cannot find name 'SFX'.
src/audio/SFX_Dino_T1_04.ts(36,23): error TS2304: Cannot find name 'SFX'.
src/audio/SFX_Dino_T1_04.ts(39,29): error TS2304: Cannot find name 'SFX'.
src/audio/SFX_Dino_T1_04.ts(43,30): error TS2304: Cannot find name 'SFX'.
src/audio/SFX_Dino_T1_04.ts(44,42): error TS2304: Cannot find name 'SFX'.
src/audio/SFX_Dino_T1_04.ts(48,30): error TS2304: Cannot find name 'SFX'.
src/audio/SFX_Dino_T1_04.ts(55,9): error TS2304: Cannot find name 'SFX'.
src/audio/SFX_Dino_T1_04.ts(56,9): error TS2304: Cannot find name 'SFX'.
src/audio/SFX_Dino_T2_01.ts(8,23): error TS2304: Cannot find name 'SFX'.
src/audio/SFX_Dino_T2_01.ts(10,29): error TS2304: Cannot find name 'SFX'.
src/audio/SFX_Dino_T2_01.ts(15,30): error TS2304: Cannot find name 'SFX'.
src/audio/SFX_Dino_T2_01.ts(17,51): error TS2304: Cannot find name 'SFX'.
src/audio/SFX_Dino_T2_01.ts(21,30): error TS2304: Cannot find name 'SFX'.
src/audio/SFX_Dino_T2_01.ts(26,28): error TS2304: Cannot find name 'SFX'.
src/audio/SFX_Dino_T2_01.ts(31,29): error TS2304: Cannot find name 'SFX'.
src/audio/SFX_Dino_T2_01.ts(33,50): error TS2304: Cannot find name 'SFX'.
src/audio/SFX_Dino_T2_01.ts(37,29): error TS2304: Cannot find name 'SFX'.
src/audio/SFX_Dino_T2_01.ts(42,13): error TS2304: Cannot find name 'SFX'.
src/audio/SFX_Dino_T2_01.ts(42,44): error TS2304: Cannot find name 'SFX'.
src/audio/SFX_Dino_T2_01.ts(45,13): error TS2304: Cannot find name 'SFX'.
src/audio/SFX_Dino_T2_01.ts(45,49): error TS2304: Cannot find name 'SFX'.
src/audio/SFX_Dino_T2_01.ts(46,13): error TS2304: Cannot find name 'SFX'.
src/audio/SFX_Dino_T2_01.ts(46,45): error TS2304: Cannot find name 'SFX'.
src/audio/SFX_Dino_T2_01.ts(49,23): error TS2304: Cannot find name 'SFX'.
src/audio/SFX_Dino_T2_01.ts(50,13): error TS2304: Cannot find name 'SFX'.
src/audio/SFX_Dino_T2_01.ts(50,45): error TS2304: Cannot find name 'SFX'.
src/audio/SFX_Dino_T2_01.ts(52,25): error TS2304: Cannot find name 'SFX'.
src/audio/SFX_Dino_T2_01.ts(57,25): error TS2304: Cannot find name 'SFX'.
src/audio/SFX_Dino_T2_01.ts(60,29): error TS2304: Cannot find name 'SFX'.
src/audio/SFX_Dino_T2_01.ts(65,26): error TS2304: Cannot find name 'SFX'.
src/audio/SFX_Dino_T2_01.ts(66,38): error TS2304: Cannot find name 'SFX'.
src/audio/SFX_Dino_T2_01.ts(70,26): error TS2304: Cannot find name 'SFX'.
src/audio/SFX_Dino_T2_01.ts(77,13): error TS2304: Cannot find name 'SFX'.
src/audio/SFX_Dino_T2_01.ts(77,44): error TS2304: Cannot find name 'SFX'.
src/audio/SFX_Dino_T2_01.ts(78,13): error TS2304: Cannot find name 'SFX'.
src/audio/SFX_Dino_T2_01.ts(78,44): error TS2304: Cannot find name 'SFX'.
src/audio/SFX_Dino_T2_01.ts(81,13): error TS2304: Cannot find name 'SFX'.
src/audio/SFX_Dino_T2_01.ts(81,48): error TS2304: Cannot find name 'SFX'.
src/audio/SFX_Dino_T2_01.ts(85,9): error TS2304: Cannot find name 'SFX'.
src/audio/SFX_Dino_T2_01.ts(86,9): error TS2304: Cannot find name 'SFX'.
src/audio/SFX_Dino_T2_02.ts(8,23): error TS2304: Cannot find name 'SFX'.
src/audio/SFX_Dino_T2_02.ts(10,29): error TS2304: Cannot find name 'SFX'.
src/audio/SFX_Dino_T2_02.ts(15,30): error TS2304: Cannot find name 'SFX'.
src/audio/SFX_Dino_T2_02.ts(17,51): error TS2304: Cannot find name 'SFX'.
src/audio/SFX_Dino_T2_02.ts(21,30): error TS2304: Cannot find name 'SFX'.
src/audio/SFX_Dino_T2_02.ts(26,27): error TS2304: Cannot find name 'SFX'.
src/audio/SFX_Dino_T2_02.ts(31,31): error TS2304: Cannot find name 'SFX'.
src/audio/SFX_Dino_T2_02.ts(33,52): error TS2304: Cannot find name 'SFX'.
src/audio/SFX_Dino_T2_02.ts(37,31): error TS2304: Cannot find name 'SFX'.
src/audio/SFX_Dino_T2_02.ts(42,13): error TS2304: Cannot find name 'SFX'.
src/audio/SFX_Dino_T2_02.ts(42,43): error TS2304: Cannot find name 'SFX'.
src/audio/SFX_Dino_T2_02.ts(45,13): error TS2304: Cannot find name 'SFX'.
src/audio/SFX_Dino_T2_02.ts(45,48): error TS2304: Cannot find name 'SFX'.
src/audio/SFX_Dino_T2_02.ts(46,13): error TS2304: Cannot find name 'SFX'.
src/audio/SFX_Dino_T2_02.ts(46,44): error TS2304: Cannot find name 'SFX'.
src/audio/SFX_Dino_T2_02.ts(49,23): error TS2304: Cannot find name 'SFX'.
src/audio/SFX_Dino_T2_02.ts(50,13): error TS2304: Cannot find name 'SFX'.
src/audio/SFX_Dino_T2_02.ts(50,42): error TS2304: Cannot find name 'SFX'.
src/audio/SFX_Dino_T2_02.ts(52,25): error TS2304: Cannot find name 'SFX'.
src/audio/SFX_Dino_T2_02.ts(57,25): error TS2304: Cannot find name 'SFX'.
src/audio/SFX_Dino_T2_02.ts(60,29): error TS2304: Cannot find name 'SFX'.
src/audio/SFX_Dino_T2_02.ts(65,26): error TS2304: Cannot find name 'SFX'.
src/audio/SFX_Dino_T2_02.ts(66,38): error TS2304: Cannot find name 'SFX'.
src/audio/SFX_Dino_T2_02.ts(70,26): error TS2304: Cannot find name 'SFX'.
src/audio/SFX_Dino_T2_02.ts(77,13): error TS2304: Cannot find name 'SFX'.
src/audio/SFX_Dino_T2_02.ts(77,48): error TS2304: Cannot find name 'SFX'.
src/audio/SFX_Dino_T2_02.ts(78,13): error TS2304: Cannot find name 'SFX'.
src/audio/SFX_Dino_T2_02.ts(78,43): error TS2304: Cannot find name 'SFX'.
src/audio/SFX_Dino_T2_02.ts(81,13): error TS2304: Cannot find name 'SFX'.
src/audio/SFX_Dino_T2_02.ts(81,49): error TS2304: Cannot find name 'SFX'.
src/audio/SFX_Dino_T2_02.ts(85,9): error TS2304: Cannot find name 'SFX'.
src/audio/SFX_Dino_T2_02.ts(86,9): error TS2304: Cannot find name 'SFX'.
src/audio/SFX_Dino_T2_03.ts(8,23): error TS2304: Cannot find name 'SFX'.
src/audio/SFX_Dino_T2_03.ts(9,25): error TS2304: Cannot find name 'SFX'.
src/audio/SFX_Dino_T2_03.ts(14,26): error TS2304: Cannot find name 'SFX'.
src/audio/SFX_Dino_T2_03.ts(16,47): error TS2304: Cannot find name 'SFX'.
src/audio/SFX_Dino_T2_03.ts(20,26): error TS2304: Cannot find name 'SFX'.
src/audio/SFX_Dino_T2_03.ts(24,13): error TS2304: Cannot find name 'SFX'.
src/audio/SFX_Dino_T2_03.ts(24,44): error TS2304: Cannot find name 'SFX'.
src/audio/SFX_Dino_T2_03.ts(27,13): error TS2304: Cannot find name 'SFX'.
src/audio/SFX_Dino_T2_03.ts(27,49): error TS2304: Cannot find name 'SFX'.
src/audio/SFX_Dino_T2_03.ts(30,13): error TS2304: Cannot find name 'SFX'.
src/audio/SFX_Dino_T2_03.ts(30,44): error TS2304: Cannot find name 'SFX'.
src/audio/SFX_Dino_T2_03.ts(31,13): error TS2304: Cannot find name 'SFX'.
src/audio/SFX_Dino_T2_03.ts(31,48): error TS2304: Cannot find name 'SFX'.
src/audio/SFX_Dino_T2_03.ts(34,13): error TS2304: Cannot find name 'SFX'.
src/audio/SFX_Dino_T2_03.ts(34,44): error TS2304: Cannot find name 'SFX'.
src/audio/SFX_Dino_T2_03.ts(37,13): error TS2304: Cannot find name 'SFX'.
src/audio/SFX_Dino_T2_03.ts(37,49): error TS2304: Cannot find name 'SFX'.
src/audio/SFX_Dino_T2_03.ts(41,9): error TS2304: Cannot find name 'SFX'.
src/audio/SFX_Dino_T2_03.ts(42,9): error TS2304: Cannot find name 'SFX'.
src/audio/SFX_Dino_T2_04.ts(8,23): error TS2304: Cannot find name 'SFX'.
src/audio/SFX_Dino_T2_04.ts(10,25): error TS2304: Cannot find name 'SFX'.
src/audio/SFX_Dino_T2_04.ts(16,25): error TS2304: Cannot find name 'SFX'.
src/audio/SFX_Dino_T2_04.ts(18,29): error TS2304: Cannot find name 'SFX'.
src/audio/SFX_Dino_T2_04.ts(23,26): error TS2304: Cannot find name 'SFX'.
src/audio/SFX_Dino_T2_04.ts(25,47): error TS2304: Cannot find name 'SFX'.
src/audio/SFX_Dino_T2_04.ts(29,26): error TS2304: Cannot find name 'SFX'.
src/audio/SFX_Dino_T2_04.ts(35,13): error TS2304: Cannot find name 'SFX'.
src/audio/SFX_Dino_T2_04.ts(35,44): error TS2304: Cannot find name 'SFX'.
src/audio/SFX_Dino_T2_04.ts(38,13): error TS2304: Cannot find name 'SFX'.
src/audio/SFX_Dino_T2_04.ts(38,48): error TS2304: Cannot find name 'SFX'.
src/audio/SFX_Dino_T2_04.ts(41,13): error TS2304: Cannot find name 'SFX'.
src/audio/SFX_Dino_T2_04.ts(41,48): error TS2304: Cannot find name 'SFX'.
src/audio/SFX_Dino_T2_04.ts(44,13): error TS2304: Cannot find name 'SFX'.
src/audio/SFX_Dino_T2_04.ts(44,44): error TS2304: Cannot find name 'SFX'.
src/audio/SFX_Dino_T2_04.ts(45,13): error TS2304: Cannot find name 'SFX'.
src/audio/SFX_Dino_T2_04.ts(45,49): error TS2304: Cannot find name 'SFX'.
src/audio/SFX_Dino_T2_04.ts(48,13): error TS2304: Cannot find name 'SFX'.
src/audio/SFX_Dino_T2_04.ts(48,49): error TS2304: Cannot find name 'SFX'.
src/audio/SFX_Dino_T2_04.ts(52,9): error TS2304: Cannot find name 'SFX'.
src/audio/SFX_Dino_T2_04.ts(53,9): error TS2304: Cannot find name 'SFX'.
src/audio/SFX_Dino_T2_05.ts(8,13): error TS2304: Cannot find name 'SFX'.
src/audio/SFX_Dino_T2_05.ts(8,47): error TS2304: Cannot find name 'SFX'.
src/audio/SFX_Dino_T2_05.ts(11,13): error TS2304: Cannot find name 'SFX'.
src/audio/SFX_Dino_T2_05.ts(11,47): error TS2304: Cannot find name 'SFX'.
src/audio/SFX_Dino_T2_05.ts(14,13): error TS2304: Cannot find name 'SFX'.
src/audio/SFX_Dino_T2_05.ts(14,46): error TS2304: Cannot find name 'SFX'.
src/audio/SFX_Dino_T2_05.ts(17,13): error TS2304: Cannot find name 'SFX'.
src/audio/SFX_Dino_T2_05.ts(17,44): error TS2304: Cannot find name 'SFX'.
src/audio/SFX_Dino_T2_05.ts(20,13): error TS2304: Cannot find name 'SFX'.
src/audio/SFX_Dino_T2_05.ts(20,46): error TS2304: Cannot find name 'SFX'.
src/audio/SFX_Dino_T2_05.ts(24,9): error TS2304: Cannot find name 'SFX'.
src/audio/SFX_Dino_T2_05.ts(25,9): error TS2304: Cannot find name 'SFX'.
src/audio/SFX_Dino_T3_01.ts(8,23): error TS2304: Cannot find name 'SFX'.
src/audio/SFX_Dino_T3_01.ts(10,29): error TS2304: Cannot find name 'SFX'.
src/audio/SFX_Dino_T3_01.ts(15,30): error TS2304: Cannot find name 'SFX'.
src/audio/SFX_Dino_T3_01.ts(17,51): error TS2304: Cannot find name 'SFX'.
src/audio/SFX_Dino_T3_01.ts(21,30): error TS2304: Cannot find name 'SFX'.
src/audio/SFX_Dino_T3_01.ts(26,27): error TS2304: Cannot find name 'SFX'.
src/audio/SFX_Dino_T3_01.ts(31,31): error TS2304: Cannot find name 'SFX'.
src/audio/SFX_Dino_T3_01.ts(33,52): error TS2304: Cannot find name 'SFX'.
src/audio/SFX_Dino_T3_01.ts(37,31): error TS2304: Cannot find name 'SFX'.
src/audio/SFX_Dino_T3_01.ts(42,13): error TS2304: Cannot find name 'SFX'.
src/audio/SFX_Dino_T3_01.ts(42,43): error TS2304: Cannot find name 'SFX'.
src/audio/SFX_Dino_T3_01.ts(45,13): error TS2304: Cannot find name 'SFX'.
src/audio/SFX_Dino_T3_01.ts(45,48): error TS2304: Cannot find name 'SFX'.
src/audio/SFX_Dino_T3_01.ts(46,13): error TS2304: Cannot find name 'SFX'.
src/audio/SFX_Dino_T3_01.ts(46,44): error TS2304: Cannot find name 'SFX'.
src/audio/SFX_Dino_T3_01.ts(49,13): error TS2304: Cannot find name 'SFX'.
src/audio/SFX_Dino_T3_01.ts(49,44): error TS2304: Cannot find name 'SFX'.
src/audio/SFX_Dino_T3_01.ts(50,13): error TS2304: Cannot find name 'SFX'.
src/audio/SFX_Dino_T3_01.ts(50,48): error TS2304: Cannot find name 'SFX'.
src/audio/SFX_Dino_T3_01.ts(53,13): error TS2304: Cannot find name 'SFX'.
src/audio/SFX_Dino_T3_01.ts(53,44): error TS2304: Cannot find name 'SFX'.
src/audio/SFX_Dino_T3_01.ts(54,13): error TS2304: Cannot find name 'SFX'.
src/audio/SFX_Dino_T3_01.ts(54,43): error TS2304: Cannot find name 'SFX'.
src/audio/SFX_Dino_T3_01.ts(57,13): error TS2304: Cannot find name 'SFX'.
src/audio/SFX_Dino_T3_01.ts(57,49): error TS2304: Cannot find name 'SFX'.
src/audio/SFX_Dino_T3_01.ts(61,9): error TS2304: Cannot find name 'SFX'.
src/audio/SFX_Dino_T3_01.ts(62,9): error TS2304: Cannot find name 'SFX'.
src/audio/SFX_Dino_T3_02.ts(8,13): error TS2304: Cannot find name 'SFX'.
src/audio/SFX_Dino_T3_02.ts(8,43): error TS2304: Cannot find name 'SFX'.
src/audio/SFX_Dino_T3_02.ts(9,13): error TS2304: Cannot find name 'SFX'.
src/audio/SFX_Dino_T3_02.ts(9,48): error TS2304: Cannot find name 'SFX'.
src/audio/SFX_Dino_T3_02.ts(12,13): error TS2304: Cannot find name 'SFX'.
src/audio/SFX_Dino_T3_02.ts(12,44): error TS2304: Cannot find name 'SFX'.
src/audio/SFX_Dino_T3_02.ts(13,13): error TS2304: Cannot find name 'SFX'.
src/audio/SFX_Dino_T3_02.ts(13,49): error TS2304: Cannot find name 'SFX'.
src/audio/SFX_Dino_T3_02.ts(16,13): error TS2304: Cannot find name 'SFX'.
src/audio/SFX_Dino_T3_02.ts(16,42): error TS2304: Cannot find name 'SFX'.
src/audio/SFX_Dino_T3_02.ts(17,13): error TS2304: Cannot find name 'SFX'.
src/audio/SFX_Dino_T3_02.ts(17,48): error TS2304: Cannot find name 'SFX'.
src/audio/SFX_Dino_T3_02.ts(20,13): error TS2304: Cannot find name 'SFX'.
src/audio/SFX_Dino_T3_02.ts(20,44): error TS2304: Cannot find name 'SFX'.
src/audio/SFX_Dino_T3_02.ts(21,13): error TS2304: Cannot find name 'SFX'.
src/audio/SFX_Dino_T3_02.ts(21,48): error TS2304: Cannot find name 'SFX'.
src/audio/SFX_Dino_T3_02.ts(24,13): error TS2304: Cannot find name 'SFX'.
src/audio/SFX_Dino_T3_02.ts(24,44): error TS2304: Cannot find name 'SFX'.
src/audio/SFX_Dino_T3_02.ts(28,9): error TS2304: Cannot find name 'SFX'.
src/audio/SFX_Dino_T3_02.ts(29,9): error TS2304: Cannot find name 'SFX'.
src/audio/SFX_Dino_T3_03.ts(8,23): error TS2304: Cannot find name 'SFX'.
src/audio/SFX_Dino_T3_03.ts(9,25): error TS2304: Cannot find name 'SFX'.
src/audio/SFX_Dino_T3_03.ts(14,26): error TS2304: Cannot find name 'SFX'.
src/audio/SFX_Dino_T3_03.ts(16,47): error TS2304: Cannot find name 'SFX'.
src/audio/SFX_Dino_T3_03.ts(20,26): error TS2304: Cannot find name 'SFX'.
src/audio/SFX_Dino_T3_03.ts(25,13): error TS2304: Cannot find name 'SFX'.
src/audio/SFX_Dino_T3_03.ts(25,45): error TS2304: Cannot find name 'SFX'.
src/audio/SFX_Dino_T3_03.ts(29,13): error TS2304: Cannot find name 'SFX'.
src/audio/SFX_Dino_T3_03.ts(29,49): error TS2304: Cannot find name 'SFX'.
src/audio/SFX_Dino_T3_03.ts(30,13): error TS2304: Cannot find name 'SFX'.
src/audio/SFX_Dino_T3_03.ts(30,44): error TS2304: Cannot find name 'SFX'.
src/audio/SFX_Dino_T3_03.ts(33,13): error TS2304: Cannot find name 'SFX'.
src/audio/SFX_Dino_T3_03.ts(33,47): error TS2304: Cannot find name 'SFX'.
src/audio/SFX_Dino_T3_03.ts(34,13): error TS2304: Cannot find name 'SFX'.
src/audio/SFX_Dino_T3_03.ts(34,43): error TS2304: Cannot find name 'SFX'.
src/audio/SFX_Dino_T3_03.ts(37,13): error TS2304: Cannot find name 'SFX'.
src/audio/SFX_Dino_T3_03.ts(37,44): error TS2304: Cannot find name 'SFX'.
src/audio/SFX_Dino_T3_03.ts(40,13): error TS2304: Cannot find name 'SFX'.
src/audio/SFX_Dino_T3_03.ts(40,47): error TS2304: Cannot find name 'SFX'.
src/audio/SFX_Dino_T3_03.ts(44,9): error TS2304: Cannot find name 'SFX'.
src/audio/SFX_Dino_T3_03.ts(45,9): error TS2304: Cannot find name 'SFX'.
src/audio/SFX_Dino_T3_04.ts(8,23): error TS2304: Cannot find name 'SFX'.
src/audio/SFX_Dino_T3_04.ts(10,29): error TS2304: Cannot find name 'SFX'.
src/audio/SFX_Dino_T3_04.ts(15,30): error TS2304: Cannot find name 'SFX'.
src/audio/SFX_Dino_T3_04.ts(17,51): error TS2304: Cannot find name 'SFX'.
src/audio/SFX_Dino_T3_04.ts(21,30): error TS2304: Cannot find name 'SFX'.
src/audio/SFX_Dino_T3_04.ts(25,28): error TS2304: Cannot find name 'SFX'.
src/audio/SFX_Dino_T3_04.ts(30,29): error TS2304: Cannot find name 'SFX'.
src/audio/SFX_Dino_T3_04.ts(32,50): error TS2304: Cannot find name 'SFX'.
src/audio/SFX_Dino_T3_04.ts(36,29): error TS2304: Cannot find name 'SFX'.
src/audio/SFX_Dino_T3_04.ts(40,13): error TS2304: Cannot find name 'SFX'.
src/audio/SFX_Dino_T3_04.ts(40,44): error TS2304: Cannot find name 'SFX'.
src/audio/SFX_Dino_T3_04.ts(43,13): error TS2304: Cannot find name 'SFX'.
src/audio/SFX_Dino_T3_04.ts(43,48): error TS2304: Cannot find name 'SFX'.
src/audio/SFX_Dino_T3_04.ts(46,13): error TS2304: Cannot find name 'SFX'.
src/audio/SFX_Dino_T3_04.ts(46,47): error TS2304: Cannot find name 'SFX'.
src/audio/SFX_Dino_T3_04.ts(47,13): error TS2304: Cannot find name 'SFX'.
src/audio/SFX_Dino_T3_04.ts(47,42): error TS2304: Cannot find name 'SFX'.
src/audio/SFX_Dino_T3_04.ts(50,13): error TS2304: Cannot find name 'SFX'.
src/audio/SFX_Dino_T3_04.ts(50,44): error TS2304: Cannot find name 'SFX'.
src/audio/SFX_Dino_T3_04.ts(51,13): error TS2304: Cannot find name 'SFX'.
src/audio/SFX_Dino_T3_04.ts(51,43): error TS2304: Cannot find name 'SFX'.
src/audio/SFX_Dino_T3_04.ts(54,13): error TS2304: Cannot find name 'SFX'.
src/audio/SFX_Dino_T3_04.ts(54,47): error TS2304: Cannot find name 'SFX'.
src/audio/SFX_Dino_T3_04.ts(58,9): error TS2304: Cannot find name 'SFX'.
src/audio/SFX_Dino_T3_04.ts(59,9): error TS2304: Cannot find name 'SFX'.
src/audio/SFX_Dino_T4_01.ts(8,23): error TS2304: Cannot find name 'SFX'.
src/audio/SFX_Dino_T4_01.ts(10,13): error TS2304: Cannot find name 'SFX'.
src/audio/SFX_Dino_T4_01.ts(10,45): error TS2304: Cannot find name 'SFX'.
src/audio/SFX_Dino_T4_01.ts(12,25): error TS2304: Cannot find name 'SFX'.
src/audio/SFX_Dino_T4_01.ts(18,26): error TS2304: Cannot find name 'SFX'.
src/audio/SFX_Dino_T4_01.ts(20,47): error TS2304: Cannot find name 'SFX'.
src/audio/SFX_Dino_T4_01.ts(24,26): error TS2304: Cannot find name 'SFX'.
src/audio/SFX_Dino_T4_01.ts(29,13): error TS2304: Cannot find name 'SFX'.
src/audio/SFX_Dino_T4_01.ts(29,45): error TS2304: Cannot find name 'SFX'.
src/audio/SFX_Dino_T4_01.ts(30,13): error TS2304: Cannot find name 'SFX'.
src/audio/SFX_Dino_T4_01.ts(30,44): error TS2304: Cannot find name 'SFX'.
src/audio/SFX_Dino_T4_01.ts(33,13): error TS2304: Cannot find name 'SFX'.
src/audio/SFX_Dino_T4_01.ts(33,44): error TS2304: Cannot find name 'SFX'.
src/audio/SFX_Dino_T4_01.ts(34,13): error TS2304: Cannot find name 'SFX'.
src/audio/SFX_Dino_T4_01.ts(34,44): error TS2304: Cannot find name 'SFX'.
src/audio/SFX_Dino_T4_01.ts(37,13): error TS2304: Cannot find name 'SFX'.
src/audio/SFX_Dino_T4_01.ts(37,44): error TS2304: Cannot find name 'SFX'.
src/audio/SFX_Dino_T4_01.ts(38,13): error TS2304: Cannot find name 'SFX'.
src/audio/SFX_Dino_T4_01.ts(38,44): error TS2304: Cannot find name 'SFX'.
src/audio/SFX_Dino_T4_01.ts(41,13): error TS2304: Cannot find name 'SFX'.
src/audio/SFX_Dino_T4_01.ts(41,44): error TS2304: Cannot find name 'SFX'.
src/audio/SFX_Dino_T4_01.ts(42,13): error TS2304: Cannot find name 'SFX'.
src/audio/SFX_Dino_T4_01.ts(42,44): error TS2304: Cannot find name 'SFX'.
src/audio/SFX_Dino_T4_01.ts(46,9): error TS2304: Cannot find name 'SFX'.
src/audio/SFX_Dino_T4_01.ts(47,9): error TS2304: Cannot find name 'SFX'.
src/audio/SFX_Dino_T4_02.ts(8,23): error TS2304: Cannot find name 'SFX'.
src/audio/SFX_Dino_T4_02.ts(10,29): error TS2304: Cannot find name 'SFX'.
src/audio/SFX_Dino_T4_02.ts(15,30): error TS2304: Cannot find name 'SFX'.
src/audio/SFX_Dino_T4_02.ts(17,51): error TS2304: Cannot find name 'SFX'.
src/audio/SFX_Dino_T4_02.ts(18,51): error TS2304: Cannot find name 'SFX'.
src/audio/SFX_Dino_T4_02.ts(22,30): error TS2304: Cannot find name 'SFX'.
src/audio/SFX_Dino_T4_02.ts(27,27): error TS2304: Cannot find name 'SFX'.
src/audio/SFX_Dino_T4_02.ts(32,31): error TS2304: Cannot find name 'SFX'.
src/audio/SFX_Dino_T4_02.ts(34,52): error TS2304: Cannot find name 'SFX'.
src/audio/SFX_Dino_T4_02.ts(38,31): error TS2304: Cannot find name 'SFX'.
src/audio/SFX_Dino_T4_02.ts(43,13): error TS2304: Cannot find name 'SFX'.
src/audio/SFX_Dino_T4_02.ts(43,42): error TS2304: Cannot find name 'SFX'.
src/audio/SFX_Dino_T4_02.ts(46,29): error TS2304: Cannot find name 'SFX'.
src/audio/SFX_Dino_T4_02.ts(51,33): error TS2304: Cannot find name 'SFX'.
src/audio/SFX_Dino_T4_02.ts(53,54): error TS2304: Cannot find name 'SFX'.
src/audio/SFX_Dino_T4_02.ts(57,33): error TS2304: Cannot find name 'SFX'.
src/audio/SFX_Dino_T4_02.ts(62,13): error TS2304: Cannot find name 'SFX'.
src/audio/SFX_Dino_T4_02.ts(62,47): error TS2304: Cannot find name 'SFX'.
src/audio/SFX_Dino_T4_02.ts(63,13): error TS2304: Cannot find name 'SFX'.
src/audio/SFX_Dino_T4_02.ts(63,44): error TS2304: Cannot find name 'SFX'.
src/audio/SFX_Dino_T4_02.ts(66,23): error TS2304: Cannot find name 'SFX'.
src/audio/SFX_Dino_T4_02.ts(67,13): error TS2304: Cannot find name 'SFX'.
src/audio/SFX_Dino_T4_02.ts(67,44): error TS2304: Cannot find name 'SFX'.
src/audio/SFX_Dino_T4_02.ts(69,25): error TS2304: Cannot find name 'SFX'.
src/audio/SFX_Dino_T4_02.ts(74,25): error TS2304: Cannot find name 'SFX'.
src/audio/SFX_Dino_T4_02.ts(77,29): error TS2304: Cannot find name 'SFX'.
src/audio/SFX_Dino_T4_02.ts(82,26): error TS2304: Cannot find name 'SFX'.
src/audio/SFX_Dino_T4_02.ts(83,38): error TS2304: Cannot find name 'SFX'.
src/audio/SFX_Dino_T4_02.ts(87,26): error TS2304: Cannot find name 'SFX'.
src/audio/SFX_Dino_T4_02.ts(94,13): error TS2304: Cannot find name 'SFX'.
src/audio/SFX_Dino_T4_02.ts(94,43): error TS2304: Cannot find name 'SFX'.
src/audio/SFX_Dino_T4_02.ts(95,13): error TS2304: Cannot find name 'SFX'.
src/audio/SFX_Dino_T4_02.ts(95,43): error TS2304: Cannot find name 'SFX'.
src/audio/SFX_Dino_T4_02.ts(98,13): error TS2304: Cannot find name 'SFX'.
src/audio/SFX_Dino_T4_02.ts(98,44): error TS2304: Cannot find name 'SFX'.
src/audio/SFX_Dino_T4_02.ts(99,13): error TS2304: Cannot find name 'SFX'.
src/audio/SFX_Dino_T4_02.ts(99,44): error TS2304: Cannot find name 'SFX'.
src/audio/SFX_Dino_T4_02.ts(103,9): error TS2304: Cannot find name 'SFX'.
src/audio/SFX_Dino_T4_02.ts(104,9): error TS2304: Cannot find name 'SFX'.
src/audio/SFX_Dino_T4_03.ts(8,23): error TS2304: Cannot find name 'SFX'.
src/audio/SFX_Dino_T4_03.ts(10,25): error TS2304: Cannot find name 'SFX'.
src/audio/SFX_Dino_T4_03.ts(16,25): error TS2304: Cannot find name 'SFX'.
src/audio/SFX_Dino_T4_03.ts(18,29): error TS2304: Cannot find name 'SFX'.
src/audio/SFX_Dino_T4_03.ts(23,26): error TS2304: Cannot find name 'SFX'.
src/audio/SFX_Dino_T4_03.ts(25,47): error TS2304: Cannot find name 'SFX'.
src/audio/SFX_Dino_T4_03.ts(29,26): error TS2304: Cannot find name 'SFX'.
src/audio/SFX_Dino_T4_03.ts(35,13): error TS2304: Cannot find name 'SFX'.
src/audio/SFX_Dino_T4_03.ts(35,43): error TS2304: Cannot find name 'SFX'.
src/audio/SFX_Dino_T4_03.ts(38,13): error TS2304: Cannot find name 'SFX'.
src/audio/SFX_Dino_T4_03.ts(38,48): error TS2304: Cannot find name 'SFX'.
src/audio/SFX_Dino_T4_03.ts(39,13): error TS2304: Cannot find name 'SFX'.
src/audio/SFX_Dino_T4_03.ts(39,44): error TS2304: Cannot find name 'SFX'.
src/audio/SFX_Dino_T4_03.ts(42,13): error TS2304: Cannot find name 'SFX'.
src/audio/SFX_Dino_T4_03.ts(42,48): error TS2304: Cannot find name 'SFX'.
src/audio/SFX_Dino_T4_03.ts(43,13): error TS2304: Cannot find name 'SFX'.
src/audio/SFX_Dino_T4_03.ts(43,43): error TS2304: Cannot find name 'SFX'.
src/audio/SFX_Dino_T4_03.ts(46,13): error TS2304: Cannot find name 'SFX'.
src/audio/SFX_Dino_T4_03.ts(46,44): error TS2304: Cannot find name 'SFX'.
src/audio/SFX_Dino_T4_03.ts(47,13): error TS2304: Cannot find name 'SFX'.
src/audio/SFX_Dino_T4_03.ts(47,48): error TS2304: Cannot find name 'SFX'.
src/audio/SFX_Dino_T4_03.ts(50,13): error TS2304: Cannot find name 'SFX'.
src/audio/SFX_Dino_T4_03.ts(50,48): error TS2304: Cannot find name 'SFX'.
src/audio/SFX_Dino_T4_03.ts(51,13): error TS2304: Cannot find name 'SFX'.
src/audio/SFX_Dino_T4_03.ts(51,44): error TS2304: Cannot find name 'SFX'.
src/audio/SFX_Dino_T4_03.ts(55,9): error TS2304: Cannot find name 'SFX'.
src/audio/SFX_Dino_T4_03.ts(56,9): error TS2304: Cannot find name 'SFX'.
src/audio/SFX_Enemies.ts(10,23): error TS2304: Cannot find name 'SFX'.
src/audio/SFX_Enemies.ts(11,25): error TS2304: Cannot find name 'SFX'.
src/audio/SFX_Enemies.ts(16,26): error TS2304: Cannot find name 'SFX'.
src/audio/SFX_Enemies.ts(17,38): error TS2304: Cannot find name 'SFX'.
src/audio/SFX_Enemies.ts(21,26): error TS2304: Cannot find name 'SFX'.
src/audio/SFX_Enemies.ts(27,23): error TS2304: Cannot find name 'SFX'.
src/audio/SFX_Enemies.ts(28,13): error TS2304: Cannot find name 'SFX'.
src/audio/SFX_Enemies.ts(30,25): error TS2304: Cannot find name 'SFX'.
src/audio/SFX_Enemies.ts(35,26): error TS2304: Cannot find name 'SFX'.
src/audio/SFX_Enemies.ts(37,47): error TS2304: Cannot find name 'SFX'.
src/audio/SFX_Enemies.ts(41,26): error TS2304: Cannot find name 'SFX'.
src/audio/SFX_Enemies.ts(47,13): error TS2304: Cannot find name 'SFX'.
src/audio/SFX_Enemies.ts(48,13): error TS2304: Cannot find name 'SFX'.
src/audio/SFX_Enemies.ts(52,23): error TS2304: Cannot find name 'SFX'.
src/audio/SFX_Enemies.ts(53,25): error TS2304: Cannot find name 'SFX'.
src/audio/SFX_Enemies.ts(59,26): error TS2304: Cannot find name 'SFX'.
src/audio/SFX_Enemies.ts(61,47): error TS2304: Cannot find name 'SFX'.
src/audio/SFX_Enemies.ts(65,26): error TS2304: Cannot find name 'SFX'.
src/audio/SFX_Enemies.ts(69,13): error TS2304: Cannot find name 'SFX'.
src/audio/SFX_Enemies.ts(73,13): error TS2304: Cannot find name 'SFX'.
src/audio/SFX_Enemies.ts(74,13): error TS2304: Cannot find name 'SFX'.
src/audio/SFX_Enemies.ts(79,23): error TS2304: Cannot find name 'SFX'.
src/audio/SFX_Enemies.ts(80,25): error TS2304: Cannot find name 'SFX'.
src/audio/SFX_Enemies.ts(85,26): error TS2304: Cannot find name 'SFX'.
src/audio/SFX_Enemies.ts(86,38): error TS2304: Cannot find name 'SFX'.
src/audio/SFX_Enemies.ts(90,26): error TS2304: Cannot find name 'SFX'.
src/audio/SFX_Enemies.ts(96,23): error TS2304: Cannot find name 'SFX'.
src/audio/SFX_Enemies.ts(97,13): error TS2304: Cannot find name 'SFX'.
src/audio/SFX_Enemies.ts(99,25): error TS2304: Cannot find name 'SFX'.
src/audio/SFX_Enemies.ts(104,26): error TS2304: Cannot find name 'SFX'.
src/audio/SFX_Enemies.ts(106,47): error TS2304: Cannot find name 'SFX'.
src/audio/SFX_Enemies.ts(110,26): error TS2304: Cannot find name 'SFX'.
src/audio/SFX_Enemies.ts(116,13): error TS2304: Cannot find name 'SFX'.
src/audio/SFX_Enemies.ts(117,30): error TS2304: Cannot find name 'SFX'.
src/audio/SFX_Enemies.ts(124,31): error TS2304: Cannot find name 'SFX'.
src/audio/SFX_Enemies.ts(125,33): error TS2304: Cannot find name 'SFX'.
src/audio/SFX_Enemies.ts(130,34): error TS2304: Cannot find name 'SFX'.
src/audio/SFX_Enemies.ts(132,55): error TS2304: Cannot find name 'SFX'.
src/audio/SFX_Enemies.ts(136,34): error TS2304: Cannot find name 'SFX'.
src/audio/SFX_Enemies.ts(144,23): error TS2304: Cannot find name 'SFX'.
src/audio/SFX_Enemies.ts(146,32): error TS2304: Cannot find name 'SFX'.
src/audio/SFX_Enemies.ts(152,25): error TS2304: Cannot find name 'SFX'.
src/audio/SFX_Enemies.ts(157,26): error TS2304: Cannot find name 'SFX'.
src/audio/SFX_Enemies.ts(159,47): error TS2304: Cannot find name 'SFX'.
src/audio/SFX_Enemies.ts(163,26): error TS2304: Cannot find name 'SFX'.
src/audio/SFX_Enemies.ts(169,9): error TS2304: Cannot find name 'SFX'.
src/audio/SFX_Enemies.ts(170,9): error TS2304: Cannot find name 'SFX'.
src/audio/SFX_Herbivores.ts(14,23): error TS2304: Cannot find name 'SFX'.
src/audio/SFX_Herbivores.ts(16,25): error TS2304: Cannot find name 'SFX'.
src/audio/SFX_Herbivores.ts(21,26): error TS2304: Cannot find name 'SFX'.
src/audio/SFX_Herbivores.ts(23,47): error TS2304: Cannot find name 'SFX'.
src/audio/SFX_Herbivores.ts(27,26): error TS2304: Cannot find name 'SFX'.
src/audio/SFX_Herbivores.ts(32,13): error TS2304: Cannot find name 'SFX'.
src/audio/SFX_Herbivores.ts(32,44): error TS2304: Cannot find name 'SFX'.
src/audio/SFX_Herbivores.ts(35,13): error TS2304: Cannot find name 'SFX'.
src/audio/SFX_Herbivores.ts(35,44): error TS2304: Cannot find name 'SFX'.
src/audio/SFX_Herbivores.ts(38,13): error TS2304: Cannot find name 'SFX'.
src/audio/SFX_Herbivores.ts(38,45): error TS2304: Cannot find name 'SFX'.
src/audio/SFX_Herbivores.ts(41,23): error TS2304: Cannot find name 'SFX'.
src/audio/SFX_Herbivores.ts(44,29): error TS2304: Cannot find name 'SFX'.
src/audio/SFX_Herbivores.ts(48,30): error TS2304: Cannot find name 'SFX'.
src/audio/SFX_Herbivores.ts(49,42): error TS2304: Cannot find name 'SFX'.
src/audio/SFX_Herbivores.ts(53,30): error TS2304: Cannot find name 'SFX'.
src/audio/SFX_Herbivores.ts(61,23): error TS2304: Cannot find name 'SFX'.
src/audio/SFX_Herbivores.ts(63,26): error TS2304: Cannot find name 'SFX'.
src/audio/SFX_Herbivores.ts(69,27): error TS2304: Cannot find name 'SFX'.
src/audio/SFX_Herbivores.ts(71,48): error TS2304: Cannot find name 'SFX'.
src/audio/SFX_Herbivores.ts(72,48): error TS2304: Cannot find name 'SFX'.
src/audio/SFX_Herbivores.ts(76,27): error TS2304: Cannot find name 'SFX'.
src/audio/SFX_Herbivores.ts(81,26): error TS2304: Cannot find name 'SFX'.
src/audio/SFX_Herbivores.ts(86,27): error TS2304: Cannot find name 'SFX'.
src/audio/SFX_Herbivores.ts(88,48): error TS2304: Cannot find name 'SFX'.
src/audio/SFX_Herbivores.ts(92,27): error TS2304: Cannot find name 'SFX'.
src/audio/SFX_Herbivores.ts(97,13): error TS2304: Cannot find name 'SFX'.
src/audio/SFX_Herbivores.ts(97,49): error TS2304: Cannot find name 'SFX'.
src/audio/SFX_Herbivores.ts(100,23): error TS2304: Cannot find name 'SFX'.
src/audio/SFX_Herbivores.ts(101,25): error TS2304: Cannot find name 'SFX'.
src/audio/SFX_Herbivores.ts(106,25): error TS2304: Cannot find name 'SFX'.
src/audio/SFX_Herbivores.ts(109,29): error TS2304: Cannot find name 'SFX'.
src/audio/SFX_Herbivores.ts(114,26): error TS2304: Cannot find name 'SFX'.
src/audio/SFX_Herbivores.ts(115,38): error TS2304: Cannot find name 'SFX'.
src/audio/SFX_Herbivores.ts(119,26): error TS2304: Cannot find name 'SFX'.
src/audio/SFX_Herbivores.ts(126,13): error TS2304: Cannot find name 'SFX'.
src/audio/SFX_Herbivores.ts(126,49): error TS2304: Cannot find name 'SFX'.
src/audio/SFX_Herbivores.ts(129,13): error TS2304: Cannot find name 'SFX'.
src/audio/SFX_Herbivores.ts(129,48): error TS2304: Cannot find name 'SFX'.
src/audio/SFX_Herbivores.ts(134,13): error TS2304: Cannot find name 'SFX'.
src/audio/SFX_Herbivores.ts(134,44): error TS2304: Cannot find name 'SFX'.
src/audio/SFX_Herbivores.ts(137,13): error TS2304: Cannot find name 'SFX'.
src/audio/SFX_Herbivores.ts(137,44): error TS2304: Cannot find name 'SFX'.
src/audio/SFX_Herbivores.ts(140,13): error TS2304: Cannot find name 'SFX'.
src/audio/SFX_Herbivores.ts(140,44): error TS2304: Cannot find name 'SFX'.
src/audio/SFX_Herbivores.ts(143,13): error TS2304: Cannot find name 'SFX'.
src/audio/SFX_Herbivores.ts(143,44): error TS2304: Cannot find name 'SFX'.
src/audio/SFX_Herbivores.ts(146,13): error TS2304: Cannot find name 'SFX'.
src/audio/SFX_Herbivores.ts(146,45): error TS2304: Cannot find name 'SFX'.
src/audio/SFX_Herbivores.ts(151,23): error TS2304: Cannot find name 'SFX'.
src/audio/SFX_Herbivores.ts(153,25): error TS2304: Cannot find name 'SFX'.
src/audio/SFX_Herbivores.ts(158,26): error TS2304: Cannot find name 'SFX'.
src/audio/SFX_Herbivores.ts(160,47): error TS2304: Cannot find name 'SFX'.
src/audio/SFX_Herbivores.ts(164,26): error TS2304: Cannot find name 'SFX'.
src/audio/SFX_Herbivores.ts(169,13): error TS2304: Cannot find name 'SFX'.
src/audio/SFX_Herbivores.ts(169,44): error TS2304: Cannot find name 'SFX'.
src/audio/SFX_Herbivores.ts(172,13): error TS2304: Cannot find name 'SFX'.
src/audio/SFX_Herbivores.ts(172,49): error TS2304: Cannot find name 'SFX'.
src/audio/SFX_Herbivores.ts(175,13): error TS2304: Cannot find name 'SFX'.
src/audio/SFX_Herbivores.ts(175,47): error TS2304: Cannot find name 'SFX'.
src/audio/SFX_Herbivores.ts(178,13): error TS2304: Cannot find name 'SFX'.
src/audio/SFX_Herbivores.ts(178,44): error TS2304: Cannot find name 'SFX'.
src/audio/SFX_Herbivores.ts(181,13): error TS2304: Cannot find name 'SFX'.
src/audio/SFX_Herbivores.ts(181,48): error TS2304: Cannot find name 'SFX'.
src/audio/SFX_Herbivores.ts(186,23): error TS2304: Cannot find name 'SFX'.
src/audio/SFX_Herbivores.ts(187,25): error TS2304: Cannot find name 'SFX'.
src/audio/SFX_Herbivores.ts(192,26): error TS2304: Cannot find name 'SFX'.
src/audio/SFX_Herbivores.ts(194,47): error TS2304: Cannot find name 'SFX'.
src/audio/SFX_Herbivores.ts(198,26): error TS2304: Cannot find name 'SFX'.
src/audio/SFX_Herbivores.ts(202,13): error TS2304: Cannot find name 'SFX'.
src/audio/SFX_Herbivores.ts(202,44): error TS2304: Cannot find name 'SFX'.
src/audio/SFX_Herbivores.ts(205,13): error TS2304: Cannot find name 'SFX'.
src/audio/SFX_Herbivores.ts(205,49): error TS2304: Cannot find name 'SFX'.
src/audio/SFX_Herbivores.ts(208,13): error TS2304: Cannot find name 'SFX'.
src/audio/SFX_Herbivores.ts(208,47): error TS2304: Cannot find name 'SFX'.
src/audio/SFX_Herbivores.ts(211,13): error TS2304: Cannot find name 'SFX'.
src/audio/SFX_Herbivores.ts(211,44): error TS2304: Cannot find name 'SFX'.
src/audio/SFX_Herbivores.ts(214,13): error TS2304: Cannot find name 'SFX'.
src/audio/SFX_Herbivores.ts(214,48): error TS2304: Cannot find name 'SFX'.
src/audio/SFX_Herbivores.ts(219,13): error TS2304: Cannot find name 'SFX'.
src/audio/SFX_Herbivores.ts(219,48): error TS2304: Cannot find name 'SFX'.
src/audio/SFX_Herbivores.ts(222,13): error TS2304: Cannot find name 'SFX'.
src/audio/SFX_Herbivores.ts(222,48): error TS2304: Cannot find name 'SFX'.
src/audio/SFX_Herbivores.ts(225,13): error TS2304: Cannot find name 'SFX'.
src/audio/SFX_Herbivores.ts(225,47): error TS2304: Cannot find name 'SFX'.
src/audio/SFX_Herbivores.ts(228,13): error TS2304: Cannot find name 'SFX'.
src/audio/SFX_Herbivores.ts(228,45): error TS2304: Cannot find name 'SFX'.
src/audio/SFX_Herbivores.ts(231,13): error TS2304: Cannot find name 'SFX'.
src/audio/SFX_Herbivores.ts(231,49): error TS2304: Cannot find name 'SFX'.
src/audio/SFX_Herbivores.ts(236,23): error TS2304: Cannot find name 'SFX'.
src/audio/SFX_Herbivores.ts(238,29): error TS2304: Cannot find name 'SFX'.
src/audio/SFX_Herbivores.ts(243,30): error TS2304: Cannot find name 'SFX'.
src/audio/SFX_Herbivores.ts(245,51): error TS2304: Cannot find name 'SFX'.
src/audio/SFX_Herbivores.ts(249,30): error TS2304: Cannot find name 'SFX'.
src/audio/SFX_Herbivores.ts(253,28): error TS2304: Cannot find name 'SFX'.
src/audio/SFX_Herbivores.ts(258,29): error TS2304: Cannot find name 'SFX'.
src/audio/SFX_Herbivores.ts(260,50): error TS2304: Cannot find name 'SFX'.
src/audio/SFX_Herbivores.ts(264,29): error TS2304: Cannot find name 'SFX'.
src/audio/SFX_Herbivores.ts(268,13): error TS2304: Cannot find name 'SFX'.
src/audio/SFX_Herbivores.ts(268,44): error TS2304: Cannot find name 'SFX'.
src/audio/SFX_Herbivores.ts(271,13): error TS2304: Cannot find name 'SFX'.
src/audio/SFX_Herbivores.ts(271,47): error TS2304: Cannot find name 'SFX'.
src/audio/SFX_Herbivores.ts(274,13): error TS2304: Cannot find name 'SFX'.
src/audio/SFX_Herbivores.ts(274,47): error TS2304: Cannot find name 'SFX'.
src/audio/SFX_Herbivores.ts(275,13): error TS2304: Cannot find name 'SFX'.
src/audio/SFX_Herbivores.ts(275,43): error TS2304: Cannot find name 'SFX'.
src/audio/SFX_Herbivores.ts(278,13): error TS2304: Cannot find name 'SFX'.
src/audio/SFX_Herbivores.ts(278,44): error TS2304: Cannot find name 'SFX'.
src/audio/SFX_Herbivores.ts(281,13): error TS2304: Cannot find name 'SFX'.
src/audio/SFX_Herbivores.ts(281,48): error TS2304: Cannot find name 'SFX'.
src/audio/SFX_Herbivores.ts(286,23): error TS2304: Cannot find name 'SFX'.
src/audio/SFX_Herbivores.ts(288,25): error TS2304: Cannot find name 'SFX'.
src/audio/SFX_Herbivores.ts(294,25): error TS2304: Cannot find name 'SFX'.
src/audio/SFX_Herbivores.ts(296,29): error TS2304: Cannot find name 'SFX'.
src/audio/SFX_Herbivores.ts(301,26): error TS2304: Cannot find name 'SFX'.
src/audio/SFX_Herbivores.ts(303,47): error TS2304: Cannot find name 'SFX'.
src/audio/SFX_Herbivores.ts(307,26): error TS2304: Cannot find name 'SFX'.
src/audio/SFX_Herbivores.ts(314,13): error TS2304: Cannot find name 'SFX'.
src/audio/SFX_Herbivores.ts(314,44): error TS2304: Cannot find name 'SFX'.
src/audio/SFX_Herbivores.ts(317,13): error TS2304: Cannot find name 'SFX'.
src/audio/SFX_Herbivores.ts(317,43): error TS2304: Cannot find name 'SFX'.
src/audio/SFX_Herbivores.ts(320,13): error TS2304: Cannot find name 'SFX'.
src/audio/SFX_Herbivores.ts(320,43): error TS2304: Cannot find name 'SFX'.
src/audio/SFX_Herbivores.ts(321,13): error TS2304: Cannot find name 'SFX'.
src/audio/SFX_Herbivores.ts(321,43): error TS2304: Cannot find name 'SFX'.
src/audio/SFX_Herbivores.ts(324,13): error TS2304: Cannot find name 'SFX'.
src/audio/SFX_Herbivores.ts(324,43): error TS2304: Cannot find name 'SFX'.
src/audio/SFX_Herbivores.ts(329,23): error TS2304: Cannot find name 'SFX'.
src/audio/SFX_Herbivores.ts(331,25): error TS2304: Cannot find name 'SFX'.
src/audio/SFX_Herbivores.ts(336,26): error TS2304: Cannot find name 'SFX'.
src/audio/SFX_Herbivores.ts(338,47): error TS2304: Cannot find name 'SFX'.
src/audio/SFX_Herbivores.ts(342,26): error TS2304: Cannot find name 'SFX'.
src/audio/SFX_Herbivores.ts(346,13): error TS2304: Cannot find name 'SFX'.
src/audio/SFX_Herbivores.ts(346,42): error TS2304: Cannot find name 'SFX'.
src/audio/SFX_Herbivores.ts(349,13): error TS2304: Cannot find name 'SFX'.
src/audio/SFX_Herbivores.ts(349,43): error TS2304: Cannot find name 'SFX'.
src/audio/SFX_Herbivores.ts(352,13): error TS2304: Cannot find name 'SFX'.
src/audio/SFX_Herbivores.ts(352,43): error TS2304: Cannot find name 'SFX'.
src/audio/SFX_Herbivores.ts(353,13): error TS2304: Cannot find name 'SFX'.
src/audio/SFX_Herbivores.ts(353,43): error TS2304: Cannot find name 'SFX'.
src/audio/SFX_Herbivores.ts(356,13): error TS2304: Cannot find name 'SFX'.
src/audio/SFX_Herbivores.ts(356,42): error TS2304: Cannot find name 'SFX'.
src/audio/SFX_Herbivores.ts(357,13): error TS2304: Cannot find name 'SFX'.
src/audio/SFX_Herbivores.ts(357,43): error TS2304: Cannot find name 'SFX'.
src/audio/SFX_Herbivores.ts(360,13): error TS2304: Cannot find name 'SFX'.
src/audio/SFX_Herbivores.ts(360,43): error TS2304: Cannot find name 'SFX'.
src/audio/SFX_Herbivores.ts(365,23): error TS2304: Cannot find name 'SFX'.
src/audio/SFX_Herbivores.ts(367,25): error TS2304: Cannot find name 'SFX'.
src/audio/SFX_Herbivores.ts(372,25): error TS2304: Cannot find name 'SFX'.
src/audio/SFX_Herbivores.ts(374,29): error TS2304: Cannot find name 'SFX'.
src/audio/SFX_Herbivores.ts(379,26): error TS2304: Cannot find name 'SFX'.
src/audio/SFX_Herbivores.ts(381,47): error TS2304: Cannot find name 'SFX'.
src/audio/SFX_Herbivores.ts(385,26): error TS2304: Cannot find name 'SFX'.
src/audio/SFX_Herbivores.ts(391,13): error TS2304: Cannot find name 'SFX'.
src/audio/SFX_Herbivores.ts(391,43): error TS2304: Cannot find name 'SFX'.
src/audio/SFX_Herbivores.ts(394,13): error TS2304: Cannot find name 'SFX'.
src/audio/SFX_Herbivores.ts(394,43): error TS2304: Cannot find name 'SFX'.
src/audio/SFX_Herbivores.ts(397,13): error TS2304: Cannot find name 'SFX'.
src/audio/SFX_Herbivores.ts(397,43): error TS2304: Cannot find name 'SFX'.
src/audio/SFX_Herbivores.ts(398,13): error TS2304: Cannot find name 'SFX'.
src/audio/SFX_Herbivores.ts(398,44): error TS2304: Cannot find name 'SFX'.
src/audio/SFX_Herbivores.ts(401,13): error TS2304: Cannot find name 'SFX'.
src/audio/SFX_Herbivores.ts(401,43): error TS2304: Cannot find name 'SFX'.
src/audio/SFX_Herbivores.ts(402,13): error TS2304: Cannot find name 'SFX'.
src/audio/SFX_Herbivores.ts(402,43): error TS2304: Cannot find name 'SFX'.
src/audio/SFX_Herbivores.ts(405,13): error TS2304: Cannot find name 'SFX'.
src/audio/SFX_Herbivores.ts(405,44): error TS2304: Cannot find name 'SFX'.
src/audio/SFX_Herbivores.ts(409,9): error TS2304: Cannot find name 'SFX'.
src/audio/SFX_Herbivores.ts(410,9): error TS2304: Cannot find name 'SFX'.
src/audio/SFX_Human_T1_01.ts(8,23): error TS2304: Cannot find name 'SFX'.
src/audio/SFX_Human_T1_01.ts(9,25): error TS2304: Cannot find name 'SFX'.
src/audio/SFX_Human_T1_01.ts(14,28): error TS2304: Cannot find name 'SFX'.
src/audio/SFX_Human_T1_01.ts(19,26): error TS2304: Cannot find name 'SFX'.
src/audio/SFX_Human_T1_01.ts(21,47): error TS2304: Cannot find name 'SFX'.
src/audio/SFX_Human_T1_01.ts(26,26): error TS2304: Cannot find name 'SFX'.
src/audio/SFX_Human_T1_01.ts(31,13): error TS2304: Cannot find name 'SFX'.
src/audio/SFX_Human_T1_01.ts(31,49): error TS2304: Cannot find name 'SFX'.
src/audio/SFX_Human_T1_01.ts(34,13): error TS2304: Cannot find name 'SFX'.
src/audio/SFX_Human_T1_01.ts(34,48): error TS2304: Cannot find name 'SFX'.
src/audio/SFX_Human_T1_01.ts(37,13): error TS2304: Cannot find name 'SFX'.
src/audio/SFX_Human_T1_01.ts(37,44): error TS2304: Cannot find name 'SFX'.
src/audio/SFX_Human_T1_01.ts(40,13): error TS2304: Cannot find name 'SFX'.
src/audio/SFX_Human_T1_01.ts(40,49): error TS2304: Cannot find name 'SFX'.
src/audio/SFX_Human_T1_01.ts(43,9): error TS2304: Cannot find name 'SFX'.
src/audio/SFX_Human_T1_01.ts(43,14): error TS2304: Cannot find name 'SFX'.
src/audio/SFX_Human_T1_02.ts(8,23): error TS2304: Cannot find name 'SFX'.
src/audio/SFX_Human_T1_02.ts(9,25): error TS2304: Cannot find name 'SFX'.
src/audio/SFX_Human_T1_02.ts(14,28): error TS2304: Cannot find name 'SFX'.
src/audio/SFX_Human_T1_02.ts(19,26): error TS2304: Cannot find name 'SFX'.
src/audio/SFX_Human_T1_02.ts(21,47): error TS2304: Cannot find name 'SFX'.
src/audio/SFX_Human_T1_02.ts(26,26): error TS2304: Cannot find name 'SFX'.
src/audio/SFX_Human_T1_02.ts(31,13): error TS2304: Cannot find name 'SFX'.
src/audio/SFX_Human_T1_02.ts(31,49): error TS2304: Cannot find name 'SFX'.
src/audio/SFX_Human_T1_02.ts(34,13): error TS2304: Cannot find name 'SFX'.
src/audio/SFX_Human_T1_02.ts(34,49): error TS2304: Cannot find name 'SFX'.
src/audio/SFX_Human_T1_02.ts(37,13): error TS2304: Cannot find name 'SFX'.
src/audio/SFX_Human_T1_02.ts(37,44): error TS2304: Cannot find name 'SFX'.
src/audio/SFX_Human_T1_02.ts(40,13): error TS2304: Cannot find name 'SFX'.
src/audio/SFX_Human_T1_02.ts(40,48): error TS2304: Cannot find name 'SFX'.
src/audio/SFX_Human_T1_02.ts(43,9): error TS2304: Cannot find name 'SFX'.
src/audio/SFX_Human_T1_02.ts(43,14): error TS2304: Cannot find name 'SFX'.
src/audio/SFX_Human_T1_03.ts(8,23): error TS2304: Cannot find name 'SFX'.
src/audio/SFX_Human_T1_03.ts(9,25): error TS2304: Cannot find name 'SFX'.
src/audio/SFX_Human_T1_03.ts(14,28): error TS2304: Cannot find name 'SFX'.
src/audio/SFX_Human_T1_03.ts(19,26): error TS2304: Cannot find name 'SFX'.
src/audio/SFX_Human_T1_03.ts(21,47): error TS2304: Cannot find name 'SFX'.
src/audio/SFX_Human_T1_03.ts(26,26): error TS2304: Cannot find name 'SFX'.
src/audio/SFX_Human_T1_03.ts(30,13): error TS2304: Cannot find name 'SFX'.
src/audio/SFX_Human_T1_03.ts(30,45): error TS2304: Cannot find name 'SFX'.
src/audio/SFX_Human_T1_03.ts(33,13): error TS2304: Cannot find name 'SFX'.
src/audio/SFX_Human_T1_03.ts(33,48): error TS2304: Cannot find name 'SFX'.
src/audio/SFX_Human_T1_03.ts(36,13): error TS2304: Cannot find name 'SFX'.
src/audio/SFX_Human_T1_03.ts(36,48): error TS2304: Cannot find name 'SFX'.
src/audio/SFX_Human_T1_03.ts(37,13): error TS2304: Cannot find name 'SFX'.
src/audio/SFX_Human_T1_03.ts(37,44): error TS2304: Cannot find name 'SFX'.
src/audio/SFX_Human_T1_03.ts(40,13): error TS2304: Cannot find name 'SFX'.
src/audio/SFX_Human_T1_03.ts(40,45): error TS2304: Cannot find name 'SFX'.
src/audio/SFX_Human_T1_03.ts(43,13): error TS2304: Cannot find name 'SFX'.
src/audio/SFX_Human_T1_03.ts(43,49): error TS2304: Cannot find name 'SFX'.
src/audio/SFX_Human_T1_03.ts(46,9): error TS2304: Cannot find name 'SFX'.
src/audio/SFX_Human_T1_03.ts(46,14): error TS2304: Cannot find name 'SFX'.
src/audio/SFX_Human_T2_01.ts(8,23): error TS2304: Cannot find name 'SFX'.
src/audio/SFX_Human_T2_01.ts(9,25): error TS2304: Cannot find name 'SFX'.
src/audio/SFX_Human_T2_01.ts(14,28): error TS2304: Cannot find name 'SFX'.
src/audio/SFX_Human_T2_01.ts(19,26): error TS2304: Cannot find name 'SFX'.
src/audio/SFX_Human_T2_01.ts(21,47): error TS2304: Cannot find name 'SFX'.
src/audio/SFX_Human_T2_01.ts(26,26): error TS2304: Cannot find name 'SFX'.
src/audio/SFX_Human_T2_01.ts(30,13): error TS2304: Cannot find name 'SFX'.
src/audio/SFX_Human_T2_01.ts(30,44): error TS2304: Cannot find name 'SFX'.
src/audio/SFX_Human_T2_01.ts(33,13): error TS2304: Cannot find name 'SFX'.
src/audio/SFX_Human_T2_01.ts(33,49): error TS2304: Cannot find name 'SFX'.
src/audio/SFX_Human_T2_01.ts(36,13): error TS2304: Cannot find name 'SFX'.
src/audio/SFX_Human_T2_01.ts(36,48): error TS2304: Cannot find name 'SFX'.
src/audio/SFX_Human_T2_01.ts(37,13): error TS2304: Cannot find name 'SFX'.
src/audio/SFX_Human_T2_01.ts(37,44): error TS2304: Cannot find name 'SFX'.
src/audio/SFX_Human_T2_01.ts(40,13): error TS2304: Cannot find name 'SFX'.
src/audio/SFX_Human_T2_01.ts(40,45): error TS2304: Cannot find name 'SFX'.
src/audio/SFX_Human_T2_01.ts(43,13): error TS2304: Cannot find name 'SFX'.
src/audio/SFX_Human_T2_01.ts(43,49): error TS2304: Cannot find name 'SFX'.
src/audio/SFX_Human_T2_01.ts(46,9): error TS2304: Cannot find name 'SFX'.
src/audio/SFX_Human_T2_01.ts(46,14): error TS2304: Cannot find name 'SFX'.
src/audio/SFX_Human_T2_02.ts(7,23): error TS2304: Cannot find name 'SFX'.
src/audio/SFX_Human_T2_02.ts(8,25): error TS2304: Cannot find name 'SFX'.
src/audio/SFX_Human_T2_02.ts(13,28): error TS2304: Cannot find name 'SFX'.
src/audio/SFX_Human_T2_02.ts(18,26): error TS2304: Cannot find name 'SFX'.
src/audio/SFX_Human_T2_02.ts(20,47): error TS2304: Cannot find name 'SFX'.
src/audio/SFX_Human_T2_02.ts(25,26): error TS2304: Cannot find name 'SFX'.
src/audio/SFX_Human_T2_02.ts(30,13): error TS2304: Cannot find name 'SFX'.
src/audio/SFX_Human_T2_02.ts(30,49): error TS2304: Cannot find name 'SFX'.
src/audio/SFX_Human_T2_02.ts(33,13): error TS2304: Cannot find name 'SFX'.
src/audio/SFX_Human_T2_02.ts(33,48): error TS2304: Cannot find name 'SFX'.
src/audio/SFX_Human_T2_02.ts(36,13): error TS2304: Cannot find name 'SFX'.
src/audio/SFX_Human_T2_02.ts(36,44): error TS2304: Cannot find name 'SFX'.
src/audio/SFX_Human_T2_02.ts(39,13): error TS2304: Cannot find name 'SFX'.
src/audio/SFX_Human_T2_02.ts(39,48): error TS2304: Cannot find name 'SFX'.
src/audio/SFX_Human_T2_02.ts(42,9): error TS2304: Cannot find name 'SFX'.
src/audio/SFX_Human_T2_02.ts(42,14): error TS2304: Cannot find name 'SFX'.
src/audio/SFX_Human_T2_03.ts(8,23): error TS2304: Cannot find name 'SFX'.
src/audio/SFX_Human_T2_03.ts(9,25): error TS2304: Cannot find name 'SFX'.
src/audio/SFX_Human_T2_03.ts(14,28): error TS2304: Cannot find name 'SFX'.
src/audio/SFX_Human_T2_03.ts(19,26): error TS2304: Cannot find name 'SFX'.
src/audio/SFX_Human_T2_03.ts(21,47): error TS2304: Cannot find name 'SFX'.
src/audio/SFX_Human_T2_03.ts(26,26): error TS2304: Cannot find name 'SFX'.
src/audio/SFX_Human_T2_03.ts(30,13): error TS2304: Cannot find name 'SFX'.
src/audio/SFX_Human_T2_03.ts(30,45): error TS2304: Cannot find name 'SFX'.
src/audio/SFX_Human_T2_03.ts(33,13): error TS2304: Cannot find name 'SFX'.
src/audio/SFX_Human_T2_03.ts(33,49): error TS2304: Cannot find name 'SFX'.
src/audio/SFX_Human_T2_03.ts(36,13): error TS2304: Cannot find name 'SFX'.
src/audio/SFX_Human_T2_03.ts(36,49): error TS2304: Cannot find name 'SFX'.
src/audio/SFX_Human_T2_03.ts(37,13): error TS2304: Cannot find name 'SFX'.
src/audio/SFX_Human_T2_03.ts(37,45): error TS2304: Cannot find name 'SFX'.
src/audio/SFX_Human_T2_03.ts(40,13): error TS2304: Cannot find name 'SFX'.
src/audio/SFX_Human_T2_03.ts(40,44): error TS2304: Cannot find name 'SFX'.
src/audio/SFX_Human_T2_03.ts(43,13): error TS2304: Cannot find name 'SFX'.
src/audio/SFX_Human_T2_03.ts(43,49): error TS2304: Cannot find name 'SFX'.
src/audio/SFX_Human_T2_03.ts(46,9): error TS2304: Cannot find name 'SFX'.
src/audio/SFX_Human_T2_03.ts(46,14): error TS2304: Cannot find name 'SFX'.
src/audio/SFX_Human_T3_01.ts(8,23): error TS2304: Cannot find name 'SFX'.
src/audio/SFX_Human_T3_01.ts(9,25): error TS2304: Cannot find name 'SFX'.
src/audio/SFX_Human_T3_01.ts(14,28): error TS2304: Cannot find name 'SFX'.
src/audio/SFX_Human_T3_01.ts(19,26): error TS2304: Cannot find name 'SFX'.
src/audio/SFX_Human_T3_01.ts(21,47): error TS2304: Cannot find name 'SFX'.
src/audio/SFX_Human_T3_01.ts(26,26): error TS2304: Cannot find name 'SFX'.
src/audio/SFX_Human_T3_01.ts(30,13): error TS2304: Cannot find name 'SFX'.
src/audio/SFX_Human_T3_01.ts(30,45): error TS2304: Cannot find name 'SFX'.
src/audio/SFX_Human_T3_01.ts(33,13): error TS2304: Cannot find name 'SFX'.
src/audio/SFX_Human_T3_01.ts(33,49): error TS2304: Cannot find name 'SFX'.
src/audio/SFX_Human_T3_01.ts(36,13): error TS2304: Cannot find name 'SFX'.
src/audio/SFX_Human_T3_01.ts(36,49): error TS2304: Cannot find name 'SFX'.
src/audio/SFX_Human_T3_01.ts(37,13): error TS2304: Cannot find name 'SFX'.
src/audio/SFX_Human_T3_01.ts(37,44): error TS2304: Cannot find name 'SFX'.
src/audio/SFX_Human_T3_01.ts(40,13): error TS2304: Cannot find name 'SFX'.
src/audio/SFX_Human_T3_01.ts(40,44): error TS2304: Cannot find name 'SFX'.
src/audio/SFX_Human_T3_01.ts(43,13): error TS2304: Cannot find name 'SFX'.
src/audio/SFX_Human_T3_01.ts(43,48): error TS2304: Cannot find name 'SFX'.
src/audio/SFX_Human_T3_01.ts(46,9): error TS2304: Cannot find name 'SFX'.
src/audio/SFX_Human_T3_01.ts(46,14): error TS2304: Cannot find name 'SFX'.
src/audio/SFX_Human_T3_02.ts(8,23): error TS2304: Cannot find name 'SFX'.
src/audio/SFX_Human_T3_02.ts(9,25): error TS2304: Cannot find name 'SFX'.
src/audio/SFX_Human_T3_02.ts(14,28): error TS2304: Cannot find name 'SFX'.
src/audio/SFX_Human_T3_02.ts(19,26): error TS2304: Cannot find name 'SFX'.
src/audio/SFX_Human_T3_02.ts(21,47): error TS2304: Cannot find name 'SFX'.
src/audio/SFX_Human_T3_02.ts(26,26): error TS2304: Cannot find name 'SFX'.
src/audio/SFX_Human_T3_02.ts(30,13): error TS2304: Cannot find name 'SFX'.
src/audio/SFX_Human_T3_02.ts(30,43): error TS2304: Cannot find name 'SFX'.
src/audio/SFX_Human_T3_02.ts(33,13): error TS2304: Cannot find name 'SFX'.
src/audio/SFX_Human_T3_02.ts(33,44): error TS2304: Cannot find name 'SFX'.
src/audio/SFX_Human_T3_02.ts(34,13): error TS2304: Cannot find name 'SFX'.
src/audio/SFX_Human_T3_02.ts(34,49): error TS2304: Cannot find name 'SFX'.
src/audio/SFX_Human_T3_02.ts(37,13): error TS2304: Cannot find name 'SFX'.
src/audio/SFX_Human_T3_02.ts(37,43): error TS2304: Cannot find name 'SFX'.
src/audio/SFX_Human_T3_02.ts(38,13): error TS2304: Cannot find name 'SFX'.
src/audio/SFX_Human_T3_02.ts(38,47): error TS2304: Cannot find name 'SFX'.
src/audio/SFX_Human_T3_02.ts(41,13): error TS2304: Cannot find name 'SFX'.
src/audio/SFX_Human_T3_02.ts(41,44): error TS2304: Cannot find name 'SFX'.
src/audio/SFX_Human_T3_02.ts(44,13): error TS2304: Cannot find name 'SFX'.
src/audio/SFX_Human_T3_02.ts(44,44): error TS2304: Cannot find name 'SFX'.
src/audio/SFX_Human_T3_02.ts(47,9): error TS2304: Cannot find name 'SFX'.
src/audio/SFX_Human_T3_02.ts(47,14): error TS2304: Cannot find name 'SFX'.
src/audio/SFX_Human_T3_03.ts(8,23): error TS2304: Cannot find name 'SFX'.
src/audio/SFX_Human_T3_03.ts(9,25): error TS2304: Cannot find name 'SFX'.
src/audio/SFX_Human_T3_03.ts(14,28): error TS2304: Cannot find name 'SFX'.
src/audio/SFX_Human_T3_03.ts(19,26): error TS2304: Cannot find name 'SFX'.
src/audio/SFX_Human_T3_03.ts(21,47): error TS2304: Cannot find name 'SFX'.
src/audio/SFX_Human_T3_03.ts(26,26): error TS2304: Cannot find name 'SFX'.
src/audio/SFX_Human_T3_03.ts(31,13): error TS2304: Cannot find name 'SFX'.
src/audio/SFX_Human_T3_03.ts(31,49): error TS2304: Cannot find name 'SFX'.
src/audio/SFX_Human_T3_03.ts(34,13): error TS2304: Cannot find name 'SFX'.
src/audio/SFX_Human_T3_03.ts(34,49): error TS2304: Cannot find name 'SFX'.
src/audio/SFX_Human_T3_03.ts(37,13): error TS2304: Cannot find name 'SFX'.
src/audio/SFX_Human_T3_03.ts(37,45): error TS2304: Cannot find name 'SFX'.
src/audio/SFX_Human_T3_03.ts(40,13): error TS2304: Cannot find name 'SFX'.
src/audio/SFX_Human_T3_03.ts(40,49): error TS2304: Cannot find name 'SFX'.
src/audio/SFX_Human_T3_03.ts(43,9): error TS2304: Cannot find name 'SFX'.
src/audio/SFX_Human_T3_03.ts(43,14): error TS2304: Cannot find name 'SFX'.
src/audio/SFX_Human_T4_01.ts(8,23): error TS2304: Cannot find name 'SFX'.
src/audio/SFX_Human_T4_01.ts(9,25): error TS2304: Cannot find name 'SFX'.
src/audio/SFX_Human_T4_01.ts(14,28): error TS2304: Cannot find name 'SFX'.
src/audio/SFX_Human_T4_01.ts(19,26): error TS2304: Cannot find name 'SFX'.
src/audio/SFX_Human_T4_01.ts(21,47): error TS2304: Cannot find name 'SFX'.
src/audio/SFX_Human_T4_01.ts(26,26): error TS2304: Cannot find name 'SFX'.
src/audio/SFX_Human_T4_01.ts(30,13): error TS2304: Cannot find name 'SFX'.
src/audio/SFX_Human_T4_01.ts(30,45): error TS2304: Cannot find name 'SFX'.
src/audio/SFX_Human_T4_01.ts(33,13): error TS2304: Cannot find name 'SFX'.
src/audio/SFX_Human_T4_01.ts(33,49): error TS2304: Cannot find name 'SFX'.
src/audio/SFX_Human_T4_01.ts(36,13): error TS2304: Cannot find name 'SFX'.
src/audio/SFX_Human_T4_01.ts(36,48): error TS2304: Cannot find name 'SFX'.
src/audio/SFX_Human_T4_01.ts(37,13): error TS2304: Cannot find name 'SFX'.
src/audio/SFX_Human_T4_01.ts(37,44): error TS2304: Cannot find name 'SFX'.
src/audio/SFX_Human_T4_01.ts(40,13): error TS2304: Cannot find name 'SFX'.
src/audio/SFX_Human_T4_01.ts(40,45): error TS2304: Cannot find name 'SFX'.
src/audio/SFX_Human_T4_01.ts(43,13): error TS2304: Cannot find name 'SFX'.
src/audio/SFX_Human_T4_01.ts(43,49): error TS2304: Cannot find name 'SFX'.
src/audio/SFX_Human_T4_01.ts(46,9): error TS2304: Cannot find name 'SFX'.
src/audio/SFX_Human_T4_01.ts(46,14): error TS2304: Cannot find name 'SFX'.
src/audio/SFX_Human_T4_02.ts(8,23): error TS2304: Cannot find name 'SFX'.
src/audio/SFX_Human_T4_02.ts(9,25): error TS2304: Cannot find name 'SFX'.
src/audio/SFX_Human_T4_02.ts(14,28): error TS2304: Cannot find name 'SFX'.
src/audio/SFX_Human_T4_02.ts(19,26): error TS2304: Cannot find name 'SFX'.
src/audio/SFX_Human_T4_02.ts(21,47): error TS2304: Cannot find name 'SFX'.
src/audio/SFX_Human_T4_02.ts(26,26): error TS2304: Cannot find name 'SFX'.
src/audio/SFX_Human_T4_02.ts(30,13): error TS2304: Cannot find name 'SFX'.
src/audio/SFX_Human_T4_02.ts(30,44): error TS2304: Cannot find name 'SFX'.
src/audio/SFX_Human_T4_02.ts(33,13): error TS2304: Cannot find name 'SFX'.
src/audio/SFX_Human_T4_02.ts(33,49): error TS2304: Cannot find name 'SFX'.
src/audio/SFX_Human_T4_02.ts(36,13): error TS2304: Cannot find name 'SFX'.
src/audio/SFX_Human_T4_02.ts(36,48): error TS2304: Cannot find name 'SFX'.
src/audio/SFX_Human_T4_02.ts(37,13): error TS2304: Cannot find name 'SFX'.
src/audio/SFX_Human_T4_02.ts(37,45): error TS2304: Cannot find name 'SFX'.
src/audio/SFX_Human_T4_02.ts(40,13): error TS2304: Cannot find name 'SFX'.
src/audio/SFX_Human_T4_02.ts(40,45): error TS2304: Cannot find name 'SFX'.
src/audio/SFX_Human_T4_02.ts(43,13): error TS2304: Cannot find name 'SFX'.
src/audio/SFX_Human_T4_02.ts(43,49): error TS2304: Cannot find name 'SFX'.
src/audio/SFX_Human_T4_02.ts(46,9): error TS2304: Cannot find name 'SFX'.
src/audio/SFX_Human_T4_02.ts(46,14): error TS2304: Cannot find name 'SFX'.
src/audio/SFX_Human_T4_03.ts(8,23): error TS2304: Cannot find name 'SFX'.
src/audio/SFX_Human_T4_03.ts(9,25): error TS2304: Cannot find name 'SFX'.
src/audio/SFX_Human_T4_03.ts(14,28): error TS2304: Cannot find name 'SFX'.
src/audio/SFX_Human_T4_03.ts(19,26): error TS2304: Cannot find name 'SFX'.
src/audio/SFX_Human_T4_03.ts(21,47): error TS2304: Cannot find name 'SFX'.
src/audio/SFX_Human_T4_03.ts(26,26): error TS2304: Cannot find name 'SFX'.
src/audio/SFX_Human_T4_03.ts(30,13): error TS2304: Cannot find name 'SFX'.
src/audio/SFX_Human_T4_03.ts(30,44): error TS2304: Cannot find name 'SFX'.
src/audio/SFX_Human_T4_03.ts(33,13): error TS2304: Cannot find name 'SFX'.
src/audio/SFX_Human_T4_03.ts(33,48): error TS2304: Cannot find name 'SFX'.
src/audio/SFX_Human_T4_03.ts(36,13): error TS2304: Cannot find name 'SFX'.
src/audio/SFX_Human_T4_03.ts(36,49): error TS2304: Cannot find name 'SFX'.
src/audio/SFX_Human_T4_03.ts(37,13): error TS2304: Cannot find name 'SFX'.
src/audio/SFX_Human_T4_03.ts(37,42): error TS2304: Cannot find name 'SFX'.
src/audio/SFX_Human_T4_03.ts(40,13): error TS2304: Cannot find name 'SFX'.
src/audio/SFX_Human_T4_03.ts(40,44): error TS2304: Cannot find name 'SFX'.
src/audio/SFX_Human_T4_03.ts(43,13): error TS2304: Cannot find name 'SFX'.
src/audio/SFX_Human_T4_03.ts(43,49): error TS2304: Cannot find name 'SFX'.
src/audio/SFX_Human_T4_03.ts(46,9): error TS2304: Cannot find name 'SFX'.
src/audio/SFX_Human_T4_03.ts(46,14): error TS2304: Cannot find name 'SFX'.
src/audio/SFX_Resources.ts(9,32): error TS2304: Cannot find name 'SFX'.
src/audio/SFX_Resources.ts(10,50): error TS2304: Cannot find name 'SFX'.
src/audio/SFX_Resources.ts(11,64): error TS2304: Cannot find name 'SFX'.
src/audio/SFX_Resources.ts(15,13): error TS2304: Cannot find name 'SFX'.
src/audio/SFX_Resources.ts(16,25): error TS2304: Cannot find name 'SFX'.
src/audio/SFX_Resources.ts(18,47): error TS2304: Cannot find name 'SFX'.
src/audio/SFX_Resources.ts(19,60): error TS2304: Cannot find name 'SFX'.
src/audio/SFX_Resources.ts(21,26): error TS2304: Cannot find name 'SFX'.
src/audio/SFX_Resources.ts(22,38): error TS2304: Cannot find name 'SFX'.
src/audio/SFX_Resources.ts(22,57): error TS2304: Cannot find name 'SFX'.
src/audio/SFX_Resources.ts(23,58): error TS2304: Cannot find name 'SFX'.
src/audio/SFX_Resources.ts(26,26): error TS2304: Cannot find name 'SFX'.
src/audio/SFX_Resources.ts(28,22): error TS2304: Cannot find name 'SFX'.
src/audio/SFX_Resources.ts(32,13): error TS2304: Cannot find name 'SFX'.
src/audio/SFX_Resources.ts(33,13): error TS2304: Cannot find name 'SFX'.
src/audio/SFX_Resources.ts(34,13): error TS2304: Cannot find name 'SFX'.
src/audio/SFX_Resources.ts(38,13): error TS2304: Cannot find name 'SFX'.
src/audio/SFX_Resources.ts(39,13): error TS2304: Cannot find name 'SFX'.
src/audio/SFX_Resources.ts(43,13): error TS2304: Cannot find name 'SFX'.
src/audio/SFX_Resources.ts(44,13): error TS2304: Cannot find name 'SFX'.
src/audio/SFX_Resources.ts(49,13): error TS2304: Cannot find name 'SFX'.
src/audio/SFX_Resources.ts(50,13): error TS2304: Cannot find name 'SFX'.
src/audio/SFX_Resources.ts(51,30): error TS2304: Cannot find name 'SFX'.
src/audio/SFX_Resources.ts(57,13): error TS2304: Cannot find name 'SFX'.
src/audio/SFX_Resources.ts(58,13): error TS2304: Cannot find name 'SFX'.
src/audio/SFX_Resources.ts(63,13): error TS2304: Cannot find name 'SFX'.
src/audio/SFX_Resources.ts(64,30): error TS2304: Cannot find name 'SFX'.
src/audio/SFX_Resources.ts(65,13): error TS2304: Cannot find name 'SFX'.
src/audio/SFX_Resources.ts(69,13): error TS2304: Cannot find name 'SFX'.
src/audio/SFX_Resources.ts(70,13): error TS2304: Cannot find name 'SFX'.
src/audio/SFX_Resources.ts(71,30): error TS2304: Cannot find name 'SFX'.
src/audio/SFX_Resources.ts(75,25): error TS2304: Cannot find name 'SFX'.
src/audio/SFX_Resources.ts(77,46): error TS2304: Cannot find name 'SFX'.
src/audio/SFX_Resources.ts(78,55): error TS2304: Cannot find name 'SFX'.
src/audio/SFX_Resources.ts(80,26): error TS2304: Cannot find name 'SFX'.
src/audio/SFX_Resources.ts(81,38): error TS2304: Cannot find name 'SFX'.
src/audio/SFX_Resources.ts(81,57): error TS2304: Cannot find name 'SFX'.
src/audio/SFX_Resources.ts(82,58): error TS2304: Cannot find name 'SFX'.
src/audio/SFX_Resources.ts(85,26): error TS2304: Cannot find name 'SFX'.
src/audio/SFX_Resources.ts(87,22): error TS2304: Cannot find name 'SFX'.
src/audio/SFX_Resources.ts(89,13): error TS2304: Cannot find name 'SFX'.
src/audio/SFX_Resources.ts(93,13): error TS2304: Cannot find name 'SFX'.
src/audio/SFX_Resources.ts(94,30): error TS2304: Cannot find name 'SFX'.
src/audio/SFX_Resources.ts(98,13): error TS2304: Cannot find name 'SFX'.
src/audio/SFX_Resources.ts(99,30): error TS2304: Cannot find name 'SFX'.
src/audio/SFX_Resources.ts(109,22): error TS2304: Cannot find name 'SFX'.
src/audio/SFX_Resources.ts(115,35): error TS2304: Cannot find name 'SFX'.
src/audio/SFX_Resources.ts(116,50): error TS2304: Cannot find name 'SFX'.
src/audio/SFX_Resources.ts(117,61): error TS2304: Cannot find name 'SFX'.
src/audio/SFX_Resources.ts(118,59): error TS2304: Cannot find name 'SFX'.
src/audio/SFX_Resources.ts(119,35): error TS2304: Cannot find name 'SFX'.
src/audio/SFX_Resources.ts(122,30): error TS2304: Cannot find name 'SFX'.
src/audio/SFX_Resources.ts(127,27): error TS2304: Cannot find name 'SFX'.
src/audio/SFX_Resources.ts(131,26): error TS2304: Cannot find name 'SFX'.
src/audio/SFX_Resources.ts(132,40): error TS2304: Cannot find name 'SFX'.
src/audio/SFX_Resources.ts(133,55): error TS2304: Cannot find name 'SFX'.
src/audio/SFX_Resources.ts(134,66): error TS2304: Cannot find name 'SFX'.
src/audio/SFX_Resources.ts(135,64): error TS2304: Cannot find name 'SFX'.
src/audio/SFX_Resources.ts(136,40): error TS2304: Cannot find name 'SFX'.
src/audio/SFX_Resources.ts(138,34): error TS2304: Cannot find name 'SFX'.
src/audio/SFX_Resources.ts(143,31): error TS2304: Cannot find name 'SFX'.
src/audio/SFX_Resources.ts(149,13): error TS2304: Cannot find name 'SFX'.
src/audio/SFX_Resources.ts(150,13): error TS2304: Cannot find name 'SFX'.
src/audio/SFX_Resources.ts(154,13): error TS2304: Cannot find name 'SFX'.
src/audio/SFX_Resources.ts(155,13): error TS2304: Cannot find name 'SFX'.
src/audio/SFX_Resources.ts(159,32): error TS2304: Cannot find name 'SFX'.
src/audio/SFX_Resources.ts(160,59): error TS2304: Cannot find name 'SFX'.
src/audio/SFX_Resources.ts(161,13): error TS2304: Cannot find name 'SFX'.
src/audio/SFX_Resources.ts(166,25): error TS2304: Cannot find name 'SFX'.
src/audio/SFX_Resources.ts(168,46): error TS2304: Cannot find name 'SFX'.
src/audio/SFX_Resources.ts(169,61): error TS2304: Cannot find name 'SFX'.
src/audio/SFX_Resources.ts(171,26): error TS2304: Cannot find name 'SFX'.
src/audio/SFX_Resources.ts(172,38): error TS2304: Cannot find name 'SFX'.
src/audio/SFX_Resources.ts(172,57): error TS2304: Cannot find name 'SFX'.
src/audio/SFX_Resources.ts(173,58): error TS2304: Cannot find name 'SFX'.
src/audio/SFX_Resources.ts(176,26): error TS2304: Cannot find name 'SFX'.
src/audio/SFX_Resources.ts(178,22): error TS2304: Cannot find name 'SFX'.
src/audio/SFX_Resources.ts(180,13): error TS2304: Cannot find name 'SFX'.
src/audio/SFX_Resources.ts(184,25): error TS2304: Cannot find name 'SFX'.
src/audio/SFX_Resources.ts(186,46): error TS2304: Cannot find name 'SFX'.
src/audio/SFX_Resources.ts(187,56): error TS2304: Cannot find name 'SFX'.
src/audio/SFX_Resources.ts(189,26): error TS2304: Cannot find name 'SFX'.
src/audio/SFX_Resources.ts(190,38): error TS2304: Cannot find name 'SFX'.
src/audio/SFX_Resources.ts(190,57): error TS2304: Cannot find name 'SFX'.
src/audio/SFX_Resources.ts(191,58): error TS2304: Cannot find name 'SFX'.
src/audio/SFX_Resources.ts(194,26): error TS2304: Cannot find name 'SFX'.
src/audio/SFX_Resources.ts(196,22): error TS2304: Cannot find name 'SFX'.
src/audio/SFX_Resources.ts(198,13): error TS2304: Cannot find name 'SFX'.
src/audio/SFX_Resources.ts(202,25): error TS2304: Cannot find name 'SFX'.
src/audio/SFX_Resources.ts(204,47): error TS2304: Cannot find name 'SFX'.
src/audio/SFX_Resources.ts(205,56): error TS2304: Cannot find name 'SFX'.
src/audio/SFX_Resources.ts(207,26): error TS2304: Cannot find name 'SFX'.
src/audio/SFX_Resources.ts(208,38): error TS2304: Cannot find name 'SFX'.
src/audio/SFX_Resources.ts(208,57): error TS2304: Cannot find name 'SFX'.
src/audio/SFX_Resources.ts(209,58): error TS2304: Cannot find name 'SFX'.
src/audio/SFX_Resources.ts(211,28): error TS2304: Cannot find name 'SFX'.
src/audio/SFX_Resources.ts(217,26): error TS2304: Cannot find name 'SFX'.
src/audio/SFX_Resources.ts(219,22): error TS2304: Cannot find name 'SFX'.
src/audio/SFX_Resources.ts(224,13): error TS2304: Cannot find name 'SFX'.
src/audio/SFX_Resources.ts(225,30): error TS2304: Cannot find name 'SFX'.
src/audio/SFX_Resources.ts(226,30): error TS2304: Cannot find name 'SFX'.
src/audio/SFX_Resources.ts(230,9): error TS2304: Cannot find name 'SFX'.
src/audio/SFX_Resources.ts(231,9): error TS2304: Cannot find name 'SFX'.
src/audio/SFX_Saurian_T1_01.ts(8,23): error TS2304: Cannot find name 'SFX'.
src/audio/SFX_Saurian_T1_01.ts(9,25): error TS2304: Cannot find name 'SFX'.
src/audio/SFX_Saurian_T1_01.ts(14,26): error TS2304: Cannot find name 'SFX'.
src/audio/SFX_Saurian_T1_01.ts(16,47): error TS2304: Cannot find name 'SFX'.
src/audio/SFX_Saurian_T1_01.ts(20,26): error TS2304: Cannot find name 'SFX'.
src/audio/SFX_Saurian_T1_01.ts(24,13): error TS2304: Cannot find name 'SFX'.
src/audio/SFX_Saurian_T1_01.ts(24,45): error TS2304: Cannot find name 'SFX'.
src/audio/SFX_Saurian_T1_01.ts(27,13): error TS2304: Cannot find name 'SFX'.
src/audio/SFX_Saurian_T1_01.ts(27,48): error TS2304: Cannot find name 'SFX'.
src/audio/SFX_Saurian_T1_01.ts(28,13): error TS2304: Cannot find name 'SFX'.
src/audio/SFX_Saurian_T1_01.ts(28,45): error TS2304: Cannot find name 'SFX'.
src/audio/SFX_Saurian_T1_01.ts(31,13): error TS2304: Cannot find name 'SFX'.
src/audio/SFX_Saurian_T1_01.ts(31,48): error TS2304: Cannot find name 'SFX'.
src/audio/SFX_Saurian_T1_01.ts(32,13): error TS2304: Cannot find name 'SFX'.
src/audio/SFX_Saurian_T1_01.ts(32,44): error TS2304: Cannot find name 'SFX'.
src/audio/SFX_Saurian_T1_01.ts(35,13): error TS2304: Cannot find name 'SFX'.
src/audio/SFX_Saurian_T1_01.ts(35,44): error TS2304: Cannot find name 'SFX'.
src/audio/SFX_Saurian_T1_01.ts(36,13): error TS2304: Cannot find name 'SFX'.
src/audio/SFX_Saurian_T1_01.ts(36,48): error TS2304: Cannot find name 'SFX'.
src/audio/SFX_Saurian_T1_01.ts(39,13): error TS2304: Cannot find name 'SFX'.
src/audio/SFX_Saurian_T1_01.ts(39,48): error TS2304: Cannot find name 'SFX'.
src/audio/SFX_Saurian_T1_01.ts(42,9): error TS2304: Cannot find name 'SFX'.
src/audio/SFX_Saurian_T1_01.ts(42,14): error TS2304: Cannot find name 'SFX'.
src/audio/SFX_Saurian_T1_02.ts(8,23): error TS2304: Cannot find name 'SFX'.
src/audio/SFX_Saurian_T1_02.ts(9,25): error TS2304: Cannot find name 'SFX'.
src/audio/SFX_Saurian_T1_02.ts(14,26): error TS2304: Cannot find name 'SFX'.
src/audio/SFX_Saurian_T1_02.ts(16,47): error TS2304: Cannot find name 'SFX'.
src/audio/SFX_Saurian_T1_02.ts(20,26): error TS2304: Cannot find name 'SFX'.
src/audio/SFX_Saurian_T1_02.ts(25,13): error TS2304: Cannot find name 'SFX'.
src/audio/SFX_Saurian_T1_02.ts(25,47): error TS2304: Cannot find name 'SFX'.
src/audio/SFX_Saurian_T1_02.ts(28,13): error TS2304: Cannot find name 'SFX'.
src/audio/SFX_Saurian_T1_02.ts(28,46): error TS2304: Cannot find name 'SFX'.
src/audio/SFX_Saurian_T1_02.ts(31,13): error TS2304: Cannot find name 'SFX'.
src/audio/SFX_Saurian_T1_02.ts(31,44): error TS2304: Cannot find name 'SFX'.
src/audio/SFX_Saurian_T1_02.ts(34,13): error TS2304: Cannot find name 'SFX'.
src/audio/SFX_Saurian_T1_02.ts(34,47): error TS2304: Cannot find name 'SFX'.
src/audio/SFX_Saurian_T1_02.ts(37,9): error TS2304: Cannot find name 'SFX'.
src/audio/SFX_Saurian_T1_02.ts(37,14): error TS2304: Cannot find name 'SFX'.
src/audio/SFX_Saurian_T1_03.ts(8,23): error TS2304: Cannot find name 'SFX'.
src/audio/SFX_Saurian_T1_03.ts(9,25): error TS2304: Cannot find name 'SFX'.
src/audio/SFX_Saurian_T1_03.ts(14,26): error TS2304: Cannot find name 'SFX'.
src/audio/SFX_Saurian_T1_03.ts(16,47): error TS2304: Cannot find name 'SFX'.
src/audio/SFX_Saurian_T1_03.ts(20,26): error TS2304: Cannot find name 'SFX'.
src/audio/SFX_Saurian_T1_03.ts(24,13): error TS2304: Cannot find name 'SFX'.
src/audio/SFX_Saurian_T1_03.ts(24,45): error TS2304: Cannot find name 'SFX'.
src/audio/SFX_Saurian_T1_03.ts(27,13): error TS2304: Cannot find name 'SFX'.
src/audio/SFX_Saurian_T1_03.ts(27,49): error TS2304: Cannot find name 'SFX'.
src/audio/SFX_Saurian_T1_03.ts(28,13): error TS2304: Cannot find name 'SFX'.
src/audio/SFX_Saurian_T1_03.ts(28,44): error TS2304: Cannot find name 'SFX'.
src/audio/SFX_Saurian_T1_03.ts(31,13): error TS2304: Cannot find name 'SFX'.
src/audio/SFX_Saurian_T1_03.ts(31,47): error TS2304: Cannot find name 'SFX'.
src/audio/SFX_Saurian_T1_03.ts(32,13): error TS2304: Cannot find name 'SFX'.
src/audio/SFX_Saurian_T1_03.ts(32,44): error TS2304: Cannot find name 'SFX'.
src/audio/SFX_Saurian_T1_03.ts(35,13): error TS2304: Cannot find name 'SFX'.
src/audio/SFX_Saurian_T1_03.ts(35,44): error TS2304: Cannot find name 'SFX'.
src/audio/SFX_Saurian_T1_03.ts(38,13): error TS2304: Cannot find name 'SFX'.
src/audio/SFX_Saurian_T1_03.ts(38,49): error TS2304: Cannot find name 'SFX'.
src/audio/SFX_Saurian_T1_03.ts(41,9): error TS2304: Cannot find name 'SFX'.
src/audio/SFX_Saurian_T1_03.ts(41,14): error TS2304: Cannot find name 'SFX'.
src/audio/SFX_Saurian_T2_01.ts(8,23): error TS2304: Cannot find name 'SFX'.
src/audio/SFX_Saurian_T2_01.ts(9,25): error TS2304: Cannot find name 'SFX'.
src/audio/SFX_Saurian_T2_01.ts(14,26): error TS2304: Cannot find name 'SFX'.
src/audio/SFX_Saurian_T2_01.ts(16,47): error TS2304: Cannot find name 'SFX'.
src/audio/SFX_Saurian_T2_01.ts(20,26): error TS2304: Cannot find name 'SFX'.
src/audio/SFX_Saurian_T2_01.ts(24,13): error TS2304: Cannot find name 'SFX'.
src/audio/SFX_Saurian_T2_01.ts(24,44): error TS2304: Cannot find name 'SFX'.
src/audio/SFX_Saurian_T2_01.ts(27,13): error TS2304: Cannot find name 'SFX'.
src/audio/SFX_Saurian_T2_01.ts(27,48): error TS2304: Cannot find name 'SFX'.
src/audio/SFX_Saurian_T2_01.ts(30,13): error TS2304: Cannot find name 'SFX'.
src/audio/SFX_Saurian_T2_01.ts(30,48): error TS2304: Cannot find name 'SFX'.
src/audio/SFX_Saurian_T2_01.ts(31,13): error TS2304: Cannot find name 'SFX'.
src/audio/SFX_Saurian_T2_01.ts(31,45): error TS2304: Cannot find name 'SFX'.
src/audio/SFX_Saurian_T2_01.ts(34,13): error TS2304: Cannot find name 'SFX'.
src/audio/SFX_Saurian_T2_01.ts(34,44): error TS2304: Cannot find name 'SFX'.
src/audio/SFX_Saurian_T2_01.ts(35,13): error TS2304: Cannot find name 'SFX'.
src/audio/SFX_Saurian_T2_01.ts(35,49): error TS2304: Cannot find name 'SFX'.
src/audio/SFX_Saurian_T2_01.ts(38,13): error TS2304: Cannot find name 'SFX'.
src/audio/SFX_Saurian_T2_01.ts(38,49): error TS2304: Cannot find name 'SFX'.
src/audio/SFX_Saurian_T2_01.ts(41,9): error TS2304: Cannot find name 'SFX'.
src/audio/SFX_Saurian_T2_01.ts(41,14): error TS2304: Cannot find name 'SFX'.
src/audio/SFX_Saurian_T2_02.ts(8,23): error TS2304: Cannot find name 'SFX'.
src/audio/SFX_Saurian_T2_02.ts(9,26): error TS2304: Cannot find name 'SFX'.
src/audio/SFX_Saurian_T2_02.ts(15,27): error TS2304: Cannot find name 'SFX'.
src/audio/SFX_Saurian_T2_02.ts(17,48): error TS2304: Cannot find name 'SFX'.
src/audio/SFX_Saurian_T2_02.ts(18,48): error TS2304: Cannot find name 'SFX'.
src/audio/SFX_Saurian_T2_02.ts(22,27): error TS2304: Cannot find name 'SFX'.
src/audio/SFX_Saurian_T2_02.ts(26,26): error TS2304: Cannot find name 'SFX'.
src/audio/SFX_Saurian_T2_02.ts(31,27): error TS2304: Cannot find name 'SFX'.
src/audio/SFX_Saurian_T2_02.ts(33,48): error TS2304: Cannot find name 'SFX'.
src/audio/SFX_Saurian_T2_02.ts(37,27): error TS2304: Cannot find name 'SFX'.
src/audio/SFX_Saurian_T2_02.ts(42,13): error TS2304: Cannot find name 'SFX'.
src/audio/SFX_Saurian_T2_02.ts(42,49): error TS2304: Cannot find name 'SFX'.
src/audio/SFX_Saurian_T2_02.ts(45,13): error TS2304: Cannot find name 'SFX'.
src/audio/SFX_Saurian_T2_02.ts(45,48): error TS2304: Cannot find name 'SFX'.
src/audio/SFX_Saurian_T2_02.ts(48,13): error TS2304: Cannot find name 'SFX'.
src/audio/SFX_Saurian_T2_02.ts(48,48): error TS2304: Cannot find name 'SFX'.
src/audio/SFX_Saurian_T2_02.ts(51,13): error TS2304: Cannot find name 'SFX'.
src/audio/SFX_Saurian_T2_02.ts(51,48): error TS2304: Cannot find name 'SFX'.
src/audio/SFX_Saurian_T2_02.ts(54,9): error TS2304: Cannot find name 'SFX'.
src/audio/SFX_Saurian_T2_02.ts(54,14): error TS2304: Cannot find name 'SFX'.
src/audio/SFX_Saurian_T2_03.ts(8,23): error TS2304: Cannot find name 'SFX'.
src/audio/SFX_Saurian_T2_03.ts(9,25): error TS2304: Cannot find name 'SFX'.
src/audio/SFX_Saurian_T2_03.ts(14,26): error TS2304: Cannot find name 'SFX'.
src/audio/SFX_Saurian_T2_03.ts(16,47): error TS2304: Cannot find name 'SFX'.
src/audio/SFX_Saurian_T2_03.ts(20,26): error TS2304: Cannot find name 'SFX'.
src/audio/SFX_Saurian_T2_03.ts(24,13): error TS2304: Cannot find name 'SFX'.
src/audio/SFX_Saurian_T2_03.ts(24,44): error TS2304: Cannot find name 'SFX'.
src/audio/SFX_Saurian_T2_03.ts(27,13): error TS2304: Cannot find name 'SFX'.
src/audio/SFX_Saurian_T2_03.ts(27,49): error TS2304: Cannot find name 'SFX'.
src/audio/SFX_Saurian_T2_03.ts(30,13): error TS2304: Cannot find name 'SFX'.
src/audio/SFX_Saurian_T2_03.ts(30,48): error TS2304: Cannot find name 'SFX'.
src/audio/SFX_Saurian_T2_03.ts(33,13): error TS2304: Cannot find name 'SFX'.
src/audio/SFX_Saurian_T2_03.ts(33,45): error TS2304: Cannot find name 'SFX'.
src/audio/SFX_Saurian_T2_03.ts(36,13): error TS2304: Cannot find name 'SFX'.
src/audio/SFX_Saurian_T2_03.ts(36,49): error TS2304: Cannot find name 'SFX'.
src/audio/SFX_Saurian_T2_03.ts(39,9): error TS2304: Cannot find name 'SFX'.
src/audio/SFX_Saurian_T2_03.ts(39,14): error TS2304: Cannot find name 'SFX'.
src/audio/SFX_Saurian_T3_01.ts(8,23): error TS2304: Cannot find name 'SFX'.
src/audio/SFX_Saurian_T3_01.ts(9,25): error TS2304: Cannot find name 'SFX'.
src/audio/SFX_Saurian_T3_01.ts(14,26): error TS2304: Cannot find name 'SFX'.
src/audio/SFX_Saurian_T3_01.ts(16,47): error TS2304: Cannot find name 'SFX'.
src/audio/SFX_Saurian_T3_01.ts(20,26): error TS2304: Cannot find name 'SFX'.
src/audio/SFX_Saurian_T3_01.ts(24,13): error TS2304: Cannot find name 'SFX'.
src/audio/SFX_Saurian_T3_01.ts(24,45): error TS2304: Cannot find name 'SFX'.
src/audio/SFX_Saurian_T3_01.ts(27,13): error TS2304: Cannot find name 'SFX'.
src/audio/SFX_Saurian_T3_01.ts(27,48): error TS2304: Cannot find name 'SFX'.
src/audio/SFX_Saurian_T3_01.ts(30,13): error TS2304: Cannot find name 'SFX'.
src/audio/SFX_Saurian_T3_01.ts(30,48): error TS2304: Cannot find name 'SFX'.
src/audio/SFX_Saurian_T3_01.ts(31,13): error TS2304: Cannot find name 'SFX'.
src/audio/SFX_Saurian_T3_01.ts(31,43): error TS2304: Cannot find name 'SFX'.
src/audio/SFX_Saurian_T3_01.ts(34,13): error TS2304: Cannot find name 'SFX'.
src/audio/SFX_Saurian_T3_01.ts(34,44): error TS2304: Cannot find name 'SFX'.
src/audio/SFX_Saurian_T3_01.ts(35,13): error TS2304: Cannot find name 'SFX'.
src/audio/SFX_Saurian_T3_01.ts(35,48): error TS2304: Cannot find name 'SFX'.
src/audio/SFX_Saurian_T3_01.ts(38,13): error TS2304: Cannot find name 'SFX'.
src/audio/SFX_Saurian_T3_01.ts(38,49): error TS2304: Cannot find name 'SFX'.
src/audio/SFX_Saurian_T3_01.ts(41,9): error TS2304: Cannot find name 'SFX'.
src/audio/SFX_Saurian_T3_01.ts(41,14): error TS2304: Cannot find name 'SFX'.
src/audio/SFX_Saurian_T3_02.ts(8,23): error TS2304: Cannot find name 'SFX'.
src/audio/SFX_Saurian_T3_02.ts(9,25): error TS2304: Cannot find name 'SFX'.
src/audio/SFX_Saurian_T3_02.ts(14,26): error TS2304: Cannot find name 'SFX'.
src/audio/SFX_Saurian_T3_02.ts(16,47): error TS2304: Cannot find name 'SFX'.
src/audio/SFX_Saurian_T3_02.ts(20,26): error TS2304: Cannot find name 'SFX'.
src/audio/SFX_Saurian_T3_02.ts(24,13): error TS2304: Cannot find name 'SFX'.
src/audio/SFX_Saurian_T3_02.ts(24,44): error TS2304: Cannot find name 'SFX'.
src/audio/SFX_Saurian_T3_02.ts(27,13): error TS2304: Cannot find name 'SFX'.
src/audio/SFX_Saurian_T3_02.ts(27,48): error TS2304: Cannot find name 'SFX'.
src/audio/SFX_Saurian_T3_02.ts(30,13): error TS2304: Cannot find name 'SFX'.
src/audio/SFX_Saurian_T3_02.ts(30,47): error TS2304: Cannot find name 'SFX'.
src/audio/SFX_Saurian_T3_02.ts(31,13): error TS2304: Cannot find name 'SFX'.
src/audio/SFX_Saurian_T3_02.ts(31,42): error TS2304: Cannot find name 'SFX'.
src/audio/SFX_Saurian_T3_02.ts(34,13): error TS2304: Cannot find name 'SFX'.
src/audio/SFX_Saurian_T3_02.ts(34,44): error TS2304: Cannot find name 'SFX'.
src/audio/SFX_Saurian_T3_02.ts(37,13): error TS2304: Cannot find name 'SFX'.
src/audio/SFX_Saurian_T3_02.ts(37,48): error TS2304: Cannot find name 'SFX'.
src/audio/SFX_Saurian_T3_02.ts(40,9): error TS2304: Cannot find name 'SFX'.
src/audio/SFX_Saurian_T3_02.ts(40,14): error TS2304: Cannot find name 'SFX'.
src/audio/SFX_Saurian_T3_03.ts(8,23): error TS2304: Cannot find name 'SFX'.
src/audio/SFX_Saurian_T3_03.ts(9,25): error TS2304: Cannot find name 'SFX'.
src/audio/SFX_Saurian_T3_03.ts(14,26): error TS2304: Cannot find name 'SFX'.
src/audio/SFX_Saurian_T3_03.ts(16,47): error TS2304: Cannot find name 'SFX'.
src/audio/SFX_Saurian_T3_03.ts(20,26): error TS2304: Cannot find name 'SFX'.
src/audio/SFX_Saurian_T3_03.ts(24,13): error TS2304: Cannot find name 'SFX'.
src/audio/SFX_Saurian_T3_03.ts(24,45): error TS2304: Cannot find name 'SFX'.
src/audio/SFX_Saurian_T3_03.ts(27,13): error TS2304: Cannot find name 'SFX'.
src/audio/SFX_Saurian_T3_03.ts(27,48): error TS2304: Cannot find name 'SFX'.
src/audio/SFX_Saurian_T3_03.ts(30,13): error TS2304: Cannot find name 'SFX'.
src/audio/SFX_Saurian_T3_03.ts(30,47): error TS2304: Cannot find name 'SFX'.
src/audio/SFX_Saurian_T3_03.ts(31,13): error TS2304: Cannot find name 'SFX'.
src/audio/SFX_Saurian_T3_03.ts(31,44): error TS2304: Cannot find name 'SFX'.
src/audio/SFX_Saurian_T3_03.ts(34,13): error TS2304: Cannot find name 'SFX'.
src/audio/SFX_Saurian_T3_03.ts(34,45): error TS2304: Cannot find name 'SFX'.
src/audio/SFX_Saurian_T3_03.ts(37,13): error TS2304: Cannot find name 'SFX'.
src/audio/SFX_Saurian_T3_03.ts(37,48): error TS2304: Cannot find name 'SFX'.
src/audio/SFX_Saurian_T3_03.ts(40,9): error TS2304: Cannot find name 'SFX'.
src/audio/SFX_Saurian_T3_03.ts(40,14): error TS2304: Cannot find name 'SFX'.
src/audio/SFX_Saurian_T3_04.ts(8,23): error TS2304: Cannot find name 'SFX'.
src/audio/SFX_Saurian_T3_04.ts(9,25): error TS2304: Cannot find name 'SFX'.
src/audio/SFX_Saurian_T3_04.ts(14,28): error TS2304: Cannot find name 'SFX'.
src/audio/SFX_Saurian_T3_04.ts(19,26): error TS2304: Cannot find name 'SFX'.
src/audio/SFX_Saurian_T3_04.ts(21,47): error TS2304: Cannot find name 'SFX'.
src/audio/SFX_Saurian_T3_04.ts(26,26): error TS2304: Cannot find name 'SFX'.
src/audio/SFX_Saurian_T3_04.ts(30,13): error TS2304: Cannot find name 'SFX'.
src/audio/SFX_Saurian_T3_04.ts(30,44): error TS2304: Cannot find name 'SFX'.
src/audio/SFX_Saurian_T3_04.ts(33,13): error TS2304: Cannot find name 'SFX'.
src/audio/SFX_Saurian_T3_04.ts(33,47): error TS2304: Cannot find name 'SFX'.
src/audio/SFX_Saurian_T3_04.ts(36,13): error TS2304: Cannot find name 'SFX'.
src/audio/SFX_Saurian_T3_04.ts(36,47): error TS2304: Cannot find name 'SFX'.
src/audio/SFX_Saurian_T3_04.ts(37,13): error TS2304: Cannot find name 'SFX'.
src/audio/SFX_Saurian_T3_04.ts(37,44): error TS2304: Cannot find name 'SFX'.
src/audio/SFX_Saurian_T3_04.ts(40,13): error TS2304: Cannot find name 'SFX'.
src/audio/SFX_Saurian_T3_04.ts(40,44): error TS2304: Cannot find name 'SFX'.
src/audio/SFX_Saurian_T3_04.ts(43,13): error TS2304: Cannot find name 'SFX'.
src/audio/SFX_Saurian_T3_04.ts(43,48): error TS2304: Cannot find name 'SFX'.
src/audio/SFX_Saurian_T3_04.ts(46,9): error TS2304: Cannot find name 'SFX'.
src/audio/SFX_Saurian_T3_04.ts(46,14): error TS2304: Cannot find name 'SFX'.
src/audio/SFX_Saurian_T4_01.ts(8,23): error TS2304: Cannot find name 'SFX'.
src/audio/SFX_Saurian_T4_01.ts(9,29): error TS2304: Cannot find name 'SFX'.
src/audio/SFX_Saurian_T4_01.ts(14,30): error TS2304: Cannot find name 'SFX'.
src/audio/SFX_Saurian_T4_01.ts(16,51): error TS2304: Cannot find name 'SFX'.
src/audio/SFX_Saurian_T4_01.ts(20,30): error TS2304: Cannot find name 'SFX'.
src/audio/SFX_Saurian_T4_01.ts(24,26): error TS2304: Cannot find name 'SFX'.
src/audio/SFX_Saurian_T4_01.ts(29,30): error TS2304: Cannot find name 'SFX'.
src/audio/SFX_Saurian_T4_01.ts(31,51): error TS2304: Cannot find name 'SFX'.
src/audio/SFX_Saurian_T4_01.ts(35,30): error TS2304: Cannot find name 'SFX'.
src/audio/SFX_Saurian_T4_01.ts(39,13): error TS2304: Cannot find name 'SFX'.
src/audio/SFX_Saurian_T4_01.ts(39,43): error TS2304: Cannot find name 'SFX'.
src/audio/SFX_Saurian_T4_01.ts(40,13): error TS2304: Cannot find name 'SFX'.
src/audio/SFX_Saurian_T4_01.ts(40,45): error TS2304: Cannot find name 'SFX'.
src/audio/SFX_Saurian_T4_01.ts(43,13): error TS2304: Cannot find name 'SFX'.
src/audio/SFX_Saurian_T4_01.ts(43,49): error TS2304: Cannot find name 'SFX'.
src/audio/SFX_Saurian_T4_01.ts(44,13): error TS2304: Cannot find name 'SFX'.
src/audio/SFX_Saurian_T4_01.ts(44,44): error TS2304: Cannot find name 'SFX'.
src/audio/SFX_Saurian_T4_01.ts(47,23): error TS2304: Cannot find name 'SFX'.
src/audio/SFX_Saurian_T4_01.ts(48,13): error TS2304: Cannot find name 'SFX'.
src/audio/SFX_Saurian_T4_01.ts(48,44): error TS2304: Cannot find name 'SFX'.
src/audio/SFX_Saurian_T4_01.ts(50,25): error TS2304: Cannot find name 'SFX'.
src/audio/SFX_Saurian_T4_01.ts(55,25): error TS2304: Cannot find name 'SFX'.
src/audio/SFX_Saurian_T4_01.ts(58,29): error TS2304: Cannot find name 'SFX'.
src/audio/SFX_Saurian_T4_01.ts(63,26): error TS2304: Cannot find name 'SFX'.
src/audio/SFX_Saurian_T4_01.ts(64,38): error TS2304: Cannot find name 'SFX'.
src/audio/SFX_Saurian_T4_01.ts(68,26): error TS2304: Cannot find name 'SFX'.
src/audio/SFX_Saurian_T4_01.ts(75,13): error TS2304: Cannot find name 'SFX'.
src/audio/SFX_Saurian_T4_01.ts(75,42): error TS2304: Cannot find name 'SFX'.
src/audio/SFX_Saurian_T4_01.ts(76,13): error TS2304: Cannot find name 'SFX'.
src/audio/SFX_Saurian_T4_01.ts(76,43): error TS2304: Cannot find name 'SFX'.
src/audio/SFX_Saurian_T4_01.ts(79,13): error TS2304: Cannot find name 'SFX'.
src/audio/SFX_Saurian_T4_01.ts(79,44): error TS2304: Cannot find name 'SFX'.
src/audio/SFX_Saurian_T4_01.ts(80,13): error TS2304: Cannot find name 'SFX'.
src/audio/SFX_Saurian_T4_01.ts(80,43): error TS2304: Cannot find name 'SFX'.
src/audio/SFX_Saurian_T4_01.ts(83,9): error TS2304: Cannot find name 'SFX'.
src/audio/SFX_Saurian_T4_01.ts(83,14): error TS2304: Cannot find name 'SFX'.
src/audio/SFX_Saurian_T4_02.ts(8,23): error TS2304: Cannot find name 'SFX'.
src/audio/SFX_Saurian_T4_02.ts(9,29): error TS2304: Cannot find name 'SFX'.
src/audio/SFX_Saurian_T4_02.ts(14,30): error TS2304: Cannot find name 'SFX'.
src/audio/SFX_Saurian_T4_02.ts(16,51): error TS2304: Cannot find name 'SFX'.
src/audio/SFX_Saurian_T4_02.ts(20,30): error TS2304: Cannot find name 'SFX'.
src/audio/SFX_Saurian_T4_02.ts(24,13): error TS2304: Cannot find name 'SFX'.
src/audio/SFX_Saurian_T4_02.ts(24,47): error TS2304: Cannot find name 'SFX'.
src/audio/SFX_Saurian_T4_02.ts(25,13): error TS2304: Cannot find name 'SFX'.
src/audio/SFX_Saurian_T4_02.ts(25,45): error TS2304: Cannot find name 'SFX'.
src/audio/SFX_Saurian_T4_02.ts(28,13): error TS2304: Cannot find name 'SFX'.
src/audio/SFX_Saurian_T4_02.ts(28,47): error TS2304: Cannot find name 'SFX'.
src/audio/SFX_Saurian_T4_02.ts(29,13): error TS2304: Cannot find name 'SFX'.
src/audio/SFX_Saurian_T4_02.ts(29,45): error TS2304: Cannot find name 'SFX'.
src/audio/SFX_Saurian_T4_02.ts(32,13): error TS2304: Cannot find name 'SFX'.
src/audio/SFX_Saurian_T4_02.ts(32,47): error TS2304: Cannot find name 'SFX'.
src/audio/SFX_Saurian_T4_02.ts(33,13): error TS2304: Cannot find name 'SFX'.
src/audio/SFX_Saurian_T4_02.ts(33,44): error TS2304: Cannot find name 'SFX'.
src/audio/SFX_Saurian_T4_02.ts(36,13): error TS2304: Cannot find name 'SFX'.
src/audio/SFX_Saurian_T4_02.ts(36,44): error TS2304: Cannot find name 'SFX'.
src/audio/SFX_Saurian_T4_02.ts(37,13): error TS2304: Cannot find name 'SFX'.
src/audio/SFX_Saurian_T4_02.ts(37,43): error TS2304: Cannot find name 'SFX'.
src/audio/SFX_Saurian_T4_02.ts(40,13): error TS2304: Cannot find name 'SFX'.
src/audio/SFX_Saurian_T4_02.ts(40,44): error TS2304: Cannot find name 'SFX'.
src/audio/SFX_Saurian_T4_02.ts(41,13): error TS2304: Cannot find name 'SFX'.
src/audio/SFX_Saurian_T4_02.ts(41,44): error TS2304: Cannot find name 'SFX'.
src/audio/SFX_Saurian_T4_02.ts(44,9): error TS2304: Cannot find name 'SFX'.
src/audio/SFX_Saurian_T4_02.ts(44,14): error TS2304: Cannot find name 'SFX'.
src/audio/SFX_UI.ts(9,25): error TS2304: Cannot find name 'SFX'.
src/audio/SFX_UI.ts(11,47): error TS2304: Cannot find name 'SFX'.
src/audio/SFX_UI.ts(12,61): error TS2304: Cannot find name 'SFX'.
src/audio/SFX_UI.ts(14,26): error TS2304: Cannot find name 'SFX'.
src/audio/SFX_UI.ts(15,38): error TS2304: Cannot find name 'SFX'.
src/audio/SFX_UI.ts(15,57): error TS2304: Cannot find name 'SFX'.
src/audio/SFX_UI.ts(16,58): error TS2304: Cannot find name 'SFX'.
src/audio/SFX_UI.ts(19,26): error TS2304: Cannot find name 'SFX'.
src/audio/SFX_UI.ts(21,22): error TS2304: Cannot find name 'SFX'.
src/audio/SFX_UI.ts(25,13): error TS2304: Cannot find name 'SFX'.
src/audio/SFX_UI.ts(27,29): error TS2304: Cannot find name 'SFX'.
src/audio/SFX_UI.ts(29,51): error TS2304: Cannot find name 'SFX'.
src/audio/SFX_UI.ts(30,65): error TS2304: Cannot find name 'SFX'.
src/audio/SFX_UI.ts(32,30): error TS2304: Cannot find name 'SFX'.
src/audio/SFX_UI.ts(33,45): error TS2304: Cannot find name 'SFX'.
src/audio/SFX_UI.ts(34,51): error TS2304: Cannot find name 'SFX'.
src/audio/SFX_UI.ts(34,70): error TS2304: Cannot find name 'SFX'.
src/audio/SFX_UI.ts(35,54): error TS2304: Cannot find name 'SFX'.
src/audio/SFX_UI.ts(37,32): error TS2304: Cannot find name 'SFX'.
src/audio/SFX_UI.ts(43,30): error TS2304: Cannot find name 'SFX'.
src/audio/SFX_UI.ts(45,26): error TS2304: Cannot find name 'SFX'.
src/audio/SFX_UI.ts(50,13): error TS2304: Cannot find name 'SFX'.
src/audio/SFX_UI.ts(51,30): error TS2304: Cannot find name 'SFX'.
src/audio/SFX_UI.ts(52,30): error TS2304: Cannot find name 'SFX'.
src/audio/SFX_UI.ts(60,25): error TS2304: Cannot find name 'SFX'.
src/audio/SFX_UI.ts(64,26): error TS2304: Cannot find name 'SFX'.
src/audio/SFX_UI.ts(65,38): error TS2304: Cannot find name 'SFX'.
src/audio/SFX_UI.ts(65,57): error TS2304: Cannot find name 'SFX'.
src/audio/SFX_UI.ts(66,50): error TS2304: Cannot find name 'SFX'.
src/audio/SFX_UI.ts(69,26): error TS2304: Cannot find name 'SFX'.
src/audio/SFX_UI.ts(71,22): error TS2304: Cannot find name 'SFX'.
src/audio/SFX_UI.ts(75,25): error TS2304: Cannot find name 'SFX'.
src/audio/SFX_UI.ts(77,46): error TS2304: Cannot find name 'SFX'.
src/audio/SFX_UI.ts(78,56): error TS2304: Cannot find name 'SFX'.
src/audio/SFX_UI.ts(80,26): error TS2304: Cannot find name 'SFX'.
src/audio/SFX_UI.ts(81,38): error TS2304: Cannot find name 'SFX'.
src/audio/SFX_UI.ts(81,57): error TS2304: Cannot find name 'SFX'.
src/audio/SFX_UI.ts(82,50): error TS2304: Cannot find name 'SFX'.
src/audio/SFX_UI.ts(84,28): error TS2304: Cannot find name 'SFX'.
src/audio/SFX_UI.ts(86,50): error TS2304: Cannot find name 'SFX'.
src/audio/SFX_UI.ts(87,60): error TS2304: Cannot find name 'SFX'.
src/audio/SFX_UI.ts(91,26): error TS2304: Cannot find name 'SFX'.
src/audio/SFX_UI.ts(93,22): error TS2304: Cannot find name 'SFX'.
src/audio/SFX_UI.ts(97,9): error TS2304: Cannot find name 'SFX'.
src/audio/SFX_UI.ts(98,9): error TS2304: Cannot find name 'SFX'.
src/core/Entity.ts(91,26): error TS2339: Property 'shadowScaleY' does not exist on type 'typeof EnvironmentRenderer'.
src/core/Entity.ts(92,25): error TS2339: Property 'shadowAlpha' does not exist on type 'typeof EnvironmentRenderer'.
src/core/Entity.ts(125,32): error TS2339: Property 'shadowSkew' does not exist on type 'typeof EnvironmentRenderer'.
src/core/Game.ts(117,47): error TS2339: Property 'islands' does not exist on type 'typeof IslandManagerService'.
src/core/Profiler.ts(116,48): error TS2339: Property 'getActiveCount' does not exist on type 'VFXSystem'.
src/core/Profiler.ts(117,47): error TS2339: Property 'getActiveCount' does not exist on type 'VFXSystem'.
src/core/Profiler.ts(121,40): error TS2339: Property 'hero' does not exist on type 'typeof Game'.
src/core/Profiler.ts(122,35): error TS2339: Property 'hero' does not exist on type 'typeof Game'.
src/core/Profiler.ts(123,46): error TS2339: Property 'getIslandAt' does not exist on type 'typeof IslandManagerService'.
src/core/Profiler.ts(128,23): error TS2339: Property 'hero' does not exist on type 'typeof Game'.
src/core/Profiler.ts(129,50): error TS2339: Property 'hero' does not exist on type 'typeof Game'.
src/core/Profiler.ts(130,50): error TS2339: Property 'hero' does not exist on type 'typeof Game'.
src/gameplay/Boss.ts(27,39): error TS2339: Property 'boss' does not exist on type '{ droppedItem: { defaults: { gridSize: number; width: number; height: number; pickupRadius: number; }; }; npc: { merchant: { defaults: { gridSize: number; width: number; height: number; interactRadius: number; color: string; }; }; }; }'.
src/gameplay/Boss.ts(29,28): error TS2339: Property 'boss' does not exist on type '{ droppedItem: { defaults: { gridSize: number; width: number; height: number; pickupRadius: number; }; }; npc: { merchant: { defaults: { gridSize: number; width: number; height: number; interactRadius: number; color: string; }; }; }; }'.
src/gameplay/Boss.ts(50,39): error TS2339: Property 'ENEMY' does not exist on type '{ HERO: string; DINOSAUR: string; ENEMY_DINOSAUR: string; ENEMY_SOLDIER: string; ENEMY_SAURIAN: string; RESOURCE: string; MERCHANT: string; DROPPED_ITEM: string; PROP: string; }'.
src/gameplay/Boss.ts(54,52): error TS2339: Property 'Biome' does not exist on type '{ types: { grasslands: { id: string; name: string; description: string; difficulty: number; levelRange: { min: number; max: number; }; visualTheme: { groundColor: string; ambientColor: string; fogDensity: number; }; enemySpawnTable: { ...; }[]; bossId: string; bossRespawnTime: number; }; tundra: { ...; }; desert: { ...'.
src/gameplay/CraftingManager.ts(208,40): error TS2339: Property 'updateResources' does not exist on type 'UIManagerService'.
src/gameplay/CraftingManager.ts(209,27): error TS2339: Property 'updateResources' does not exist on type 'UIManagerService'.
src/gameplay/CraftingManager.ts(222,44): error TS2339: Property 'getHomeIsland' does not exist on type 'typeof IslandManagerService'.
src/gameplay/CraftingManager.ts(224,50): error TS2339: Property 'getPlayableBounds' does not exist on type 'typeof IslandManagerService'.
src/gameplay/CraftingManager.ts(236,60): error TS2339: Property 'getHomeIsland' does not exist on type 'typeof IslandManagerService'.
src/gameplay/Dinosaur.ts(12,10): error TS2459: Module '"../entities/EntityLoader"' declares 'EntityRegistry' locally, but it is not exported.
src/gameplay/Dinosaur.ts(76,22): error TS2339: Property 'scale' does not exist on type '{ width: number; height: number; scale: any; } | { width: number; height: number; }'.
  Property 'scale' does not exist on type '{ width: number; height: number; }'.
src/gameplay/Dinosaur.ts(77,107): error TS2339: Property 'scale' does not exist on type '{ width: number; height: number; scale: any; } | { width: number; height: number; }'.
  Property 'scale' does not exist on type '{ width: number; height: number; }'.
src/gameplay/Dinosaur.ts(240,36): error TS2339: Property 'interactionRange' does not exist on type '{ droppedItem: { defaults: { gridSize: number; width: number; height: number; pickupRadius: number; }; }; npc: { merchant: { defaults: { gridSize: number; width: number; height: number; interactRadius: number; color: string; }; }; }; }'.
src/gameplay/DroppedItem.ts(78,41): error TS2339: Property 'resources' does not exist on type '{ droppedItem: { defaults: { gridSize: number; width: number; height: number; pickupRadius: number; }; }; npc: { merchant: { defaults: { gridSize: number; width: number; height: number; interactRadius: number; color: string; }; }; }; }'.
src/gameplay/EnemyCore.ts(110,39): error TS2339: Property 'defaults' does not exist on type '{ droppedItem: { defaults: { gridSize: number; width: number; height: number; pickupRadius: number; }; }; npc: { merchant: { defaults: { gridSize: number; width: number; height: number; interactRadius: number; color: string; }; }; }; }'.
src/gameplay/EnemyCore.ts(110,64): error TS2339: Property 'enemy' does not exist on type '{ droppedItem: { defaults: { gridSize: number; width: number; height: number; pickupRadius: number; }; }; npc: { merchant: { defaults: { gridSize: number; width: number; height: number; interactRadius: number; color: string; }; }; }; }'.
src/gameplay/EnemyCore.ts(117,30): error TS2339: Property 'get' does not exist on type '{ droppedItem: { defaults: { gridSize: number; width: number; height: number; pickupRadius: number; }; }; npc: { merchant: { defaults: { gridSize: number; width: number; height: number; interactRadius: number; color: string; }; }; }; }'.
src/gameplay/EnemyCore.ts(119,30): error TS2339: Property 'enemy' does not exist on type '{ droppedItem: { defaults: { gridSize: number; width: number; height: number; pickupRadius: number; }; }; npc: { merchant: { defaults: { gridSize: number; width: number; height: number; interactRadius: number; color: string; }; }; }; }'.
src/gameplay/EnemyCore.ts(120,30): error TS2339: Property 'enemy' does not exist on type '{ droppedItem: { defaults: { gridSize: number; width: number; height: number; pickupRadius: number; }; }; npc: { merchant: { defaults: { gridSize: number; width: number; height: number; interactRadius: number; color: string; }; }; }; }'.
src/gameplay/EnemyCore.ts(129,26): error TS2339: Property 'enemy' does not exist on type '{ droppedItem: { defaults: { gridSize: number; width: number; height: number; pickupRadius: number; }; }; npc: { merchant: { defaults: { gridSize: number; width: number; height: number; interactRadius: number; color: string; }; }; }; }'.
src/gameplay/EnemyCore.ts(130,25): error TS2339: Property 'Biome' does not exist on type '{ types: { grasslands: { id: string; name: string; description: string; difficulty: number; levelRange: { min: number; max: number; }; visualTheme: { groundColor: string; ambientColor: string; fogDensity: number; }; enemySpawnTable: { ...; }[]; bossId: string; bossRespawnTime: number; }; tundra: { ...; }; desert: { ...'.
src/gameplay/EnemyCore.ts(136,39): error TS2339: Property 'enemy' does not exist on type '{ droppedItem: { defaults: { gridSize: number; width: number; height: number; pickupRadius: number; }; }; npc: { merchant: { defaults: { gridSize: number; width: number; height: number; interactRadius: number; color: string; }; }; }; }'.
src/gameplay/EnemyCore.ts(184,22): error TS2339: Property 'scale' does not exist on type '{ width: number; height: number; scale: any; } | { width: number; height: number; }'.
  Property 'scale' does not exist on type '{ width: number; height: number; }'.
src/gameplay/EnemyCore.ts(184,40): error TS2339: Property 'scale' does not exist on type '{ width: number; height: number; scale: any; } | { width: number; height: number; }'.
  Property 'scale' does not exist on type '{ width: number; height: number; }'.
src/gameplay/EnemyCore.ts(185,126): error TS2339: Property 'scale' does not exist on type '{ width: number; height: number; scale: any; } | { width: number; height: number; }'.
  Property 'scale' does not exist on type '{ width: number; height: number; }'.
src/gameplay/EnemyCore.ts(220,25): error TS2339: Property 'Biome' does not exist on type '{ types: { grasslands: { id: string; name: string; description: string; difficulty: number; levelRange: { min: number; max: number; }; visualTheme: { groundColor: string; ambientColor: string; fogDensity: number; }; enemySpawnTable: { ...; }[]; bossId: string; bossRespawnTime: number; }; tundra: { ...; }; desert: { ...'.
src/gameplay/EnemyCore.ts(225,25): error TS2339: Property 'Biome' does not exist on type '{ types: { grasslands: { id: string; name: string; description: string; difficulty: number; levelRange: { min: number; max: number; }; visualTheme: { groundColor: string; ambientColor: string; fogDensity: number; }; enemySpawnTable: { ...; }[]; bossId: string; bossRespawnTime: number; }; tundra: { ...; }; desert: { ...'.
src/gameplay/EnemyCore.ts(230,25): error TS2339: Property 'Biome' does not exist on type '{ types: { grasslands: { id: string; name: string; description: string; difficulty: number; levelRange: { min: number; max: number; }; visualTheme: { groundColor: string; ambientColor: string; fogDensity: number; }; enemySpawnTable: { ...; }[]; bossId: string; bossRespawnTime: number; }; tundra: { ...; }; desert: { ...'.
src/gameplay/EnemyCore.ts(247,28): error TS2339: Property 'enemy' does not exist on type '{ droppedItem: { defaults: { gridSize: number; width: number; height: number; pickupRadius: number; }; }; npc: { merchant: { defaults: { gridSize: number; width: number; height: number; interactRadius: number; color: string; }; }; }; }'.
src/gameplay/Hero.ts(10,10): error TS2459: Module '"../entities/EntityLoader"' declares 'EntityRegistry' locally, but it is not exported.
src/gameplay/Merchant.ts(104,26): error TS2339: Property 'shadowScaleY' does not exist on type 'typeof EnvironmentRenderer'.
src/gameplay/Merchant.ts(105,25): error TS2339: Property 'shadowAlpha' does not exist on type 'typeof EnvironmentRenderer'.
src/gameplay/Merchant.ts(134,32): error TS2339: Property 'shadowSkew' does not exist on type 'typeof EnvironmentRenderer'.
src/gameplay/Merchant.ts(184,45): error TS2554: Expected 2 arguments, but got 1.
src/gameplay/Merchant.ts(203,53): error TS2554: Expected 2 arguments, but got 1.
src/gameplay/Resource.ts(53,26): error TS2339: Property 'nodes' does not exist on type '{ droppedItem: { defaults: { gridSize: number; width: number; height: number; pickupRadius: number; }; }; npc: { merchant: { defaults: { gridSize: number; width: number; height: number; interactRadius: number; color: string; }; }; }; }'.
src/gameplay/Resource.ts(54,26): error TS2339: Property 'resources' does not exist on type '{ droppedItem: { defaults: { gridSize: number; width: number; height: number; pickupRadius: number; }; }; npc: { merchant: { defaults: { gridSize: number; width: number; height: number; interactRadius: number; color: string; }; }; }; }'.
src/gameplay/Resource.ts(101,42): error TS2339: Property 'getIslandAt' does not exist on type 'typeof IslandManagerService'.
src/gameplay/Resource.ts(183,49): error TS2339: Property 'resources' does not exist on type '{ droppedItem: { defaults: { gridSize: number; width: number; height: number; pickupRadius: number; }; }; npc: { merchant: { defaults: { gridSize: number; width: number; height: number; interactRadius: number; color: string; }; }; }; }'.
src/gameplay/Resource.ts(227,41): error TS2339: Property 'resources' does not exist on type '{ droppedItem: { defaults: { gridSize: number; width: number; height: number; pickupRadius: number; }; }; npc: { merchant: { defaults: { gridSize: number; width: number; height: number; interactRadius: number; color: string; }; }; }; }'.
src/input/adapters/GamepadAdapter.ts(60,17): error TS2339: Property 'registerAdapter' does not exist on type 'typeof InputSystem'.
src/input/adapters/KeyboardAdapter.ts(60,17): error TS2339: Property 'registerAdapter' does not exist on type 'typeof InputSystem'.
src/rendering/DinosaurRenderer.ts(55,26): error TS2339: Property 'shadowScaleY' does not exist on type 'typeof EnvironmentRenderer'.
src/rendering/DinosaurRenderer.ts(56,25): error TS2339: Property 'shadowAlpha' does not exist on type 'typeof EnvironmentRenderer'.
src/rendering/DinosaurRenderer.ts(83,32): error TS2339: Property 'shadowSkew' does not exist on type 'typeof EnvironmentRenderer'.
src/rendering/HeroRenderer.ts(15,10): error TS2459: Module '"../entities/EntityLoader"' declares 'EntityRegistry' locally, but it is not exported.
src/rendering/HeroRenderer.ts(118,20): error TS2339: Property 'HEALTH_GREEN' does not exist on type '{}'.
src/rendering/HeroRenderer.ts(119,20): error TS2339: Property 'HEALTH_BG' does not exist on type '{}'.
src/rendering/HeroRenderer.ts(173,26): error TS2339: Property 'shadowScaleY' does not exist on type 'typeof EnvironmentRenderer'.
src/rendering/HeroRenderer.ts(174,25): error TS2339: Property 'shadowAlpha' does not exist on type 'typeof EnvironmentRenderer'.
src/rendering/HeroRenderer.ts(202,32): error TS2339: Property 'shadowSkew' does not exist on type 'typeof EnvironmentRenderer'.
src/rendering/ResourceRenderer.ts(15,10): error TS2459: Module '"../entities/EntityLoader"' declares 'EntityRegistry' locally, but it is not exported.
src/rendering/ResourceRenderer.ts(53,26): error TS2339: Property 'shadowScaleY' does not exist on type 'typeof EnvironmentRenderer'.
src/rendering/ResourceRenderer.ts(54,25): error TS2339: Property 'shadowAlpha' does not exist on type 'typeof EnvironmentRenderer'.
src/rendering/ResourceRenderer.ts(81,32): error TS2339: Property 'shadowSkew' does not exist on type 'typeof EnvironmentRenderer'.
src/rendering/ResourceRenderer.ts(157,50): error TS2554: Expected 2 arguments, but got 1.
src/rendering/ResourceRenderer.ts(224,48): error TS2554: Expected 2 arguments, but got 1.
src/rendering/ShadowRenderer.ts(42,47): error TS2339: Property 'shadowAlpha' does not exist on type 'typeof EnvironmentRenderer'.
src/rendering/ShadowRenderer.ts(84,44): error TS2339: Property 'shadowAlpha' does not exist on type 'typeof EnvironmentRenderer'.
src/rendering/WorldRenderer.ts(92,38): error TS2339: Property '_renderTiming' does not exist on type '{ canvas: any; ctx: any; hero: any; debugMode: boolean; gridMode: boolean; readonly worldWidth: number; readonly worldHeight: number; viewport: { x: number; y: number; width: number; height: number; }; ... 20 more ...; drawHomeOutpost(): void; }'.
src/systems/BossSystem.ts(74,42): error TS2339: Property 'boss' does not exist on type '{ droppedItem: { defaults: { gridSize: number; width: number; height: number; pickupRadius: number; }; }; npc: { merchant: { defaults: { gridSize: number; width: number; height: number; interactRadius: number; color: string; }; }; }; }'.
src/systems/CombatController.ts(134,40): error TS2339: Property 'tryAttack' does not exist on type 'typeof HeroSystem'.
src/systems/EconomySystem.ts(130,47): error TS2339: Property 'unlockIsland' does not exist on type 'typeof IslandManagerService'.
src/systems/EnemySystem.ts(128,51): error TS2551: Property 'PACK_ALERT_RADIUS' does not exist on type '{ PATROL_AREA_RADIUS: number; LEASH_DISTANCE: number; AGGRO_RANGE: number; BOSS_RESPAWN_DEFAULT: number; GROUP_SPACING: number; PACK_AGGRO_RADIUS: number; ELITE_SPAWN_CHANCE: number; TRANSITION_BLEND_WIDTH: number; ROAD_SPEED_MULTIPLIER: number; }'. Did you mean 'PACK_AGGRO_RADIUS'?
src/systems/HeroCombatService.ts(64,32): error TS2339: Property 'hasIntent' does not exist on type 'typeof InputSystem'.
src/systems/HeroCombatService.ts(65,25): error TS2339: Property 'hasIntent' does not exist on type 'typeof InputSystem'.
src/systems/HeroSystem.ts(148,32): error TS2339: Property 'getHeroSpawnPosition' does not exist on type 'typeof IslandManagerService'.
src/systems/InteractionSystem.ts(80,48): error TS2339: Property 'getUnlockTrigger' does not exist on type 'typeof IslandManagerService'.
src/systems/Mining.ts(16,29): error TS2304: Cannot find name 'TileMap'.
src/systems/Mining.ts(58,27): error TS2304: Cannot find name 'RocksData'.
src/systems/Mining.ts(84,25): error TS2304: Cannot find name 'RocksData'.
src/systems/PathfindingSystem.ts(253,20): error TS2339: Property 'isWalkable' does not exist on type 'typeof IslandManagerService'.
src/systems/PathfindingSystem.ts(253,61): error TS2339: Property 'isBlocked' does not exist on type 'typeof IslandManagerService'.
src/systems/ResourceSystem.ts(12,10): error TS2459: Module '"../entities/EntityLoader"' declares 'EntityRegistry' locally, but it is not exported.
src/systems/spawners/DropSpawner.ts(79,44): error TS2339: Property 'clampToPlayableArea' does not exist on type 'typeof IslandManagerService'.
src/systems/spawners/DropSpawner.ts(80,43): error TS2339: Property 'clampToPlayableArea' does not exist on type 'typeof IslandManagerService'.
src/systems/spawners/EnemySpawner.ts(187,37): error TS2339: Property 'Biome' does not exist on type '{ types: { grasslands: { id: string; name: string; description: string; difficulty: number; levelRange: { min: number; max: number; }; visualTheme: { groundColor: string; ambientColor: string; fogDensity: number; }; enemySpawnTable: { ...; }[]; bossId: string; bossRespawnTime: number; }; tundra: { ...; }; desert: { ...'.
src/systems/spawners/EnemySpawner.ts(292,54): error TS2339: Property 'Biome' does not exist on type '{ types: { grasslands: { id: string; name: string; description: string; difficulty: number; levelRange: { min: number; max: number; }; visualTheme: { groundColor: string; ambientColor: string; fogDensity: number; }; enemySpawnTable: { ...; }[]; bossId: string; bossRespawnTime: number; }; tundra: { ...; }; desert: { ...'.
src/systems/spawners/ResourceSpawner.ts(218,36): error TS2339: Property 'getHomeIsland' does not exist on type 'typeof IslandManagerService'.
src/systems/spawners/ResourceSpawner.ts(221,38): error TS2339: Property 'getPlayableBounds' does not exist on type 'typeof IslandManagerService'.
src/systems/spawners/ResourceSpawner.ts(224,42): error TS2339: Property 'resource' does not exist on type '{ droppedItem: { defaults: { gridSize: number; width: number; height: number; pickupRadius: number; }; }; npc: { merchant: { defaults: { gridSize: number; width: number; height: number; interactRadius: number; color: string; }; }; }; }'.
src/systems/SpawnManager.ts(223,38): error TS2339: Property 'getIslandByGrid' does not exist on type 'typeof IslandManagerService'.
src/systems/SpawnManager.ts(243,38): error TS2339: Property 'getIslandByGrid' does not exist on type 'typeof IslandManagerService'.
src/ui/DebugUI.ts(49,52): error TS2339: Property 'islands' does not exist on type 'typeof IslandManagerService'.
src/ui/DebugUI.ts(62,48): error TS2339: Property 'merchants' does not exist on type 'typeof IslandManagerService'.
src/ui/DebugUI.ts(99,28): error TS2339: Property 'totalTime' does not exist on type 'typeof TimeSystem'.
src/ui/DebugUI.ts(100,28): error TS2339: Property 'handleNewDay' does not exist on type 'typeof TimeSystem'.
src/ui/DebugUI.ts(111,63): error TS2339: Property 'currentWeather' does not exist on type 'typeof WeatherSystem'.
src/ui/DebugUI.ts(239,32): error TS2339: Property 'setTimeOverride' does not exist on type 'typeof TimeSystem'.
src/ui/DebugUI.ts(255,32): error TS2339: Property 'setSeasonOverride' does not exist on type 'typeof TimeSystem'.
src/ui/DebugUI.ts(271,35): error TS2339: Property 'setWeatherOverride' does not exist on type 'typeof WeatherSystem'.
src/ui/EquipmentUI.ts(22,10): error TS2459: Module '"../entities/EntityLoader"' declares 'EntityRegistry' locally, but it is not exported.
src/ui/EquipmentUI.ts(66,31): error TS2339: Property 'ALL_SLOTS' does not exist on type '{}'.
src/ui/EquipmentUI.ts(67,35): error TS2339: Property 'TOOL_SLOTS' does not exist on type '{}'.
src/ui/EquipmentUIRenderer.ts(10,10): error TS2459: Module '"../entities/EntityLoader"' declares 'EntityRegistry' locally, but it is not exported.
src/ui/EquipmentUIRenderer.ts(291,40): error TS2339: Property 'loadIcons' does not exist on type '{ cache: Map<any, any>; basePath: string; staticAssets: { ui_res_gem: string; ui_res_gold: string; ui_res_token: string; ui_icon_forge: string; ui_icon_inventory: string; ui_icon_lock: string; ... 24 more ...; building_industrial_01: string; }; ... 10 more ...; getVFXPreset(id: any): any; }'.
src/ui/EquipmentUIRenderer.ts(292,25): error TS2339: Property 'loadIcons' does not exist on type '{ cache: Map<any, any>; basePath: string; staticAssets: { ui_res_gem: string; ui_res_gold: string; ui_res_token: string; ui_icon_forge: string; ui_icon_inventory: string; ui_icon_lock: string; ... 24 more ...; building_industrial_01: string; }; ... 10 more ...; getVFXPreset(id: any): any; }'.
src/ui/InventoryUI.ts(13,10): error TS2459: Module '"../entities/EntityLoader"' declares 'EntityRegistry' locally, but it is not exported.
src/ui/responsive/LayoutStrategies.ts(47,47): error TS2339: Property 'setGridSize' does not exist on type 'InventoryPanel'.
src/ui/responsive/LayoutStrategies.ts(48,25): error TS2339: Property 'setGridSize' does not exist on type 'InventoryPanel'.
src/ui/responsive/LayoutStrategies.ts(70,47): error TS2339: Property 'setGridSize' does not exist on type 'InventoryPanel'.
src/ui/responsive/LayoutStrategies.ts(71,25): error TS2339: Property 'setGridSize' does not exist on type 'InventoryPanel'.
src/ui/responsive/LayoutStrategies.ts(72,25): error TS2551: Property 'render' does not exist on type 'InventoryPanel'. Did you mean '_render'?
src/ui/UIManager.ts(248,43): error TS2339: Property 'triggerUIProgressSparks' does not exist on type 'VFXSystem'.
src/ui/UIManager.ts(249,31): error TS2339: Property 'triggerUIProgressSparks' does not exist on type 'VFXSystem'.
src/vfx/VFXController.ts(215,46): error TS2339: Property 'scale' does not exist on type '{ x: number; y: number; width: number; height: number; }'.
src/world/HomeBase.ts(36,37): error TS2339: Property '_renderTiming' does not exist on type '{ canvas: any; ctx: any; hero: any; debugMode: boolean; gridMode: boolean; readonly worldWidth: number; readonly worldHeight: number; viewport: { x: number; y: number; width: number; height: number; }; ... 20 more ...; drawHomeOutpost(): void; }'.
src/world/HomeBase.ts(68,36): error TS2339: Property 'getHomeIsland' does not exist on type 'typeof IslandManagerService'.
src/world/HomeBase.ts(76,44): error TS2339: Property 'getPlayableBounds' does not exist on type 'typeof IslandManagerService'.
src/world/HomeBase.ts(162,40): error TS2339: Property 'getHomeIsland' does not exist on type 'typeof IslandManagerService'.
src/world/HomeBase.ts(165,52): error TS2339: Property 'getPlayableBounds' does not exist on type 'typeof IslandManagerService'.
src/world/HomeBase.ts(209,48): error TS2554: Expected 2 arguments, but got 1.
src/world/HomeBase.ts(225,46): error TS2554: Expected 2 arguments, but got 1.
src/world/HomeBase.ts(314,36): error TS2339: Property 'getHomeIsland' does not exist on type 'typeof IslandManagerService'.
