src/ai/AISystem.ts(97,47): error TS2554: Expected 2 arguments, but got 3.
src/ai/AISystem.ts(116,46): error TS2551: Property 'ENTITY_DAMAGED' does not exist on type '{ INPUT_MOVE: string; INPUT_INTENT: string; INPUT_ACTION: string; HERO_MOVE: string; HERO_ATTACK: string; HERO_HEALTH_CHANGE: string; HERO_STAMINA_CHANGE: string; HERO_HOME_STATE_CHANGE: string; ... 33 more ...; LOOT_DROPPED: string; }'. Did you mean 'ENEMY_DAMAGED'?
src/ai/AISystem.ts(117,46): error TS2339: Property 'ENTITY_DIED' does not exist on type '{ INPUT_MOVE: string; INPUT_INTENT: string; INPUT_ACTION: string; HERO_MOVE: string; HERO_ATTACK: string; HERO_HEALTH_CHANGE: string; HERO_STAMINA_CHANGE: string; HERO_HOME_STATE_CHANGE: string; ... 33 more ...; LOOT_DROPPED: string; }'.
src/ai/AISystem.ts(144,48): error TS2551: Property 'ENEMY_KILLED' does not exist on type '{ INPUT_MOVE: string; INPUT_INTENT: string; INPUT_ACTION: string; HERO_MOVE: string; HERO_ATTACK: string; HERO_HEALTH_CHANGE: string; HERO_STAMINA_CHANGE: string; HERO_HOME_STATE_CHANGE: string; ... 33 more ...; LOOT_DROPPED: string; }'. Did you mean 'ENEMY_DIED'?
src/ai/behaviors/enemies/EnemyAI.ts(56,69): error TS2339: Property 'hero' does not exist on type 'typeof Game'.
src/ai/behaviors/enemies/EnemyAI.ts(196,42): error TS2339: Property 'groupId' does not exist on type 'IEntity'.
src/ai/behaviors/enemies/EnemyAI.ts(197,23): error TS2339: Property 'isDead' does not exist on type 'IEntity'.
src/ai/behaviors/enemies/EnemyAI.ts(197,40): error TS2339: Property 'packAggro' does not exist on type 'IEntity'.
src/ai/behaviors/enemies/EnemyAI.ts(201,23): error TS2339: Property 'target' does not exist on type 'IEntity'.
src/ai/behaviors/enemies/EnemyAI.ts(202,23): error TS2339: Property 'state' does not exist on type 'IEntity'.
src/audio/AudioManager.ts(65,64): error TS2339: Property 'weatherType' does not exist on type 'typeof EnvironmentRenderer'.
src/audio/AudioManager.ts(66,66): error TS2339: Property 'weatherType' does not exist on type 'typeof EnvironmentRenderer'.
src/audio/AudioManager.ts(68,60): error TS2339: Property 'currentWeather' does not exist on type 'typeof WeatherSystem'.
src/components/AIComponent.ts(16,14): error TS2339: Property 'type' does not exist on type 'AIComponent'.
src/components/AIComponent.ts(19,14): error TS2339: Property 'state' does not exist on type 'AIComponent'.
src/components/AIComponent.ts(20,14): error TS2339: Property 'previousState' does not exist on type 'AIComponent'.
src/components/AIComponent.ts(23,14): error TS2339: Property 'wanderDirection' does not exist on type 'AIComponent'.
src/components/AIComponent.ts(24,14): error TS2339: Property 'wanderTimer' does not exist on type 'AIComponent'.
src/components/AIComponent.ts(25,14): error TS2339: Property 'wanderIntervalMin' does not exist on type 'AIComponent'.
src/components/AIComponent.ts(26,14): error TS2339: Property 'wanderIntervalMax' does not exist on type 'AIComponent'.
src/components/AIComponent.ts(29,14): error TS2339: Property 'target' does not exist on type 'AIComponent'.
src/components/AIComponent.ts(30,14): error TS2339: Property 'combatCooldown' does not exist on type 'AIComponent'.
src/components/AIComponent.ts(33,14): error TS2339: Property 'aggroRange' does not exist on type 'AIComponent'.
src/components/AIComponent.ts(34,14): error TS2339: Property 'leashDistance' does not exist on type 'AIComponent'.
src/components/AIComponent.ts(35,14): error TS2551: Property 'attackRange' does not exist on type 'AIComponent'. Did you mean 'inAttackRange'?
src/components/AIComponent.ts(38,14): error TS2339: Property 'attackCooldown' does not exist on type 'AIComponent'.
src/components/AIComponent.ts(39,14): error TS2339: Property 'attackWindup' does not exist on type 'AIComponent'.
src/components/AIComponent.ts(40,14): error TS2339: Property 'isAttacking' does not exist on type 'AIComponent'.
src/components/AIComponent.ts(46,18): error TS2339: Property 'state' does not exist on type 'AIComponent'.
src/components/AIComponent.ts(47,14): error TS2339: Property 'previousState' does not exist on type 'AIComponent'.
src/components/AIComponent.ts(47,35): error TS2339: Property 'state' does not exist on type 'AIComponent'.
src/components/AIComponent.ts(48,14): error TS2339: Property 'state' does not exist on type 'AIComponent'.
src/components/AIComponent.ts(53,14): error TS2339: Property 'wanderDirection' does not exist on type 'AIComponent'.
src/components/AIComponent.ts(57,14): error TS2339: Property 'wanderTimer' does not exist on type 'AIComponent'.
src/components/AIComponent.ts(58,18): error TS2339: Property 'wanderIntervalMin' does not exist on type 'AIComponent'.
src/components/AIComponent.ts(59,35): error TS2339: Property 'wanderIntervalMax' does not exist on type 'AIComponent'.
src/components/AIComponent.ts(59,60): error TS2339: Property 'wanderIntervalMin' does not exist on type 'AIComponent'.
src/components/AIComponent.ts(67,29): error TS2339: Property 'aggroRange' does not exist on type 'AIComponent'.
src/components/AIComponent.ts(71,26): error TS2339: Property 'spawnX' does not exist on type 'IEntity'.
src/components/AIComponent.ts(72,48): error TS2339: Property 'spawnX' does not exist on type 'IEntity'.
src/components/AIComponent.ts(73,48): error TS2339: Property 'spawnY' does not exist on type 'IEntity'.
src/components/AIComponent.ts(75,28): error TS2339: Property 'leashDistance' does not exist on type 'AIComponent'.
src/components/AIComponent.ts(83,29): error TS2551: Property 'attackRange' does not exist on type 'AIComponent'. Did you mean 'inAttackRange'?
src/components/CombatComponent.ts(39,49): error TS2339: Property 'stamina' does not exist on type 'IEntity'.
src/components/CombatComponent.ts(40,29): error TS2339: Property 'stamina' does not exist on type 'IEntity'.
src/components/CombatComponent.ts(41,25): error TS2339: Property 'stamina' does not exist on type 'IEntity'.
src/components/CombatComponent.ts(44,42): error TS2339: Property 'stamina' does not exist on type 'IEntity'.
src/components/CombatComponent.ts(45,38): error TS2339: Property 'maxStamina' does not exist on type 'IEntity'.
src/components/InventoryComponent.ts(12,14): error TS2339: Property 'items' does not exist on type 'InventoryComponent'.
src/components/InventoryComponent.ts(13,14): error TS2339: Property 'capacity' does not exist on type 'InventoryComponent'.
src/components/InventoryComponent.ts(23,19): error TS2339: Property 'items' does not exist on type 'InventoryComponent'.
src/components/InventoryComponent.ts(23,39): error TS2339: Property 'items' does not exist on type 'InventoryComponent'.
src/components/InventoryComponent.ts(24,14): error TS2339: Property 'items' does not exist on type 'InventoryComponent'.
src/components/InventoryComponent.ts(28,76): error TS2339: Property 'items' does not exist on type 'InventoryComponent'.
src/components/InventoryComponent.ts(34,19): error TS2339: Property 'items' does not exist on type 'InventoryComponent'.
src/components/InventoryComponent.ts(34,41): error TS2339: Property 'items' does not exist on type 'InventoryComponent'.
src/components/InventoryComponent.ts(35,14): error TS2339: Property 'items' does not exist on type 'InventoryComponent'.
src/components/InventoryComponent.ts(38,72): error TS2339: Property 'items' does not exist on type 'InventoryComponent'.
src/components/InventoryComponent.ts(44,22): error TS2339: Property 'items' does not exist on type 'InventoryComponent'.
src/components/StatsComponent.ts(20,14): error TS2339: Property 'type' does not exist on type 'StatsComponent'.
src/components/StatsComponent.ts(22,14): error TS2339: Property 'speed' does not exist on type 'StatsComponent'.
src/components/StatsComponent.ts(23,14): error TS2339: Property 'maxStamina' does not exist on type 'StatsComponent'.
src/components/StatsComponent.ts(24,14): error TS2339: Property 'stamina' does not exist on type 'StatsComponent'.
src/components/StatsComponent.ts(24,77): error TS2339: Property 'maxStamina' does not exist on type 'StatsComponent'.
src/components/StatsComponent.ts(25,14): error TS2551: Property 'critChance' does not exist on type 'StatsComponent'. Did you mean 'getCritChance'?
src/components/StatsComponent.ts(26,14): error TS2339: Property 'defense' does not exist on type 'StatsComponent'.
src/components/StatsComponent.ts(27,14): error TS2339: Property 'attack' does not exist on type 'StatsComponent'.
src/components/StatsComponent.ts(28,14): error TS2339: Property 'critMultiplier' does not exist on type 'StatsComponent'.
src/components/StatsComponent.ts(29,14): error TS2339: Property 'level' does not exist on type 'StatsComponent'.
src/components/StatsComponent.ts(30,14): error TS2339: Property 'xp' does not exist on type 'StatsComponent'.
src/components/StatsComponent.ts(31,14): error TS2339: Property 'xpToNextLevel' does not exist on type 'StatsComponent'.
src/components/StatsComponent.ts(32,14): error TS2339: Property 'xpScaling' does not exist on type 'StatsComponent'.
src/components/StatsComponent.ts(38,18): error TS2339: Property 'stamina' does not exist on type 'StatsComponent'.
src/components/StatsComponent.ts(39,18): error TS2339: Property 'stamina' does not exist on type 'StatsComponent'.
src/components/StatsComponent.ts(42,35): error TS2339: Property 'stamina' does not exist on type 'StatsComponent'.
src/components/StatsComponent.ts(43,31): error TS2339: Property 'maxStamina' does not exist on type 'StatsComponent'.
src/components/StatsComponent.ts(52,14): error TS2339: Property 'stamina' does not exist on type 'StatsComponent'.
src/components/StatsComponent.ts(52,38): error TS2339: Property 'stamina' does not exist on type 'StatsComponent'.
src/components/StatsComponent.ts(52,61): error TS2339: Property 'maxStamina' does not exist on type 'StatsComponent'.
src/components/StatsComponent.ts(55,31): error TS2339: Property 'stamina' does not exist on type 'StatsComponent'.
src/components/StatsComponent.ts(56,27): error TS2339: Property 'maxStamina' does not exist on type 'StatsComponent'.
src/components/StatsComponent.ts(62,21): error TS2339: Property 'speed' does not exist on type 'StatsComponent'.
src/components/StatsComponent.ts(66,32): error TS2339: Property 'xpToNextLevel' does not exist on type 'StatsComponent'.
src/components/StatsComponent.ts(66,62): error TS2339: Property 'xpScaling' does not exist on type 'StatsComponent'.
src/components/StatsComponent.ts(78,27): error TS2339: Property 'attack' does not exist on type 'StatsComponent'.
src/components/StatsComponent.ts(78,42): error TS2339: Property 'level' does not exist on type 'StatsComponent'.
src/components/StatsComponent.ts(79,40): error TS2339: Property 'equipment' does not exist on type 'IEntity'.
src/components/StatsComponent.ts(84,27): error TS2339: Property 'defense' does not exist on type 'StatsComponent'.
src/components/StatsComponent.ts(84,43): error TS2339: Property 'level' does not exist on type 'StatsComponent'.
src/components/StatsComponent.ts(85,40): error TS2339: Property 'equipment' does not exist on type 'IEntity'.
src/components/StatsComponent.ts(90,27): error TS2551: Property 'critChance' does not exist on type 'StatsComponent'. Did you mean 'getCritChance'?
src/components/StatsComponent.ts(91,40): error TS2339: Property 'equipment' does not exist on type 'IEntity'.
src/components/StatsComponent.ts(97,40): error TS2339: Property 'equipment' does not exist on type 'IEntity'.
src/components/StatsComponent.ts(103,34): error TS2339: Property 'equipment' does not exist on type 'IEntity'.
src/components/StatsComponent.ts(109,34): error TS2339: Property 'components' does not exist on type 'IEntity'.
src/components/StatsComponent.ts(110,40): error TS2339: Property 'equipment' does not exist on type 'IEntity'.
src/components/StatsComponent.ts(120,50): error TS2339: Property 'level' does not exist on type 'StatsComponent'.
src/components/StatsComponent.ts(121,21): error TS2339: Property 'xp' does not exist on type 'StatsComponent'.
src/core/AssetLoader.ts(436,31): error TS2339: Property 'presets' does not exist on type 'VFXSystem'.
src/core/Entity.ts(98,26): error TS2339: Property 'shadowScaleY' does not exist on type 'typeof EnvironmentRenderer'.
src/core/Entity.ts(99,25): error TS2339: Property 'shadowAlpha' does not exist on type 'typeof EnvironmentRenderer'.
src/core/Entity.ts(132,32): error TS2339: Property 'shadowSkew' does not exist on type 'typeof EnvironmentRenderer'.
src/core/Profiler.ts(122,48): error TS2339: Property 'getActiveCount' does not exist on type 'VFXSystem'.
src/core/Profiler.ts(123,47): error TS2339: Property 'getActiveCount' does not exist on type 'VFXSystem'.
src/core/Profiler.ts(127,40): error TS2339: Property 'hero' does not exist on type 'typeof Game'.
src/core/Profiler.ts(128,35): error TS2339: Property 'hero' does not exist on type 'typeof Game'.
src/core/Profiler.ts(134,23): error TS2339: Property 'hero' does not exist on type 'typeof Game'.
src/core/Profiler.ts(135,50): error TS2339: Property 'hero' does not exist on type 'typeof Game'.
src/core/Profiler.ts(136,50): error TS2339: Property 'hero' does not exist on type 'typeof Game'.
src/gameplay/Boss.ts(27,39): error TS2339: Property 'boss' does not exist on type '{ droppedItem: { defaults: { gridSize: number; width: number; height: number; pickupRadius: number; }; }; npc: { merchant: { defaults: { gridSize: number; width: number; height: number; interactRadius: number; color: string; }; }; }; }'.
src/gameplay/Boss.ts(29,28): error TS2339: Property 'boss' does not exist on type '{ droppedItem: { defaults: { gridSize: number; width: number; height: number; pickupRadius: number; }; }; npc: { merchant: { defaults: { gridSize: number; width: number; height: number; interactRadius: number; color: string; }; }; }; }'.
src/gameplay/Boss.ts(43,14): error TS2339: Property 'isBoss' does not exist on type 'Boss'.
src/gameplay/Boss.ts(44,14): error TS2339: Property 'bossType' does not exist on type 'Boss'.
src/gameplay/Boss.ts(45,14): error TS2339: Property 'bossName' does not exist on type 'Boss'.
src/gameplay/Boss.ts(46,14): error TS2339: Property 'abilities' does not exist on type 'Boss'.
src/gameplay/Boss.ts(50,39): error TS2339: Property 'ENEMY' does not exist on type '{ HERO: string; DINOSAUR: string; ENEMY_DINOSAUR: string; ENEMY_SOLDIER: string; ENEMY_SAURIAN: string; RESOURCE: string; MERCHANT: string; DROPPED_ITEM: string; PROP: string; }'.
src/gameplay/Boss.ts(54,52): error TS2339: Property 'Biome' does not exist on type '{ types: { grasslands: { id: string; name: string; description: string; difficulty: number; levelRange: { min: number; max: number; }; visualTheme: { groundColor: string; ambientColor: string; fogDensity: number; }; enemySpawnTable: { ...; }[]; bossId: string; bossRespawnTime: number; }; tundra: { ...; }; desert: { ...'.
src/gameplay/Boss.ts(57,14): error TS2339: Property 'glowColor' does not exist on type 'Boss'.
src/gameplay/Boss.ts(58,14): error TS2339: Property 'scale' does not exist on type 'Boss'.
src/gameplay/Boss.ts(63,44): error TS2339: Property 'bossName' does not exist on type 'Boss'.
src/gameplay/Boss.ts(86,30): error TS2339: Property 'glowColor' does not exist on type 'Boss'.
src/gameplay/Boss.ts(91,27): error TS2339: Property 'bossName' does not exist on type 'Boss'.
src/gameplay/Boss.ts(100,15): error TS2339: Property 'die' does not exist on type 'Enemy'.
src/gameplay/Boss.ts(107,32): error TS2339: Property 'bossType' does not exist on type 'Boss'.
src/gameplay/Boss.ts(113,36): error TS2339: Property 'bossName' does not exist on type 'Boss'.
src/gameplay/Boss.ts(126,32): error TS2339: Property 'bossType' does not exist on type 'Boss'.
src/gameplay/Boss.ts(130,36): error TS2339: Property 'bossName' does not exist on type 'Boss'.
src/gameplay/CraftingManager.ts(210,40): error TS2339: Property 'updateResources' does not exist on type 'UIManagerService'.
src/gameplay/CraftingManager.ts(211,27): error TS2339: Property 'updateResources' does not exist on type 'UIManagerService'.
src/gameplay/Dinosaur.ts(81,22): error TS2339: Property 'scale' does not exist on type '{ width: number; height: number; scale: any; } | { width: number; height: number; }'.
  Property 'scale' does not exist on type '{ width: number; height: number; }'.
src/gameplay/Dinosaur.ts(82,107): error TS2339: Property 'scale' does not exist on type '{ width: number; height: number; scale: any; } | { width: number; height: number; }'.
  Property 'scale' does not exist on type '{ width: number; height: number; }'.
src/gameplay/Dinosaur.ts(243,36): error TS2339: Property 'interactionRange' does not exist on type '{ droppedItem: { defaults: { gridSize: number; width: number; height: number; pickupRadius: number; }; }; npc: { merchant: { defaults: { gridSize: number; width: number; height: number; interactRadius: number; color: string; }; }; }; }'.
src/gameplay/DroppedItem.ts(80,41): error TS2339: Property 'resources' does not exist on type '{ droppedItem: { defaults: { gridSize: number; width: number; height: number; pickupRadius: number; }; }; npc: { merchant: { defaults: { gridSize: number; width: number; height: number; interactRadius: number; color: string; }; }; }; }'.
src/gameplay/EnemyBehavior.ts(30,17): error TS2339: Property 'moveAlongPath' does not exist on type 'Enemy'.
src/gameplay/EnemyBehavior.ts(98,17): error TS2339: Property 'moveDirectly' does not exist on type 'Enemy'.
src/gameplay/EnemyBehavior.ts(123,17): error TS2339: Property 'updateWander' does not exist on type 'Enemy'.
src/gameplay/EnemyBehavior.ts(124,65): error TS2339: Property 'hero' does not exist on type 'typeof Game'.
src/gameplay/EnemyBehavior.ts(167,17): error TS2339: Property 'updateChase' does not exist on type 'Enemy'.
src/gameplay/EnemyBehavior.ts(195,17): error TS2339: Property 'updateAttack' does not exist on type 'Enemy'.
src/gameplay/EnemyBehavior.ts(217,17): error TS2339: Property 'performAttack' does not exist on type 'Enemy'.
src/gameplay/EnemyBehavior.ts(242,17): error TS2339: Property 'updateReturning' does not exist on type 'Enemy'.
src/gameplay/EnemyBehavior.ts(263,17): error TS2339: Property 'takeDamage' does not exist on type 'Enemy'.
src/gameplay/EnemyBehavior.ts(283,69): error TS2339: Property 'BLOOD_SPLATTER' does not exist on type '{}'.
src/gameplay/EnemyBehavior.ts(285,69): error TS2339: Property 'BLOOD_MIST' does not exist on type '{}'.
src/gameplay/EnemyBehavior.ts(287,69): error TS2339: Property 'BLOOD_DROPS' does not exist on type '{}'.
src/gameplay/EnemyBehavior.ts(290,73): error TS2339: Property 'MEAT_CHUNKS' does not exist on type '{}'.
src/gameplay/EnemyBehavior.ts(314,17): error TS2339: Property 'triggerPackAggro' does not exist on type 'Enemy'.
src/gameplay/EnemyBehavior.ts(327,37): error TS2339: Property 'groupId' does not exist on type 'IEntity'.
src/gameplay/EnemyBehavior.ts(328,19): error TS2339: Property 'isDead' does not exist on type 'IEntity'.
src/gameplay/EnemyBehavior.ts(328,36): error TS2339: Property 'packAggro' does not exist on type 'IEntity'.
src/gameplay/EnemyBehavior.ts(332,19): error TS2339: Property 'target' does not exist on type 'IEntity'.
src/gameplay/EnemyBehavior.ts(333,19): error TS2339: Property 'state' does not exist on type 'IEntity'.
src/gameplay/EnemyBehavior.ts(345,17): error TS2339: Property 'die' does not exist on type 'Enemy'.
src/gameplay/EnemyCore.ts(111,39): error TS2339: Property 'defaults' does not exist on type '{ droppedItem: { defaults: { gridSize: number; width: number; height: number; pickupRadius: number; }; }; npc: { merchant: { defaults: { gridSize: number; width: number; height: number; interactRadius: number; color: string; }; }; }; }'.
src/gameplay/EnemyCore.ts(111,64): error TS2339: Property 'enemy' does not exist on type '{ droppedItem: { defaults: { gridSize: number; width: number; height: number; pickupRadius: number; }; }; npc: { merchant: { defaults: { gridSize: number; width: number; height: number; interactRadius: number; color: string; }; }; }; }'.
src/gameplay/EnemyCore.ts(118,30): error TS2339: Property 'get' does not exist on type '{ droppedItem: { defaults: { gridSize: number; width: number; height: number; pickupRadius: number; }; }; npc: { merchant: { defaults: { gridSize: number; width: number; height: number; interactRadius: number; color: string; }; }; }; }'.
src/gameplay/EnemyCore.ts(120,30): error TS2339: Property 'enemy' does not exist on type '{ droppedItem: { defaults: { gridSize: number; width: number; height: number; pickupRadius: number; }; }; npc: { merchant: { defaults: { gridSize: number; width: number; height: number; interactRadius: number; color: string; }; }; }; }'.
src/gameplay/EnemyCore.ts(121,30): error TS2339: Property 'enemy' does not exist on type '{ droppedItem: { defaults: { gridSize: number; width: number; height: number; pickupRadius: number; }; }; npc: { merchant: { defaults: { gridSize: number; width: number; height: number; interactRadius: number; color: string; }; }; }; }'.
src/gameplay/EnemyCore.ts(130,26): error TS2339: Property 'enemy' does not exist on type '{ droppedItem: { defaults: { gridSize: number; width: number; height: number; pickupRadius: number; }; }; npc: { merchant: { defaults: { gridSize: number; width: number; height: number; interactRadius: number; color: string; }; }; }; }'.
src/gameplay/EnemyCore.ts(131,25): error TS2339: Property 'Biome' does not exist on type '{ types: { grasslands: { id: string; name: string; description: string; difficulty: number; levelRange: { min: number; max: number; }; visualTheme: { groundColor: string; ambientColor: string; fogDensity: number; }; enemySpawnTable: { ...; }[]; bossId: string; bossRespawnTime: number; }; tundra: { ...; }; desert: { ...'.
src/gameplay/EnemyCore.ts(137,39): error TS2339: Property 'enemy' does not exist on type '{ droppedItem: { defaults: { gridSize: number; width: number; height: number; pickupRadius: number; }; }; npc: { merchant: { defaults: { gridSize: number; width: number; height: number; interactRadius: number; color: string; }; }; }; }'.
src/gameplay/EnemyCore.ts(185,22): error TS2339: Property 'scale' does not exist on type '{ width: number; height: number; scale: any; } | { width: number; height: number; }'.
  Property 'scale' does not exist on type '{ width: number; height: number; }'.
src/gameplay/EnemyCore.ts(185,40): error TS2339: Property 'scale' does not exist on type '{ width: number; height: number; scale: any; } | { width: number; height: number; }'.
  Property 'scale' does not exist on type '{ width: number; height: number; }'.
src/gameplay/EnemyCore.ts(186,126): error TS2339: Property 'scale' does not exist on type '{ width: number; height: number; scale: any; } | { width: number; height: number; }'.
  Property 'scale' does not exist on type '{ width: number; height: number; }'.
src/gameplay/EnemyCore.ts(221,25): error TS2339: Property 'Biome' does not exist on type '{ types: { grasslands: { id: string; name: string; description: string; difficulty: number; levelRange: { min: number; max: number; }; visualTheme: { groundColor: string; ambientColor: string; fogDensity: number; }; enemySpawnTable: { ...; }[]; bossId: string; bossRespawnTime: number; }; tundra: { ...; }; desert: { ...'.
src/gameplay/EnemyCore.ts(226,25): error TS2339: Property 'Biome' does not exist on type '{ types: { grasslands: { id: string; name: string; description: string; difficulty: number; levelRange: { min: number; max: number; }; visualTheme: { groundColor: string; ambientColor: string; fogDensity: number; }; enemySpawnTable: { ...; }[]; bossId: string; bossRespawnTime: number; }; tundra: { ...; }; desert: { ...'.
src/gameplay/EnemyCore.ts(231,25): error TS2339: Property 'Biome' does not exist on type '{ types: { grasslands: { id: string; name: string; description: string; difficulty: number; levelRange: { min: number; max: number; }; visualTheme: { groundColor: string; ambientColor: string; fogDensity: number; }; enemySpawnTable: { ...; }[]; bossId: string; bossRespawnTime: number; }; tundra: { ...; }; desert: { ...'.
src/gameplay/EnemyCore.ts(248,28): error TS2339: Property 'enemy' does not exist on type '{ droppedItem: { defaults: { gridSize: number; width: number; height: number; pickupRadius: number; }; }; npc: { merchant: { defaults: { gridSize: number; width: number; height: number; interactRadius: number; color: string; }; }; }; }'.
src/gameplay/EnemyRender.ts(117,17): error TS2339: Property 'renderHealthBar' does not exist on type 'Enemy'.
src/gameplay/EnemyRender.ts(146,17): error TS2339: Property 'renderThreatIndicator' does not exist on type 'Enemy'.
src/gameplay/Merchant.ts(106,26): error TS2339: Property 'shadowScaleY' does not exist on type 'typeof EnvironmentRenderer'.
src/gameplay/Merchant.ts(107,25): error TS2339: Property 'shadowAlpha' does not exist on type 'typeof EnvironmentRenderer'.
src/gameplay/Merchant.ts(136,32): error TS2339: Property 'shadowSkew' does not exist on type 'typeof EnvironmentRenderer'.
src/gameplay/Resource.ts(54,26): error TS2339: Property 'nodes' does not exist on type '{ droppedItem: { defaults: { gridSize: number; width: number; height: number; pickupRadius: number; }; }; npc: { merchant: { defaults: { gridSize: number; width: number; height: number; interactRadius: number; color: string; }; }; }; }'.
src/gameplay/Resource.ts(55,26): error TS2339: Property 'resources' does not exist on type '{ droppedItem: { defaults: { gridSize: number; width: number; height: number; pickupRadius: number; }; }; npc: { merchant: { defaults: { gridSize: number; width: number; height: number; interactRadius: number; color: string; }; }; }; }'.
src/gameplay/Resource.ts(184,49): error TS2339: Property 'resources' does not exist on type '{ droppedItem: { defaults: { gridSize: number; width: number; height: number; pickupRadius: number; }; }; npc: { merchant: { defaults: { gridSize: number; width: number; height: number; interactRadius: number; color: string; }; }; }; }'.
src/gameplay/Resource.ts(228,41): error TS2339: Property 'resources' does not exist on type '{ droppedItem: { defaults: { gridSize: number; width: number; height: number; pickupRadius: number; }; }; npc: { merchant: { defaults: { gridSize: number; width: number; height: number; interactRadius: number; color: string; }; }; }; }'.
src/input/adapters/GamepadAdapter.ts(60,17): error TS2339: Property 'registerAdapter' does not exist on type 'typeof InputSystem'.
src/rendering/DinosaurRenderer.ts(55,26): error TS2339: Property 'shadowScaleY' does not exist on type 'typeof EnvironmentRenderer'.
src/rendering/DinosaurRenderer.ts(56,25): error TS2339: Property 'shadowAlpha' does not exist on type 'typeof EnvironmentRenderer'.
src/rendering/DinosaurRenderer.ts(83,32): error TS2339: Property 'shadowSkew' does not exist on type 'typeof EnvironmentRenderer'.
src/rendering/HeroRenderer.ts(118,20): error TS2339: Property 'HEALTH_GREEN' does not exist on type '{}'.
src/rendering/HeroRenderer.ts(119,20): error TS2339: Property 'HEALTH_BG' does not exist on type '{}'.
src/rendering/HeroRenderer.ts(173,26): error TS2339: Property 'shadowScaleY' does not exist on type 'typeof EnvironmentRenderer'.
src/rendering/HeroRenderer.ts(174,25): error TS2339: Property 'shadowAlpha' does not exist on type 'typeof EnvironmentRenderer'.
src/rendering/HeroRenderer.ts(202,32): error TS2339: Property 'shadowSkew' does not exist on type 'typeof EnvironmentRenderer'.
src/rendering/HeroRenderer.ts(494,24): error TS2339: Property 'entityType' does not exist on type 'IEntity'.
src/rendering/HeroRenderer.ts(495,24): error TS2339: Property 'entityType' does not exist on type 'IEntity'.
src/rendering/ResourceRenderer.ts(53,26): error TS2339: Property 'shadowScaleY' does not exist on type 'typeof EnvironmentRenderer'.
src/rendering/ResourceRenderer.ts(54,25): error TS2339: Property 'shadowAlpha' does not exist on type 'typeof EnvironmentRenderer'.
src/rendering/ResourceRenderer.ts(81,32): error TS2339: Property 'shadowSkew' does not exist on type 'typeof EnvironmentRenderer'.
src/rendering/ShadowRenderer.ts(42,47): error TS2339: Property 'shadowAlpha' does not exist on type 'typeof EnvironmentRenderer'.
src/rendering/ShadowRenderer.ts(84,44): error TS2339: Property 'shadowAlpha' does not exist on type 'typeof EnvironmentRenderer'.
src/rendering/WorldRenderer.ts(91,38): error TS2339: Property '_renderTiming' does not exist on type '{ canvas: any; ctx: any; hero: any; debugMode: boolean; gridMode: boolean; readonly worldWidth: number; readonly worldHeight: number; viewport: { x: number; y: number; width: number; height: number; }; ... 20 more ...; drawHomeOutpost(): void; }'.
src/systems/BossSystem.ts(74,42): error TS2339: Property 'boss' does not exist on type '{ droppedItem: { defaults: { gridSize: number; width: number; height: number; pickupRadius: number; }; }; npc: { merchant: { defaults: { gridSize: number; width: number; height: number; interactRadius: number; color: string; }; }; }; }'.
src/systems/BossSystem.ts(109,50): error TS2339: Property 'bossName' does not exist on type 'Boss'.
src/systems/CombatController.ts(61,22): error TS2339: Property 'isBeingAttacked' does not exist on type 'IEntity'.
src/systems/CombatController.ts(75,45): error TS2339: Property 'state' does not exist on type 'IEntity'.
src/systems/CombatController.ts(76,39): error TS2339: Property 'distanceTo' does not exist on type 'IEntity'.
src/systems/CombatController.ts(92,35): error TS2339: Property 'distanceTo' does not exist on type 'IEntity'.
src/systems/CombatController.ts(94,26): error TS2339: Property 'state' does not exist on type 'IEntity'.
src/systems/CombatController.ts(109,40): error TS2339: Property 'isDead' does not exist on type 'IEntity'.
src/systems/CombatController.ts(110,36): error TS2339: Property 'distanceTo' does not exist on type 'IEntity'.
src/systems/CombatController.ts(111,29): error TS2339: Property 'distanceTo' does not exist on type 'IEntity'.
src/systems/DamageSystem.ts(115,33): error TS2339: Property 'HIT' does not exist on type '{}'.
src/systems/DinosaurSystem.ts(53,77): error TS2339: Property 'BLOOD_SPLATTER' does not exist on type '{}'.
src/systems/DinosaurSystem.ts(55,77): error TS2339: Property 'BLOOD_MIST' does not exist on type '{}'.
src/systems/DinosaurSystem.ts(57,77): error TS2339: Property 'BLOOD_DROPS' does not exist on type '{}'.
src/systems/DinosaurSystem.ts(60,81): error TS2339: Property 'MEAT_CHUNKS' does not exist on type '{}'.
src/systems/DinosaurSystem.ts(97,71): error TS2339: Property 'DINO_DEATH_FX' does not exist on type '{}'.
src/systems/DinosaurSystem.ts(98,86): error TS2339: Property 'DINO_DEATH_FX' does not exist on type '{}'.
src/systems/DinosaurSystem.ts(138,81): error TS2339: Property 'RESPAWN' does not exist on type '{}'.
src/systems/EnemySystem.ts(49,39): error TS2339: Property 'state' does not exist on type 'IEntity'.
src/systems/EnemySystem.ts(90,38): error TS2339: Property 'ENEMY_AGGRO' does not exist on type '{ INPUT_MOVE: string; INPUT_INTENT: string; INPUT_ACTION: string; HERO_MOVE: string; HERO_ATTACK: string; HERO_HEALTH_CHANGE: string; HERO_STAMINA_CHANGE: string; HERO_HOME_STATE_CHANGE: string; ... 33 more ...; LOOT_DROPPED: string; }'.
src/systems/EnemySystem.ts(131,51): error TS2551: Property 'PACK_ALERT_RADIUS' does not exist on type '{ PATROL_AREA_RADIUS: number; LEASH_DISTANCE: number; AGGRO_RANGE: number; BOSS_RESPAWN_DEFAULT: number; GROUP_SPACING: number; PACK_AGGRO_RADIUS: number; ELITE_SPAWN_CHANCE: number; TRANSITION_BLEND_WIDTH: number; ROAD_SPEED_MULTIPLIER: number; }'. Did you mean 'PACK_AGGRO_RADIUS'?
src/systems/EnemySystem.ts(135,23): error TS2339: Property 'groupId' does not exist on type 'IEntity'.
src/systems/EnemySystem.ts(136,24): error TS2339: Property 'packAggro' does not exist on type 'IEntity'.
src/systems/EnemySystem.ts(137,23): error TS2339: Property 'components' does not exist on type 'IEntity'.
src/systems/EnemySystem.ts(145,23): error TS2339: Property 'components' does not exist on type 'IEntity'.
src/systems/EnemySystem.ts(146,23): error TS2339: Property 'components' does not exist on type 'IEntity'.
src/systems/EnemySystem.ts(159,38): error TS2339: Property 'ENEMY_LEASH' does not exist on type '{ INPUT_MOVE: string; INPUT_INTENT: string; INPUT_ACTION: string; HERO_MOVE: string; HERO_ATTACK: string; HERO_HEALTH_CHANGE: string; HERO_STAMINA_CHANGE: string; HERO_HOME_STATE_CHANGE: string; ... 33 more ...; LOOT_DROPPED: string; }'.
src/systems/EnemySystem.ts(255,77): error TS2339: Property 'BLOOD_SPLATTER' does not exist on type '{}'.
src/systems/EnemySystem.ts(257,77): error TS2339: Property 'BLOOD_MIST' does not exist on type '{}'.
src/systems/EnemySystem.ts(259,77): error TS2339: Property 'BLOOD_DROPS' does not exist on type '{}'.
src/systems/EnemySystem.ts(262,81): error TS2339: Property 'MEAT_CHUNKS' does not exist on type '{}'.
src/systems/EnemySystem.ts(284,34): error TS2551: Property 'ENEMY_KILLED' does not exist on type '{ INPUT_MOVE: string; INPUT_INTENT: string; INPUT_ACTION: string; HERO_MOVE: string; HERO_ATTACK: string; HERO_HEALTH_CHANGE: string; HERO_STAMINA_CHANGE: string; HERO_HOME_STATE_CHANGE: string; ... 33 more ...; LOOT_DROPPED: string; }'. Did you mean 'ENEMY_DIED'?
src/systems/HeroCombatService.ts(64,32): error TS2339: Property 'hasIntent' does not exist on type 'typeof InputSystem'.
src/systems/HeroCombatService.ts(65,25): error TS2339: Property 'hasIntent' does not exist on type 'typeof InputSystem'.
src/systems/HeroCombatService.ts(89,52): error TS2339: Property 'isDead' does not exist on type 'IEntity'.
src/systems/HeroCombatService.ts(107,52): error TS2339: Property 'state' does not exist on type 'IEntity'.
src/systems/HeroCombatService.ts(124,52): error TS2339: Property 'state' does not exist on type 'IEntity'.
src/systems/HeroCombatService.ts(319,36): error TS2339: Property 'MUZZLE_FLASH' does not exist on type '{}'.
src/systems/HeroCombatService.ts(326,33): error TS2339: Property 'MUZZLE_FLASH_FX' does not exist on type '{}'.
src/systems/HeroCombatService.ts(327,49): error TS2339: Property 'MUZZLE_FLASH_FX' does not exist on type '{}'.
src/systems/HeroSystem.ts(136,38): error TS2339: Property 'HERO_DEATH_FX' does not exist on type '{}'.
src/systems/HeroSystem.ts(261,48): error TS2339: Property 'DUST' does not exist on type '{}'.
src/systems/InteractionSystem.ts(49,22): error TS2339: Property 'shouldAutoMagnetize' does not exist on type 'IEntity'.
src/systems/InteractionSystem.ts(50,22): error TS2339: Property 'magnetize' does not exist on type 'IEntity'.
src/systems/InteractionSystem.ts(54,22): error TS2339: Property 'canBePickedUpBy' does not exist on type 'IEntity'.
src/systems/InteractionSystem.ts(145,38): error TS2339: Property 'isMagnetized' does not exist on type 'IEntity'.
src/systems/InteractionSystem.ts(146,22): error TS2339: Property 'magnetize' does not exist on type 'IEntity'.
src/systems/Mining.ts(16,29): error TS2304: Cannot find name 'TileMap'.
src/systems/Mining.ts(58,27): error TS2304: Cannot find name 'RocksData'.
src/systems/Mining.ts(84,25): error TS2304: Cannot find name 'RocksData'.
src/systems/ResourceSystem.ts(57,63): error TS2339: Property 'RESOURCE_RESPAWN_FX' does not exist on type '{}'.
src/systems/ResourceSystem.ts(64,54): error TS2339: Property 'RESOURCE_RESPAWN_FX' does not exist on type '{}'.
src/systems/spawners/EnemySpawner.ts(184,37): error TS2339: Property 'Biome' does not exist on type '{ types: { grasslands: { id: string; name: string; description: string; difficulty: number; levelRange: { min: number; max: number; }; visualTheme: { groundColor: string; ambientColor: string; fogDensity: number; }; enemySpawnTable: { ...; }[]; bossId: string; bossRespawnTime: number; }; tundra: { ...; }; desert: { ...'.
src/systems/spawners/EnemySpawner.ts(289,54): error TS2339: Property 'Biome' does not exist on type '{ types: { grasslands: { id: string; name: string; description: string; difficulty: number; levelRange: { min: number; max: number; }; visualTheme: { groundColor: string; ambientColor: string; fogDensity: number; }; enemySpawnTable: { ...; }[]; bossId: string; bossRespawnTime: number; }; tundra: { ...; }; desert: { ...'.
src/systems/spawners/EnemySpawner.ts(307,40): error TS2339: Property 'biomeId' does not exist on type 'IEntity'.
src/systems/spawners/EnemySpawner.ts(307,66): error TS2339: Property 'isDead' does not exist on type 'IEntity'.
src/systems/spawners/ResourceSpawner.ts(226,42): error TS2339: Property 'resource' does not exist on type '{ droppedItem: { defaults: { gridSize: number; width: number; height: number; pickupRadius: number; }; }; npc: { merchant: { defaults: { gridSize: number; width: number; height: number; interactRadius: number; color: string; }; }; }; }'.
src/systems/SpawnManager.ts(284,21): error TS2339: Property 'islandGridX' does not exist on type 'IEntity'.
src/systems/SpawnManager.ts(284,50): error TS2339: Property 'islandGridY' does not exist on type 'IEntity'.
src/systems/SpawnManager.ts(285,32): error TS2339: Property 'recalculateRespawnTimer' does not exist on type 'IEntity'.
src/systems/SpawnManager.ts(286,25): error TS2339: Property 'recalculateRespawnTimer' does not exist on type 'IEntity'.
src/systems/SpawnManager.ts(293,22): error TS2339: Property 'islandGridX' does not exist on type 'IEntity'.
src/systems/SpawnManager.ts(293,52): error TS2339: Property 'islandGridY' does not exist on type 'IEntity'.
src/systems/SpawnManager.ts(294,33): error TS2339: Property 'recalculateRespawnTimer' does not exist on type 'IEntity'.
src/systems/SpawnManager.ts(295,26): error TS2339: Property 'recalculateRespawnTimer' does not exist on type 'IEntity'.
src/systems/VFXTriggerService.ts(26,67): error TS2339: Property 'COIN_FOUNTAIN' does not exist on type '{}'.
src/systems/VFXTriggerService.ts(28,67): error TS2339: Property 'SPARKLE_BURST' does not exist on type '{}'.
src/systems/VFXTriggerService.ts(30,67): error TS2339: Property 'SUCCESS_AURA' does not exist on type '{}'.
src/systems/VFXTriggerService.ts(50,65): error TS2339: Property 'CORE_FLASH' does not exist on type '{}'.
src/systems/VFXTriggerService.ts(52,65): error TS2339: Property 'SHOCKWAVE_PRIMARY' does not exist on type '{}'.
src/systems/VFXTriggerService.ts(54,65): error TS2339: Property 'SHOCKWAVE_SECONDARY' does not exist on type '{}'.
src/systems/VFXTriggerService.ts(56,65): error TS2339: Property 'DIVINE_GLINT' does not exist on type '{}'.
src/systems/VFXTriggerService.ts(59,30): error TS2339: Property 'DEBRIS_COLORS' does not exist on type '{}'.
src/systems/VFXTriggerService.ts(60,74): error TS2339: Property 'DEBRIS_BASE' does not exist on type '{}'.
src/systems/VFXTriggerService.ts(85,65): error TS2339: Property 'ELECTRIC_ARCS' does not exist on type '{}'.
src/systems/VFXTriggerService.ts(87,65): error TS2339: Property 'STATIC_FLASH' does not exist on type '{}'.
src/systems/VFXTriggerService.ts(93,69): error TS2339: Property 'FIELD_PULSE' does not exist on type '{}'.
src/systems/VFXTriggerService.ts(95,69): error TS2339: Property 'METAL_DEBRIS' does not exist on type '{}'.
src/systems/VFXTriggerService.ts(97,69): error TS2339: Property 'IMPACT_SPARKS' does not exist on type '{}'.
src/systems/VFXTriggerService.ts(101,69): error TS2339: Property 'DUST_CLOUD' does not exist on type '{}'.
src/ui/DebugUI.ts(64,48): error TS2339: Property 'merchants' does not exist on type 'IslandManagerService'.
src/ui/EquipmentUI.ts(66,31): error TS2339: Property 'ALL_SLOTS' does not exist on type '{}'.
src/ui/EquipmentUI.ts(67,35): error TS2339: Property 'TOOL_SLOTS' does not exist on type '{}'.
src/ui/EquipmentUI.ts(655,18): error TS2339: Property 'selectedSkin' does not exist on type 'Hero'.
src/ui/EquipmentUI.ts(716,19): error TS2339: Property 'selectedSkin' does not exist on type 'Hero'.
src/ui/EquipmentUI.ts(717,25): error TS2339: Property 'selectedSkin' does not exist on type 'Hero'.
src/ui/EquipmentUIRenderer.ts(293,40): error TS2339: Property 'loadIcons' does not exist on type '{ cache: Map<any, any>; basePath: string; WHITE_THRESHOLD: number; _removeWhiteBackground(img: HTMLImageElement): HTMLCanvasElement; ... 11 more ...; getVFXPreset(id: any): any; }'.
src/ui/EquipmentUIRenderer.ts(294,25): error TS2339: Property 'loadIcons' does not exist on type '{ cache: Map<any, any>; basePath: string; WHITE_THRESHOLD: number; _removeWhiteBackground(img: HTMLImageElement): HTMLCanvasElement; ... 11 more ...; getVFXPreset(id: any): any; }'.
src/ui/MinimapSystem.ts(346,44): error TS2339: Property 'isDead' does not exist on type 'IEntity'.
src/ui/MinimapSystem.ts(357,42): error TS2339: Property 'isDead' does not exist on type 'IEntity'.
src/ui/responsive/LayoutStrategies.ts(49,47): error TS2339: Property 'setGridSize' does not exist on type 'InventoryPanel'.
src/ui/responsive/LayoutStrategies.ts(50,25): error TS2339: Property 'setGridSize' does not exist on type 'InventoryPanel'.
src/ui/responsive/LayoutStrategies.ts(72,47): error TS2339: Property 'setGridSize' does not exist on type 'InventoryPanel'.
src/ui/responsive/LayoutStrategies.ts(73,25): error TS2339: Property 'setGridSize' does not exist on type 'InventoryPanel'.
src/ui/responsive/LayoutStrategies.ts(74,25): error TS2551: Property 'render' does not exist on type 'InventoryPanel'. Did you mean '_render'?
src/ui/UIManager.ts(248,43): error TS2339: Property 'triggerUIProgressSparks' does not exist on type 'VFXSystem'.
src/ui/UIManager.ts(249,31): error TS2339: Property 'triggerUIProgressSparks' does not exist on type 'VFXSystem'.
src/world/HomeBase.ts(36,37): error TS2339: Property '_renderTiming' does not exist on type '{ canvas: any; ctx: any; hero: any; debugMode: boolean; gridMode: boolean; readonly worldWidth: number; readonly worldHeight: number; viewport: { x: number; y: number; width: number; height: number; }; ... 20 more ...; drawHomeOutpost(): void; }'.
src/world/HomeBase.ts(47,19): error TS2339: Property 'resourceType' does not exist on type 'IEntity'.
src/world/HomeBase.ts(48,19): error TS2339: Property 'islandGridX' does not exist on type 'IEntity'.
src/world/HomeBase.ts(49,19): error TS2339: Property 'islandGridY' does not exist on type 'IEntity'.
tools/dashboard/src/api.ts(235,22): error TS2352: Conversion of type 'AssetItem' to type 'Record<string, unknown>' may be a mistake because neither type sufficiently overlaps with the other. If this was intentional, convert the expression to 'unknown' first.
  Index signature for type 'string' is missing in type 'AssetItem'.
tools/dashboard/src/api.ts(349,22): error TS2352: Conversion of type 'AssetItem' to type 'Record<string, unknown>' may be a mistake because neither type sufficiently overlaps with the other. If this was intentional, convert the expression to 'unknown' first.
  Index signature for type 'string' is missing in type 'AssetItem'.
